<?xml version="1.0"?>
<link_info>
   <banner>TMS320C6x Linker PC v7.4.16</banner>
   <copyright>Copyright (c) 1996-2015 Texas Instruments Incorporated</copyright>
   <link_time>0x57a48f56</link_time>
   <output_file>fPGA_daul_ccd_8M_binsong.out</output_file>
   <entry_point>
      <name>_c_int00</name>
      <address>0x8000d120</address>
   </entry_point>
   <input_file_list>
      <input_file id="fl-2">
         <path>.\drivers\</path>
         <kind>object</kind>
         <file>cpsw.obj</file>
         <name>cpsw.obj</name>
      </input_file>
      <input_file id="fl-3">
         <path>.\drivers\</path>
         <kind>object</kind>
         <file>dcan.obj</file>
         <name>dcan.obj</name>
      </input_file>
      <input_file id="fl-4">
         <path>.\drivers\</path>
         <kind>object</kind>
         <file>dmtimer.obj</file>
         <name>dmtimer.obj</name>
      </input_file>
      <input_file id="fl-5">
         <path>.\drivers\</path>
         <kind>object</kind>
         <file>ecap.obj</file>
         <name>ecap.obj</name>
      </input_file>
      <input_file id="fl-6">
         <path>.\drivers\</path>
         <kind>object</kind>
         <file>edma.obj</file>
         <name>edma.obj</name>
      </input_file>
      <input_file id="fl-7">
         <path>.\drivers\</path>
         <kind>object</kind>
         <file>ehrpwm.obj</file>
         <name>ehrpwm.obj</name>
      </input_file>
      <input_file id="fl-8">
         <path>.\drivers\</path>
         <kind>object</kind>
         <file>elm.obj</file>
         <name>elm.obj</name>
      </input_file>
      <input_file id="fl-9">
         <path>.\drivers\</path>
         <kind>object</kind>
         <file>emac.obj</file>
         <name>emac.obj</name>
      </input_file>
      <input_file id="fl-a">
         <path>.\drivers\</path>
         <kind>object</kind>
         <file>emifa.obj</file>
         <name>emifa.obj</name>
      </input_file>
      <input_file id="fl-b">
         <path>.\drivers\</path>
         <kind>object</kind>
         <file>evmomapl138_nand.obj</file>
         <name>evmomapl138_nand.obj</name>
      </input_file>
      <input_file id="fl-c">
         <path>.\drivers\</path>
         <kind>object</kind>
         <file>evmomapl138_timer.obj</file>
         <name>evmomapl138_timer.obj</name>
      </input_file>
      <input_file id="fl-d">
         <path>.\drivers\</path>
         <kind>object</kind>
         <file>evmomapl138_uart.obj</file>
         <name>evmomapl138_uart.obj</name>
      </input_file>
      <input_file id="fl-e">
         <path>.\drivers\</path>
         <kind>object</kind>
         <file>gpio_v2.obj</file>
         <name>gpio_v2.obj</name>
      </input_file>
      <input_file id="fl-f">
         <path>.\drivers\</path>
         <kind>object</kind>
         <file>gpmc.obj</file>
         <name>gpmc.obj</name>
      </input_file>
      <input_file id="fl-10">
         <path>.\drivers\</path>
         <kind>object</kind>
         <file>hsi2c.obj</file>
         <name>hsi2c.obj</name>
      </input_file>
      <input_file id="fl-11">
         <path>.\drivers\</path>
         <kind>object</kind>
         <file>lan8710a.obj</file>
         <name>lan8710a.obj</name>
      </input_file>
      <input_file id="fl-12">
         <path>.\drivers\</path>
         <kind>object</kind>
         <file>lidd.obj</file>
         <name>lidd.obj</name>
      </input_file>
      <input_file id="fl-13">
         <path>.\drivers\</path>
         <kind>object</kind>
         <file>mcasp.obj</file>
         <name>mcasp.obj</name>
      </input_file>
      <input_file id="fl-14">
         <path>.\drivers\</path>
         <kind>object</kind>
         <file>mcspi.obj</file>
         <name>mcspi.obj</name>
      </input_file>
      <input_file id="fl-15">
         <path>.\drivers\</path>
         <kind>object</kind>
         <file>mdio.obj</file>
         <name>mdio.obj</name>
      </input_file>
      <input_file id="fl-16">
         <path>.\drivers\</path>
         <kind>object</kind>
         <file>phy.obj</file>
         <name>phy.obj</name>
      </input_file>
      <input_file id="fl-17">
         <path>.\drivers\</path>
         <kind>object</kind>
         <file>psc.obj</file>
         <name>psc.obj</name>
      </input_file>
      <input_file id="fl-18">
         <path>.\drivers\</path>
         <kind>object</kind>
         <file>raster.obj</file>
         <name>raster.obj</name>
      </input_file>
      <input_file id="fl-19">
         <path>.\drivers\</path>
         <kind>object</kind>
         <file>rtc.obj</file>
         <name>rtc.obj</name>
      </input_file>
      <input_file id="fl-1a">
         <path>.\drivers\</path>
         <kind>object</kind>
         <file>spi.obj</file>
         <name>spi.obj</name>
      </input_file>
      <input_file id="fl-1b">
         <path>.\drivers\</path>
         <kind>object</kind>
         <file>timer.obj</file>
         <name>timer.obj</name>
      </input_file>
      <input_file id="fl-1c">
         <path>.\drivers\</path>
         <kind>object</kind>
         <file>tsc_adc.obj</file>
         <name>tsc_adc.obj</name>
      </input_file>
      <input_file id="fl-1d">
         <path>.\drivers\</path>
         <kind>object</kind>
         <file>uart.obj</file>
         <name>uart.obj</name>
      </input_file>
      <input_file id="fl-1e">
         <path>.\drivers\</path>
         <kind>object</kind>
         <file>vpif.obj</file>
         <name>vpif.obj</name>
      </input_file>
      <input_file id="fl-1f">
         <path>.\drivers\</path>
         <kind>object</kind>
         <file>watchdog.obj</file>
         <name>watchdog.obj</name>
      </input_file>
      <input_file id="fl-20">
         <path>.\inc\</path>
         <kind>object</kind>
         <file>evmomapl138.obj</file>
         <name>evmomapl138.obj</name>
      </input_file>
      <input_file id="fl-21">
         <path>.\inc\</path>
         <kind>object</kind>
         <file>evmomapl138_uPP.obj</file>
         <name>evmomapl138_uPP.obj</name>
      </input_file>
      <input_file id="fl-22">
         <path>.\src\</path>
         <kind>object</kind>
         <file>Io_fpga.obj</file>
         <name>Io_fpga.obj</name>
      </input_file>
      <input_file id="fl-23">
         <path>.\src\</path>
         <kind>object</kind>
         <file>Nand_Flash.obj</file>
         <name>Nand_Flash.obj</name>
      </input_file>
      <input_file id="fl-24">
         <path>.\src\</path>
         <kind>object</kind>
         <file>ad9822.obj</file>
         <name>ad9822.obj</name>
      </input_file>
      <input_file id="fl-25">
         <path>.\src\</path>
         <kind>object</kind>
         <file>dataprocess.obj</file>
         <name>dataprocess.obj</name>
      </input_file>
      <input_file id="fl-26">
         <path>.\src\</path>
         <kind>object</kind>
         <file>dsp_Uart.obj</file>
         <name>dsp_Uart.obj</name>
      </input_file>
      <input_file id="fl-27">
         <path>.\src\</path>
         <kind>object</kind>
         <file>fpga_config.obj</file>
         <name>fpga_config.obj</name>
      </input_file>
      <input_file id="fl-28">
         <path>.\src\</path>
         <kind>object</kind>
         <file>fpga_upp.obj</file>
         <name>fpga_upp.obj</name>
      </input_file>
      <input_file id="fl-29">
         <path>.\src\</path>
         <kind>object</kind>
         <file>main.obj</file>
         <name>main.obj</name>
      </input_file>
      <input_file id="fl-2a">
         <path>.\system_config\c674x\</path>
         <kind>object</kind>
         <file>cache.obj</file>
         <name>cache.obj</name>
      </input_file>
      <input_file id="fl-2b">
         <path>.\system_config\c674x\</path>
         <kind>object</kind>
         <file>interrupt.obj</file>
         <name>interrupt.obj</name>
      </input_file>
      <input_file id="fl-2c">
         <path>.\system_config\c674x\</path>
         <kind>object</kind>
         <file>intvecs.obj</file>
         <name>intvecs.obj</name>
      </input_file>
      <input_file id="fl-a7">
         <path>C:\ti\ccsv6\tools\compiler\c6000_7.4.16\lib\</path>
         <kind>archive</kind>
         <file>rts6740_elf.lib</file>
         <name>boot.obj</name>
      </input_file>
      <input_file id="fl-a8">
         <path>C:\ti\ccsv6\tools\compiler\c6000_7.4.16\lib\</path>
         <kind>archive</kind>
         <file>rts6740_elf.lib</file>
         <name>copy_decompress_none.obj</name>
      </input_file>
      <input_file id="fl-a9">
         <path>C:\ti\ccsv6\tools\compiler\c6000_7.4.16\lib\</path>
         <kind>archive</kind>
         <file>rts6740_elf.lib</file>
         <name>copy_decompress_rle.obj</name>
      </input_file>
      <input_file id="fl-aa">
         <path>C:\ti\ccsv6\tools\compiler\c6000_7.4.16\lib\</path>
         <kind>archive</kind>
         <file>rts6740_elf.lib</file>
         <name>copy_zero_init.obj</name>
      </input_file>
      <input_file id="fl-ab">
         <path>C:\ti\ccsv6\tools\compiler\c6000_7.4.16\lib\</path>
         <kind>archive</kind>
         <file>rts6740_elf.lib</file>
         <name>divd.obj</name>
      </input_file>
      <input_file id="fl-ac">
         <path>C:\ti\ccsv6\tools\compiler\c6000_7.4.16\lib\</path>
         <kind>archive</kind>
         <file>rts6740_elf.lib</file>
         <name>divf.obj</name>
      </input_file>
      <input_file id="fl-ad">
         <path>C:\ti\ccsv6\tools\compiler\c6000_7.4.16\lib\</path>
         <kind>archive</kind>
         <file>rts6740_elf.lib</file>
         <name>divi.obj</name>
      </input_file>
      <input_file id="fl-ae">
         <path>C:\ti\ccsv6\tools\compiler\c6000_7.4.16\lib\</path>
         <kind>archive</kind>
         <file>rts6740_elf.lib</file>
         <name>divu.obj</name>
      </input_file>
      <input_file id="fl-af">
         <path>C:\ti\ccsv6\tools\compiler\c6000_7.4.16\lib\</path>
         <kind>archive</kind>
         <file>rts6740_elf.lib</file>
         <name>exit.obj</name>
      </input_file>
      <input_file id="fl-b0">
         <path>C:\ti\ccsv6\tools\compiler\c6000_7.4.16\lib\</path>
         <kind>archive</kind>
         <file>rts6740_elf.lib</file>
         <name>fclose.obj</name>
      </input_file>
      <input_file id="fl-b1">
         <path>C:\ti\ccsv6\tools\compiler\c6000_7.4.16\lib\</path>
         <kind>archive</kind>
         <file>rts6740_elf.lib</file>
         <name>fflush.obj</name>
      </input_file>
      <input_file id="fl-b2">
         <path>C:\ti\ccsv6\tools\compiler\c6000_7.4.16\lib\</path>
         <kind>archive</kind>
         <file>rts6740_elf.lib</file>
         <name>fixdu.obj</name>
      </input_file>
      <input_file id="fl-b3">
         <path>C:\ti\ccsv6\tools\compiler\c6000_7.4.16\lib\</path>
         <kind>archive</kind>
         <file>rts6740_elf.lib</file>
         <name>fixfu.obj</name>
      </input_file>
      <input_file id="fl-b4">
         <path>C:\ti\ccsv6\tools\compiler\c6000_7.4.16\lib\</path>
         <kind>archive</kind>
         <file>rts6740_elf.lib</file>
         <name>fopen.obj</name>
      </input_file>
      <input_file id="fl-b5">
         <path>C:\ti\ccsv6\tools\compiler\c6000_7.4.16\lib\</path>
         <kind>archive</kind>
         <file>rts6740_elf.lib</file>
         <name>fprintf.obj</name>
      </input_file>
      <input_file id="fl-b6">
         <path>C:\ti\ccsv6\tools\compiler\c6000_7.4.16\lib\</path>
         <kind>archive</kind>
         <file>rts6740_elf.lib</file>
         <name>fputc.obj</name>
      </input_file>
      <input_file id="fl-b7">
         <path>C:\ti\ccsv6\tools\compiler\c6000_7.4.16\lib\</path>
         <kind>archive</kind>
         <file>rts6740_elf.lib</file>
         <name>fputs.obj</name>
      </input_file>
      <input_file id="fl-b8">
         <path>C:\ti\ccsv6\tools\compiler\c6000_7.4.16\lib\</path>
         <kind>archive</kind>
         <file>rts6740_elf.lib</file>
         <name>frcmpyd_div.obj</name>
      </input_file>
      <input_file id="fl-b9">
         <path>C:\ti\ccsv6\tools\compiler\c6000_7.4.16\lib\</path>
         <kind>archive</kind>
         <file>rts6740_elf.lib</file>
         <name>fread.obj</name>
      </input_file>
      <input_file id="fl-ba">
         <path>C:\ti\ccsv6\tools\compiler\c6000_7.4.16\lib\</path>
         <kind>archive</kind>
         <file>rts6740_elf.lib</file>
         <name>fseek.obj</name>
      </input_file>
      <input_file id="fl-bb">
         <path>C:\ti\ccsv6\tools\compiler\c6000_7.4.16\lib\</path>
         <kind>archive</kind>
         <file>rts6740_elf.lib</file>
         <name>ftell.obj</name>
      </input_file>
      <input_file id="fl-bc">
         <path>C:\ti\ccsv6\tools\compiler\c6000_7.4.16\lib\</path>
         <kind>archive</kind>
         <file>rts6740_elf.lib</file>
         <name>fwrite.obj</name>
      </input_file>
      <input_file id="fl-bd">
         <path>C:\ti\ccsv6\tools\compiler\c6000_7.4.16\lib\</path>
         <kind>archive</kind>
         <file>rts6740_elf.lib</file>
         <name>llshift.obj</name>
      </input_file>
      <input_file id="fl-be">
         <path>C:\ti\ccsv6\tools\compiler\c6000_7.4.16\lib\</path>
         <kind>archive</kind>
         <file>rts6740_elf.lib</file>
         <name>lowlev.obj</name>
      </input_file>
      <input_file id="fl-bf">
         <path>C:\ti\ccsv6\tools\compiler\c6000_7.4.16\lib\</path>
         <kind>archive</kind>
         <file>rts6740_elf.lib</file>
         <name>memcmp.obj</name>
      </input_file>
      <input_file id="fl-c0">
         <path>C:\ti\ccsv6\tools\compiler\c6000_7.4.16\lib\</path>
         <kind>archive</kind>
         <file>rts6740_elf.lib</file>
         <name>memcpy64.obj</name>
      </input_file>
      <input_file id="fl-c1">
         <path>C:\ti\ccsv6\tools\compiler\c6000_7.4.16\lib\</path>
         <kind>archive</kind>
         <file>rts6740_elf.lib</file>
         <name>memory.obj</name>
      </input_file>
      <input_file id="fl-c2">
         <path>C:\ti\ccsv6\tools\compiler\c6000_7.4.16\lib\</path>
         <kind>archive</kind>
         <file>rts6740_elf.lib</file>
         <name>memset.obj</name>
      </input_file>
      <input_file id="fl-c3">
         <path>C:\ti\ccsv6\tools\compiler\c6000_7.4.16\lib\</path>
         <kind>archive</kind>
         <file>rts6740_elf.lib</file>
         <name>printf.obj</name>
      </input_file>
      <input_file id="fl-c4">
         <path>C:\ti\ccsv6\tools\compiler\c6000_7.4.16\lib\</path>
         <kind>archive</kind>
         <file>rts6740_elf.lib</file>
         <name>remi.obj</name>
      </input_file>
      <input_file id="fl-c5">
         <path>C:\ti\ccsv6\tools\compiler\c6000_7.4.16\lib\</path>
         <kind>archive</kind>
         <file>rts6740_elf.lib</file>
         <name>remove.obj</name>
      </input_file>
      <input_file id="fl-c6">
         <path>C:\ti\ccsv6\tools\compiler\c6000_7.4.16\lib\</path>
         <kind>archive</kind>
         <file>rts6740_elf.lib</file>
         <name>sprintf.obj</name>
      </input_file>
      <input_file id="fl-c7">
         <path>C:\ti\ccsv6\tools\compiler\c6000_7.4.16\lib\</path>
         <kind>archive</kind>
         <file>rts6740_elf.lib</file>
         <name>trgdrv.obj</name>
      </input_file>
      <input_file id="fl-c8">
         <path>C:\ti\ccsv6\tools\compiler\c6000_7.4.16\lib\</path>
         <kind>archive</kind>
         <file>rts6740_elf.lib</file>
         <name>trgmsg.obj</name>
      </input_file>
      <input_file id="fl-c9">
         <path>C:\ti\ccsv6\tools\compiler\c6000_7.4.16\lib\</path>
         <kind>archive</kind>
         <file>rts6740_elf.lib</file>
         <name>_bufread.obj</name>
      </input_file>
      <input_file id="fl-ca">
         <path>C:\ti\ccsv6\tools\compiler\c6000_7.4.16\lib\</path>
         <kind>archive</kind>
         <file>rts6740_elf.lib</file>
         <name>_io_perm.obj</name>
      </input_file>
      <input_file id="fl-cb">
         <path>C:\ti\ccsv6\tools\compiler\c6000_7.4.16\lib\</path>
         <kind>archive</kind>
         <file>rts6740_elf.lib</file>
         <name>_lock.obj</name>
      </input_file>
      <input_file id="fl-cc">
         <path>C:\ti\ccsv6\tools\compiler\c6000_7.4.16\lib\</path>
         <kind>archive</kind>
         <file>rts6740_elf.lib</file>
         <name>_printfi.obj</name>
      </input_file>
      <input_file id="fl-cd">
         <path>C:\ti\ccsv6\tools\compiler\c6000_7.4.16\lib\</path>
         <kind>archive</kind>
         <file>rts6740_elf.lib</file>
         <name>args_main.obj</name>
      </input_file>
      <input_file id="fl-ce">
         <path>C:\ti\ccsv6\tools\compiler\c6000_7.4.16\lib\</path>
         <kind>archive</kind>
         <file>rts6740_elf.lib</file>
         <name>atoi.obj</name>
      </input_file>
      <input_file id="fl-cf">
         <path>C:\ti\ccsv6\tools\compiler\c6000_7.4.16\lib\</path>
         <kind>archive</kind>
         <file>rts6740_elf.lib</file>
         <name>autoinit.obj</name>
      </input_file>
      <input_file id="fl-d0">
         <path>C:\ti\ccsv6\tools\compiler\c6000_7.4.16\lib\</path>
         <kind>archive</kind>
         <file>rts6740_elf.lib</file>
         <name>cpp_init.obj</name>
      </input_file>
      <input_file id="fl-d1">
         <path>C:\ti\ccsv6\tools\compiler\c6000_7.4.16\lib\</path>
         <kind>archive</kind>
         <file>rts6740_elf.lib</file>
         <name>cpy_tbl.obj</name>
      </input_file>
      <input_file id="fl-d2">
         <path>C:\ti\ccsv6\tools\compiler\c6000_7.4.16\lib\</path>
         <kind>archive</kind>
         <file>rts6740_elf.lib</file>
         <name>ctype.obj</name>
      </input_file>
      <input_file id="fl-d3">
         <path>C:\ti\ccsv6\tools\compiler\c6000_7.4.16\lib\</path>
         <kind>archive</kind>
         <file>rts6740_elf.lib</file>
         <name>defs.obj</name>
      </input_file>
      <input_file id="fl-d4">
         <path>C:\ti\ccsv6\tools\compiler\c6000_7.4.16\lib\</path>
         <kind>archive</kind>
         <file>rts6740_elf.lib</file>
         <name>errno.obj</name>
      </input_file>
      <input_file id="fl-d5">
         <path>C:\ti\ccsv6\tools\compiler\c6000_7.4.16\lib\</path>
         <kind>archive</kind>
         <file>rts6740_elf.lib</file>
         <name>imath40.obj</name>
      </input_file>
      <input_file id="fl-d6">
         <path>C:\ti\ccsv6\tools\compiler\c6000_7.4.16\lib\</path>
         <kind>archive</kind>
         <file>rts6740_elf.lib</file>
         <name>imath64.obj</name>
      </input_file>
      <input_file id="fl-d7">
         <path>C:\ti\ccsv6\tools\compiler\c6000_7.4.16\lib\</path>
         <kind>archive</kind>
         <file>rts6740_elf.lib</file>
         <name>isinf.obj</name>
      </input_file>
      <input_file id="fl-d8">
         <path>C:\ti\ccsv6\tools\compiler\c6000_7.4.16\lib\</path>
         <kind>archive</kind>
         <file>rts6740_elf.lib</file>
         <name>ltoa.obj</name>
      </input_file>
      <input_file id="fl-d9">
         <path>C:\ti\ccsv6\tools\compiler\c6000_7.4.16\lib\</path>
         <kind>archive</kind>
         <file>rts6740_elf.lib</file>
         <name>memccpy.obj</name>
      </input_file>
      <input_file id="fl-da">
         <path>C:\ti\ccsv6\tools\compiler\c6000_7.4.16\lib\</path>
         <kind>archive</kind>
         <file>rts6740_elf.lib</file>
         <name>negll.obj</name>
      </input_file>
      <input_file id="fl-db">
         <path>C:\ti\ccsv6\tools\compiler\c6000_7.4.16\lib\</path>
         <kind>archive</kind>
         <file>rts6740_elf.lib</file>
         <name>setvbuf.obj</name>
      </input_file>
      <input_file id="fl-dc">
         <path>C:\ti\ccsv6\tools\compiler\c6000_7.4.16\lib\</path>
         <kind>archive</kind>
         <file>rts6740_elf.lib</file>
         <name>tls.obj</name>
      </input_file>
      <input_file id="fl-dd">
         <path>C:\ti\ccsv6\tools\compiler\c6000_7.4.16\lib\</path>
         <kind>archive</kind>
         <file>rts6740_elf.lib</file>
         <name>tls_get_tp.obj</name>
      </input_file>
      <input_file id="fl-de">
         <path>C:\ti\ccsv6\tools\compiler\c6000_7.4.16\lib\</path>
         <kind>archive</kind>
         <file>rts6740_elf.lib</file>
         <name>abs.obj</name>
      </input_file>
   </input_file_list>
   <object_component_list>
      <object_component id="oc-30">
         <name>.text:retain</name>
         <load_address>0x80000000</load_address>
         <run_address>0x80000000</run_address>
         <size>0x1aa0</size>
         <input_file_ref idref="fl-2b"/>
      </object_component>
      <object_component id="oc-11e">
         <name>.text</name>
         <load_address>0x80001aa0</load_address>
         <run_address>0x80001aa0</run_address>
         <size>0x18a0</size>
         <input_file_ref idref="fl-25"/>
      </object_component>
      <object_component id="oc-157">
         <name>.text</name>
         <load_address>0x80003340</load_address>
         <run_address>0x80003340</run_address>
         <size>0xc00</size>
         <input_file_ref idref="fl-20"/>
      </object_component>
      <object_component id="oc-113">
         <name>.text</name>
         <load_address>0x80003f40</load_address>
         <run_address>0x80003f40</run_address>
         <size>0x680</size>
         <input_file_ref idref="fl-24"/>
      </object_component>
      <object_component id="oc-84">
         <name>.text</name>
         <load_address>0x800045c0</load_address>
         <run_address>0x800045c0</run_address>
         <size>0x640</size>
         <input_file_ref idref="fl-29"/>
      </object_component>
      <object_component id="oc-1e1">
         <name>.text</name>
         <load_address>0x80004c00</load_address>
         <run_address>0x80004c00</run_address>
         <size>0x5e0</size>
         <input_file_ref idref="fl-2b"/>
      </object_component>
      <object_component id="oc-400">
         <name>.text:_getarg_diouxp</name>
         <load_address>0x800051e0</load_address>
         <run_address>0x800051e0</run_address>
         <size>0x5c0</size>
         <input_file_ref idref="fl-cc"/>
      </object_component>
      <object_component id="oc-250">
         <name>.text:__c6xabi_divd</name>
         <load_address>0x800057a0</load_address>
         <run_address>0x800057a0</run_address>
         <size>0x5a0</size>
         <input_file_ref idref="fl-ab"/>
      </object_component>
      <object_component id="oc-2ba">
         <name>.text:_setfield</name>
         <load_address>0x80005d40</load_address>
         <run_address>0x80005d40</run_address>
         <size>0x520</size>
         <input_file_ref idref="fl-cc"/>
      </object_component>
      <object_component id="oc-dc">
         <name>.text:fwrite</name>
         <load_address>0x80006260</load_address>
         <run_address>0x80006260</run_address>
         <size>0x4c0</size>
         <input_file_ref idref="fl-bc"/>
      </object_component>
      <object_component id="oc-185">
         <name>.text:_printfi</name>
         <load_address>0x80006720</load_address>
         <run_address>0x80006720</run_address>
         <size>0x460</size>
         <input_file_ref idref="fl-cc"/>
      </object_component>
      <object_component id="oc-102">
         <name>.text</name>
         <load_address>0x80006b80</load_address>
         <run_address>0x80006b80</run_address>
         <size>0x3c0</size>
         <input_file_ref idref="fl-28"/>
      </object_component>
      <object_component id="oc-1fe">
         <name>.text</name>
         <load_address>0x80006f40</load_address>
         <run_address>0x80006f40</run_address>
         <size>0x3a0</size>
         <input_file_ref idref="fl-d"/>
      </object_component>
      <object_component id="oc-2a4">
         <name>.text:fputs</name>
         <load_address>0x800072e0</load_address>
         <run_address>0x800072e0</run_address>
         <size>0x3a0</size>
         <input_file_ref idref="fl-b7"/>
      </object_component>
      <object_component id="oc-c4">
         <name>.text</name>
         <load_address>0x80007680</load_address>
         <run_address>0x80007680</run_address>
         <size>0x380</size>
         <input_file_ref idref="fl-22"/>
      </object_component>
      <object_component id="oc-36f">
         <name>.text:_pproc_fge</name>
         <load_address>0x80007a00</load_address>
         <run_address>0x80007a00</run_address>
         <size>0x320</size>
         <input_file_ref idref="fl-cc"/>
      </object_component>
      <object_component id="oc-2b5">
         <name>.text:_pproc_fwp</name>
         <load_address>0x80007d20</load_address>
         <run_address>0x80007d20</run_address>
         <size>0x2e0</size>
         <input_file_ref idref="fl-cc"/>
      </object_component>
      <object_component id="oc-f5">
         <name>.text:fread</name>
         <load_address>0x80008000</load_address>
         <run_address>0x80008000</run_address>
         <size>0x2c0</size>
         <input_file_ref idref="fl-b9"/>
      </object_component>
      <object_component id="oc-44c">
         <name>.text:ecvt</name>
         <load_address>0x800082c0</load_address>
         <run_address>0x800082c0</run_address>
         <size>0x2a0</size>
         <input_file_ref idref="fl-cc"/>
      </object_component>
      <object_component id="oc-45c">
         <name>.text:fcvt</name>
         <load_address>0x80008560</load_address>
         <run_address>0x80008560</run_address>
         <size>0x2a0</size>
         <input_file_ref idref="fl-cc"/>
      </object_component>
      <object_component id="oc-241">
         <name>.text:__c6xabi_divf</name>
         <load_address>0x80008800</load_address>
         <run_address>0x80008800</run_address>
         <size>0x280</size>
         <input_file_ref idref="fl-ac"/>
      </object_component>
      <object_component id="oc-2e2">
         <name>.text:free</name>
         <load_address>0x80008a80</load_address>
         <run_address>0x80008a80</run_address>
         <size>0x280</size>
         <input_file_ref idref="fl-c1"/>
      </object_component>
      <object_component id="oc-4a5">
         <name>.text:__c6xabi_divull</name>
         <load_address>0x80008d00</load_address>
         <run_address>0x80008d00</run_address>
         <size>0x260</size>
         <input_file_ref idref="fl-d6"/>
      </object_component>
      <object_component id="oc-3fa">
         <name>.text:_pconv_e</name>
         <load_address>0x80008f60</load_address>
         <run_address>0x80008f60</run_address>
         <size>0x260</size>
         <input_file_ref idref="fl-cc"/>
      </object_component>
      <object_component id="oc-374">
         <name>.text:_pproc_diouxp</name>
         <load_address>0x800091c0</load_address>
         <run_address>0x800091c0</run_address>
         <size>0x240</size>
         <input_file_ref idref="fl-cc"/>
      </object_component>
      <object_component id="oc-2bf">
         <name>.text:_pproc_str</name>
         <load_address>0x80009400</load_address>
         <run_address>0x80009400</run_address>
         <size>0x220</size>
         <input_file_ref idref="fl-cc"/>
      </object_component>
      <object_component id="oc-2aa">
         <name>.text:fputc</name>
         <load_address>0x80009620</load_address>
         <run_address>0x80009620</run_address>
         <size>0x220</size>
         <input_file_ref idref="fl-b6"/>
      </object_component>
      <object_component id="oc-3f0">
         <name>.text:_pconv_g</name>
         <load_address>0x80009840</load_address>
         <run_address>0x80009840</run_address>
         <size>0x200</size>
         <input_file_ref idref="fl-cc"/>
      </object_component>
      <object_component id="oc-456">
         <name>.text:_mcpy</name>
         <load_address>0x80009a40</load_address>
         <run_address>0x80009a40</run_address>
         <size>0x1c0</size>
         <input_file_ref idref="fl-cc"/>
      </object_component>
      <object_component id="oc-18">
         <name>.text</name>
         <load_address>0x80009c00</load_address>
         <run_address>0x80009c00</run_address>
         <size>0x200</size>
         <input_file_ref idref="fl-2c"/>
      </object_component>
      <object_component id="oc-2cd">
         <name>.text:setvbuf</name>
         <load_address>0x80009e00</load_address>
         <run_address>0x80009e00</run_address>
         <size>0x200</size>
         <input_file_ref idref="fl-db"/>
      </object_component>
      <object_component id="oc-171">
         <name>.text:_openfile</name>
         <load_address>0x8000a000</load_address>
         <run_address>0x8000a000</run_address>
         <size>0x1c0</size>
         <input_file_ref idref="fl-b4"/>
      </object_component>
      <object_component id="oc-4a0">
         <name>.text:__c6xabi_divul</name>
         <load_address>0x8000a1c0</load_address>
         <run_address>0x8000a1c0</run_address>
         <size>0x1a0</size>
         <input_file_ref idref="fl-d5"/>
      </object_component>
      <object_component id="oc-438">
         <name>.text:HOSTrename</name>
         <load_address>0x8000a360</load_address>
         <run_address>0x8000a360</run_address>
         <size>0x180</size>
         <input_file_ref idref="fl-c7"/>
      </object_component>
      <object_component id="oc-5e">
         <name>.text:__TI_decompress_rle_core</name>
         <load_address>0x8000a4e0</load_address>
         <run_address>0x8000a4e0</run_address>
         <size>0x180</size>
         <input_file_ref idref="fl-a9"/>
      </object_component>
      <object_component id="oc-388">
         <name>.text:malloc</name>
         <load_address>0x8000a660</load_address>
         <run_address>0x8000a660</run_address>
         <size>0x180</size>
         <input_file_ref idref="fl-c1"/>
      </object_component>
      <object_component id="oc-294">
         <name>.text:open</name>
         <load_address>0x8000a7e0</load_address>
         <run_address>0x8000a7e0</run_address>
         <size>0x180</size>
         <input_file_ref idref="fl-be"/>
      </object_component>
      <object_component id="oc-2b0">
         <name>.text:_pproc_fflags</name>
         <load_address>0x8000a960</load_address>
         <run_address>0x8000a960</run_address>
         <size>0x140</size>
         <input_file_ref idref="fl-cc"/>
      </object_component>
      <object_component id="oc-35c">
         <name>.text:getdevice</name>
         <load_address>0x8000aaa0</load_address>
         <run_address>0x8000aaa0</run_address>
         <size>0x140</size>
         <input_file_ref idref="fl-be"/>
      </object_component>
      <object_component id="oc-15d">
         <name>.text</name>
         <load_address>0x8000abe0</load_address>
         <run_address>0x8000abe0</run_address>
         <size>0x140</size>
         <input_file_ref idref="fl-17"/>
      </object_component>
      <object_component id="oc-1cd">
         <name>.text:_buff_read</name>
         <load_address>0x8000ad20</load_address>
         <run_address>0x8000ad20</run_address>
         <size>0x120</size>
         <input_file_ref idref="fl-c9"/>
      </object_component>
      <object_component id="oc-1b3">
         <name>.text:_closefile</name>
         <load_address>0x8000ae40</load_address>
         <run_address>0x8000ae40</run_address>
         <size>0x120</size>
         <input_file_ref idref="fl-b0"/>
      </object_component>
      <object_component id="oc-40a">
         <name>.text:_ltostr</name>
         <load_address>0x8000af60</load_address>
         <run_address>0x8000af60</run_address>
         <size>0x120</size>
         <input_file_ref idref="fl-cc"/>
      </object_component>
      <object_component id="oc-16c">
         <name>.text:_search_fp</name>
         <load_address>0x8000b080</load_address>
         <run_address>0x8000b080</run_address>
         <size>0x120</size>
         <input_file_ref idref="fl-b4"/>
      </object_component>
      <object_component id="oc-eb">
         <name>.text:fseek</name>
         <load_address>0x8000b1a0</load_address>
         <run_address>0x8000b1a0</run_address>
         <size>0x120</size>
         <input_file_ref idref="fl-ba"/>
      </object_component>
      <object_component id="oc-f0">
         <name>.text:ftell</name>
         <load_address>0x8000b2c0</load_address>
         <run_address>0x8000b2c0</run_address>
         <size>0x120</size>
         <input_file_ref idref="fl-bb"/>
      </object_component>
      <object_component id="oc-42e">
         <name>.text:HOSTlseek</name>
         <load_address>0x8000b3e0</load_address>
         <run_address>0x8000b3e0</run_address>
         <size>0x100</size>
         <input_file_ref idref="fl-c7"/>
      </object_component>
      <object_component id="oc-3c">
         <name>.text:_auto_init_elf</name>
         <load_address>0x8000b4e0</load_address>
         <run_address>0x8000b4e0</run_address>
         <size>0x100</size>
         <input_file_ref idref="fl-cf"/>
      </object_component>
      <object_component id="oc-18c">
         <name>.text:_wrt_ok</name>
         <load_address>0x8000b5e0</load_address>
         <run_address>0x8000b5e0</run_address>
         <size>0x100</size>
         <input_file_ref idref="fl-ca"/>
      </object_component>
      <object_component id="oc-74">
         <name>.text:copy_in</name>
         <load_address>0x8000b6e0</load_address>
         <run_address>0x8000b6e0</run_address>
         <size>0x100</size>
         <input_file_ref idref="fl-d1"/>
      </object_component>
      <object_component id="oc-25a">
         <name>.text:fprintf</name>
         <load_address>0x8000b7e0</load_address>
         <run_address>0x8000b7e0</run_address>
         <size>0x100</size>
         <input_file_ref idref="fl-b5"/>
      </object_component>
      <object_component id="oc-41a">
         <name>.text:HOSTopen</name>
         <load_address>0x8000b8e0</load_address>
         <run_address>0x8000b8e0</run_address>
         <size>0xe0</size>
         <input_file_ref idref="fl-c7"/>
      </object_component>
      <object_component id="oc-424">
         <name>.text:HOSTread</name>
         <load_address>0x8000b9c0</load_address>
         <run_address>0x8000b9c0</run_address>
         <size>0xe0</size>
         <input_file_ref idref="fl-c7"/>
      </object_component>
      <object_component id="oc-24b">
         <name>.text:__divi</name>
         <load_address>0x8000baa0</load_address>
         <run_address>0x8000baa0</run_address>
         <size>0xe0</size>
         <input_file_ref idref="fl-ad"/>
      </object_component>
      <object_component id="oc-369">
         <name>.text:atoi</name>
         <load_address>0x8000bb80</load_address>
         <run_address>0x8000bb80</run_address>
         <size>0xe0</size>
         <input_file_ref idref="fl-ce"/>
      </object_component>
      <object_component id="oc-2e7">
         <name>.text:close</name>
         <load_address>0x8000bc60</load_address>
         <run_address>0x8000bc60</run_address>
         <size>0xe0</size>
         <input_file_ref idref="fl-be"/>
      </object_component>
      <object_component id="oc-26">
         <name>.text:decompress:ZI:__TI_zero_init</name>
         <load_address>0x8000bd40</load_address>
         <run_address>0x8000bd40</run_address>
         <size>0xe0</size>
         <input_file_ref idref="fl-aa"/>
      </object_component>
      <object_component id="oc-496">
         <name>.text:ltoa</name>
         <load_address>0x8000be20</load_address>
         <run_address>0x8000be20</run_address>
         <size>0xe0</size>
         <input_file_ref idref="fl-d8"/>
      </object_component>
      <object_component id="oc-108">
         <name>.text:memset</name>
         <load_address>0x8000bf00</load_address>
         <run_address>0x8000bf00</run_address>
         <size>0xe0</size>
         <input_file_ref idref="fl-c2"/>
      </object_component>
      <object_component id="oc-d7">
         <name>.text:printf</name>
         <load_address>0x8000bfe0</load_address>
         <run_address>0x8000bfe0</run_address>
         <size>0xe0</size>
         <input_file_ref idref="fl-c3"/>
      </object_component>
      <object_component id="oc-433">
         <name>.text:HOSTunlink</name>
         <load_address>0x8000c0c0</load_address>
         <run_address>0x8000c0c0</run_address>
         <size>0xc0</size>
         <input_file_ref idref="fl-c7"/>
      </object_component>
      <object_component id="oc-429">
         <name>.text:HOSTwrite</name>
         <load_address>0x8000c180</load_address>
         <run_address>0x8000c180</run_address>
         <size>0xc0</size>
         <input_file_ref idref="fl-c7"/>
      </object_component>
      <object_component id="oc-196">
         <name>.text:__divu</name>
         <load_address>0x8000c240</load_address>
         <run_address>0x8000c240</run_address>
         <size>0xc0</size>
         <input_file_ref idref="fl-ae"/>
      </object_component>
      <object_component id="oc-119">
         <name>.text:__remi</name>
         <load_address>0x8000c300</load_address>
         <run_address>0x8000c300</run_address>
         <size>0xc0</size>
         <input_file_ref idref="fl-c4"/>
      </object_component>
      <object_component id="oc-474">
         <name>.text:_div</name>
         <load_address>0x8000c3c0</load_address>
         <run_address>0x8000c3c0</run_address>
         <size>0xc0</size>
         <input_file_ref idref="fl-cc"/>
      </object_component>
      <object_component id="oc-191">
         <name>.text:_doflush</name>
         <load_address>0x8000c480</load_address>
         <run_address>0x8000c480</run_address>
         <size>0xc0</size>
         <input_file_ref idref="fl-b1"/>
      </object_component>
      <object_component id="oc-1c8">
         <name>.text:_rd_ok</name>
         <load_address>0x8000c540</load_address>
         <run_address>0x8000c540</run_address>
         <size>0xc0</size>
         <input_file_ref idref="fl-ca"/>
      </object_component>
      <object_component id="oc-46">
         <name>.text:exit</name>
         <load_address>0x8000c600</load_address>
         <run_address>0x8000c600</run_address>
         <size>0xc0</size>
         <input_file_ref idref="fl-af"/>
      </object_component>
      <object_component id="oc-79">
         <name>.text:tls:init:__TI_tls_init</name>
         <load_address>0x8000c6c0</load_address>
         <run_address>0x8000c6c0</run_address>
         <size>0xc0</size>
         <input_file_ref idref="fl-dc"/>
      </object_component>
      <object_component id="oc-41f">
         <name>.text:HOSTclose</name>
         <load_address>0x8000c780</load_address>
         <run_address>0x8000c780</run_address>
         <size>0xa0</size>
         <input_file_ref idref="fl-c7"/>
      </object_component>
      <object_component id="oc-28f">
         <name>.text:_cleanup</name>
         <load_address>0x8000c820</load_address>
         <run_address>0x8000c820</run_address>
         <size>0xa0</size>
         <input_file_ref idref="fl-b4"/>
      </object_component>
      <object_component id="oc-451">
         <name>.text:_ecpy</name>
         <load_address>0x8000c8c0</load_address>
         <run_address>0x8000c8c0</run_address>
         <size>0xa0</size>
         <input_file_ref idref="fl-cc"/>
      </object_component>
      <object_component id="oc-461">
         <name>.text:_fcpy</name>
         <load_address>0x8000c960</load_address>
         <run_address>0x8000c960</run_address>
         <size>0xa0</size>
         <input_file_ref idref="fl-cc"/>
      </object_component>
      <object_component id="oc-412">
         <name>.text:_minit</name>
         <load_address>0x8000ca00</load_address>
         <run_address>0x8000ca00</run_address>
         <size>0xa0</size>
         <input_file_ref idref="fl-c1"/>
      </object_component>
      <object_component id="oc-3f5">
         <name>.text:_pconv_f</name>
         <load_address>0x8000caa0</load_address>
         <run_address>0x8000caa0</run_address>
         <size>0xa0</size>
         <input_file_ref idref="fl-cc"/>
      </object_component>
      <object_component id="oc-3d7">
         <name>.text:finddevice</name>
         <load_address>0x8000cb40</load_address>
         <run_address>0x8000cb40</run_address>
         <size>0xa0</size>
         <input_file_ref idref="fl-be"/>
      </object_component>
      <object_component id="oc-1ba">
         <name>.text:lseek</name>
         <load_address>0x8000cbe0</load_address>
         <run_address>0x8000cbe0</run_address>
         <size>0xa0</size>
         <input_file_ref idref="fl-be"/>
      </object_component>
      <object_component id="oc-4d">
         <name>.text:memcpy</name>
         <load_address>0x8000cc80</load_address>
         <run_address>0x8000cc80</run_address>
         <size>0xa0</size>
         <input_file_ref idref="fl-c0"/>
      </object_component>
      <object_component id="oc-3a7">
         <name>.text:minsert</name>
         <load_address>0x8000cd20</load_address>
         <run_address>0x8000cd20</run_address>
         <size>0xa0</size>
         <input_file_ref idref="fl-c1"/>
      </object_component>
      <object_component id="oc-3a2">
         <name>.text:mremove</name>
         <load_address>0x8000cdc0</load_address>
         <run_address>0x8000cdc0</run_address>
         <size>0xa0</size>
         <input_file_ref idref="fl-c1"/>
      </object_component>
      <object_component id="oc-1d2">
         <name>.text:read</name>
         <load_address>0x8000ce60</load_address>
         <run_address>0x8000ce60</run_address>
         <size>0xa0</size>
         <input_file_ref idref="fl-be"/>
      </object_component>
      <object_component id="oc-19b">
         <name>.text:write</name>
         <load_address>0x8000cf00</load_address>
         <run_address>0x8000cf00</run_address>
         <size>0xa0</size>
         <input_file_ref idref="fl-be"/>
      </object_component>
      <object_component id="oc-255">
         <name>.text:__c6xabi_fixdu</name>
         <load_address>0x8000cfa0</load_address>
         <run_address>0x8000cfa0</run_address>
         <size>0x80</size>
         <input_file_ref idref="fl-b2"/>
      </object_component>
      <object_component id="oc-246">
         <name>.text:__c6xabi_fixfu</name>
         <load_address>0x8000d020</load_address>
         <run_address>0x8000d020</run_address>
         <size>0x80</size>
         <input_file_ref idref="fl-b3"/>
      </object_component>
      <object_component id="oc-4b8">
         <name>.text:__c6xabi_llshl</name>
         <load_address>0x8000d0a0</load_address>
         <run_address>0x8000d0a0</run_address>
         <size>0x80</size>
         <input_file_ref idref="fl-bd"/>
      </object_component>
      <object_component id="oc-17">
         <name>.text:_c_int00</name>
         <load_address>0x8000d120</load_address>
         <run_address>0x8000d120</run_address>
         <size>0x80</size>
         <input_file_ref idref="fl-a7"/>
      </object_component>
      <object_component id="oc-10d">
         <name>.text</name>
         <load_address>0x8000d1a0</load_address>
         <run_address>0x8000d1a0</run_address>
         <size>0x80</size>
         <input_file_ref idref="fl-26"/>
      </object_component>
      <object_component id="oc-485">
         <name>.text:readmsg</name>
         <load_address>0x8000d220</load_address>
         <run_address>0x8000d220</run_address>
         <size>0x80</size>
         <input_file_ref idref="fl-c8"/>
      </object_component>
      <object_component id="oc-2ec">
         <name>.text:unlink</name>
         <load_address>0x8000d2a0</load_address>
         <run_address>0x8000d2a0</run_address>
         <size>0x80</size>
         <input_file_ref idref="fl-be"/>
      </object_component>
      <object_component id="oc-7e">
         <name>.text:__TI_cpp_init</name>
         <load_address>0x8000d320</load_address>
         <run_address>0x8000d320</run_address>
         <size>0x60</size>
         <input_file_ref idref="fl-d0"/>
      </object_component>
      <object_component id="oc-4bd">
         <name>.text:_subcull</name>
         <load_address>0x8000d380</load_address>
         <run_address>0x8000d380</run_address>
         <size>0x60</size>
         <input_file_ref idref="fl-d6"/>
      </object_component>
      <object_component id="oc-e6">
         <name>.text:fclose</name>
         <load_address>0x8000d3e0</load_address>
         <run_address>0x8000d3e0</run_address>
         <size>0x60</size>
         <input_file_ref idref="fl-b0"/>
      </object_component>
      <object_component id="oc-d2">
         <name>.text:fopen</name>
         <load_address>0x8000d440</load_address>
         <run_address>0x8000d440</run_address>
         <size>0x60</size>
         <input_file_ref idref="fl-b4"/>
      </object_component>
      <object_component id="oc-379">
         <name>.text:memccpy</name>
         <load_address>0x8000d4a0</load_address>
         <run_address>0x8000d4a0</run_address>
         <size>0x60</size>
         <input_file_ref idref="fl-d9"/>
      </object_component>
      <object_component id="oc-227">
         <name>.text:set_en</name>
         <load_address>0x8000d500</load_address>
         <run_address>0x8000d500</run_address>
         <size>0x60</size>
         <input_file_ref idref="fl-24"/>
      </object_component>
      <object_component id="oc-22f">
         <name>.text:set_sda</name>
         <load_address>0x8000d560</load_address>
         <run_address>0x8000d560</run_address>
         <size>0x60</size>
         <input_file_ref idref="fl-24"/>
      </object_component>
      <object_component id="oc-21f">
         <name>.text:set_sdadir</name>
         <load_address>0x8000d5c0</load_address>
         <run_address>0x8000d5c0</run_address>
         <size>0x60</size>
         <input_file_ref idref="fl-24"/>
      </object_component>
      <object_component id="oc-e1">
         <name>.text:sprintf</name>
         <load_address>0x8000d620</load_address>
         <run_address>0x8000d620</run_address>
         <size>0x60</size>
         <input_file_ref idref="fl-c6"/>
      </object_component>
      <object_component id="oc-357">
         <name>.text:tabinit</name>
         <load_address>0x8000d680</load_address>
         <run_address>0x8000d680</run_address>
         <size>0x60</size>
         <input_file_ref idref="fl-be"/>
      </object_component>
      <object_component id="oc-1d9">
         <name>.text:write_mask_reg</name>
         <load_address>0x8000d6e0</load_address>
         <run_address>0x8000d6e0</run_address>
         <size>0x60</size>
         <input_file_ref idref="fl-24"/>
      </object_component>
      <object_component id="oc-480">
         <name>.text:writemsg</name>
         <load_address>0x8000d740</load_address>
         <run_address>0x8000d740</run_address>
         <size>0x60</size>
         <input_file_ref idref="fl-c8"/>
      </object_component>
      <object_component id="oc-32c">
         <name>.text:__c6xabi_frcmpyd_div</name>
         <load_address>0x8000d7a0</load_address>
         <run_address>0x8000d7a0</run_address>
         <size>0x40</size>
         <input_file_ref idref="fl-b8"/>
      </object_component>
      <object_component id="oc-3eb">
         <name>.text:__c6xabi_isinf</name>
         <load_address>0x8000d7e0</load_address>
         <run_address>0x8000d7e0</run_address>
         <size>0x40</size>
         <input_file_ref idref="fl-d7"/>
      </object_component>
      <object_component id="oc-3e6">
         <name>.text:__c6xabi_isnan</name>
         <load_address>0x8000d820</load_address>
         <run_address>0x8000d820</run_address>
         <size>0x40</size>
         <input_file_ref idref="fl-cc"/>
      </object_component>
      <object_component id="oc-327">
         <name>.text:__c6xabi_llshru</name>
         <load_address>0x8000d860</load_address>
         <run_address>0x8000d860</run_address>
         <size>0x40</size>
         <input_file_ref idref="fl-bd"/>
      </object_component>
      <object_component id="oc-41">
         <name>.text:_args_main</name>
         <load_address>0x8000d8a0</load_address>
         <run_address>0x8000d8a0</run_address>
         <size>0x40</size>
         <input_file_ref idref="fl-cd"/>
      </object_component>
      <object_component id="oc-1ac">
         <name>.text:_outs</name>
         <load_address>0x8000d8e0</load_address>
         <run_address>0x8000d8e0</run_address>
         <size>0x40</size>
         <input_file_ref idref="fl-c6"/>
      </object_component>
      <object_component id="oc-207">
         <name>.text:delay</name>
         <load_address>0x8000d920</load_address>
         <run_address>0x8000d920</run_address>
         <size>0x40</size>
         <input_file_ref idref="fl-24"/>
      </object_component>
      <object_component id="oc-ca">
         <name>.text:dsp_delay</name>
         <load_address>0x8000d960</load_address>
         <run_address>0x8000d960</run_address>
         <size>0x40</size>
         <input_file_ref idref="fl-22"/>
      </object_component>
      <object_component id="oc-237">
         <name>.text:read_sda</name>
         <load_address>0x8000d9a0</load_address>
         <run_address>0x8000d9a0</run_address>
         <size>0x40</size>
         <input_file_ref idref="fl-24"/>
      </object_component>
      <object_component id="oc-1c1">
         <name>.text:__c6xabi_errno_addr</name>
         <load_address>0x8000d9e0</load_address>
         <run_address>0x8000d9e0</run_address>
         <size>0x20</size>
         <input_file_ref idref="fl-d4"/>
      </object_component>
      <object_component id="oc-405">
         <name>.text:__c6xabi_negll</name>
         <load_address>0x8000da00</load_address>
         <run_address>0x8000da00</run_address>
         <size>0x20</size>
         <input_file_ref idref="fl-da"/>
      </object_component>
      <object_component id="oc-282">
         <name>.text:_nop</name>
         <load_address>0x8000da20</load_address>
         <run_address>0x8000da20</run_address>
         <size>0x20</size>
         <input_file_ref idref="fl-cb"/>
      </object_component>
      <object_component id="oc-338">
         <name>.text:_outc</name>
         <load_address>0x8000da40</load_address>
         <run_address>0x8000da40</run_address>
         <size>0x20</size>
         <input_file_ref idref="fl-b5"/>
      </object_component>
      <object_component id="oc-180">
         <name>.text:_outc</name>
         <load_address>0x8000da60</load_address>
         <run_address>0x8000da60</run_address>
         <size>0x20</size>
         <input_file_ref idref="fl-c3"/>
      </object_component>
      <object_component id="oc-1a7">
         <name>.text:_outc</name>
         <load_address>0x8000da80</load_address>
         <run_address>0x8000da80</run_address>
         <size>0x20</size>
         <input_file_ref idref="fl-c6"/>
      </object_component>
      <object_component id="oc-333">
         <name>.text:_outs</name>
         <load_address>0x8000daa0</load_address>
         <run_address>0x8000daa0</run_address>
         <size>0x20</size>
         <input_file_ref idref="fl-b5"/>
      </object_component>
      <object_component id="oc-17b">
         <name>.text:_outs</name>
         <load_address>0x8000dac0</load_address>
         <run_address>0x8000dac0</run_address>
         <size>0x20</size>
         <input_file_ref idref="fl-c3"/>
      </object_component>
      <object_component id="oc-93">
         <name>.text:abort</name>
         <load_address>0x8000dae0</load_address>
         <run_address>0x8000dae0</run_address>
         <size>0x20</size>
         <input_file_ref idref="fl-af"/>
      </object_component>
      <object_component id="oc-21">
         <name>.text:decompress:none:__TI_decompress_none</name>
         <load_address>0x8000db00</load_address>
         <run_address>0x8000db00</run_address>
         <size>0x20</size>
         <input_file_ref idref="fl-a8"/>
      </object_component>
      <object_component id="oc-2b">
         <name>.text:decompress:rle24:__TI_decompress_rle24</name>
         <load_address>0x8000db20</load_address>
         <run_address>0x8000db20</run_address>
         <size>0x20</size>
         <input_file_ref idref="fl-a9"/>
      </object_component>
      <object_component id="oc-fa">
         <name>.text:read_reg</name>
         <load_address>0x8000db40</load_address>
         <run_address>0x8000db40</run_address>
         <size>0x20</size>
         <input_file_ref idref="fl-24"/>
      </object_component>
      <object_component id="oc-217">
         <name>.text:set_scl_H</name>
         <load_address>0x8000db60</load_address>
         <run_address>0x8000db60</run_address>
         <size>0x20</size>
         <input_file_ref idref="fl-24"/>
      </object_component>
      <object_component id="oc-20f">
         <name>.text:set_scl_L</name>
         <load_address>0x8000db80</load_address>
         <run_address>0x8000db80</run_address>
         <size>0x20</size>
         <input_file_ref idref="fl-24"/>
      </object_component>
      <object_component id="oc-1e7">
         <name>.text:write_reg</name>
         <load_address>0x8000dba0</load_address>
         <run_address>0x8000dba0</run_address>
         <size>0x20</size>
         <input_file_ref idref="fl-28"/>
      </object_component>
      <object_component id="oc-36">
         <name>.stack</name>
         <uninitialized>true</uninitialized>
         <run_address>0x80015618</run_address>
         <size>0x8</size>
         <input_file_ref idref="fl-a7"/>
      </object_component>
      <object_component id="oc-4f7">
         <name>.stack</name>
         <uninitialized>true</uninitialized>
         <run_address>0x80015618</run_address>
         <size>0x0</size>
      </object_component>
      <object_component id="oc-12b">
         <name>.bss</name>
         <uninitialized>true</uninitialized>
         <run_address>0x80016d5c</run_address>
         <size>0xc</size>
         <input_file_ref idref="fl-29"/>
      </object_component>
      <object_component id="oc-1ef">
         <name>.bss</name>
         <uninitialized>true</uninitialized>
         <run_address>0x80016d68</run_address>
         <size>0x8</size>
         <input_file_ref idref="fl-28"/>
      </object_component>
      <object_component id="oc-4ad">
         <name>.cio</name>
         <uninitialized>true</uninitialized>
         <run_address>0x80016c08</run_address>
         <size>0x120</size>
         <input_file_ref idref="fl-c8"/>
      </object_component>
      <object_component id="oc-3e1">
         <name>.const:.string:_ctypes_</name>
         <load_address>0x80016940</load_address>
         <run_address>0x80016940</run_address>
         <size>0x101</size>
         <input_file_ref idref="fl-d2"/>
      </object_component>
      <object_component id="oc-124">
         <name>.const:.string</name>
         <load_address>0x80016a44</load_address>
         <run_address>0x80016a44</run_address>
         <size>0x88</size>
         <input_file_ref idref="fl-29"/>
      </object_component>
      <object_component id="oc-265">
         <name>.const:.string</name>
         <load_address>0x80016acc</load_address>
         <run_address>0x80016acc</run_address>
         <size>0x68</size>
         <input_file_ref idref="fl-25"/>
      </object_component>
      <object_component id="oc-278">
         <name>.const:.string</name>
         <load_address>0x80016b34</load_address>
         <run_address>0x80016b34</run_address>
         <size>0x40</size>
         <input_file_ref idref="fl-20"/>
      </object_component>
      <object_component id="oc-204">
         <name>.const:.string</name>
         <load_address>0x80016b74</load_address>
         <run_address>0x80016b74</run_address>
         <size>0x30</size>
         <input_file_ref idref="fl-26"/>
      </object_component>
      <object_component id="oc-37e">
         <name>.const:.string</name>
         <load_address>0x80016ba4</load_address>
         <run_address>0x80016ba4</run_address>
         <size>0x23</size>
         <input_file_ref idref="fl-cc"/>
      </object_component>
      <object_component id="oc-25f">
         <name>.const:$P$T0$1</name>
         <load_address>0x80016bc8</load_address>
         <run_address>0x80016bc8</run_address>
         <size>0x14</size>
         <input_file_ref idref="fl-25"/>
      </object_component>
      <object_component id="oc-262">
         <name>.const:$P$T1$2</name>
         <load_address>0x80016be0</load_address>
         <run_address>0x80016be0</run_address>
         <size>0x14</size>
         <input_file_ref idref="fl-25"/>
      </object_component>
      <object_component id="oc-31a">
         <name>.const:.string</name>
         <load_address>0x80016bf4</load_address>
         <run_address>0x80016bf4</run_address>
         <size>0x10</size>
         <input_file_ref idref="fl-d"/>
      </object_component>
      <object_component id="oc-39">
         <name>.sysmem</name>
         <uninitialized>true</uninitialized>
         <run_address>0x80015e18</run_address>
         <size>0x8</size>
         <input_file_ref idref="fl-c1"/>
      </object_component>
      <object_component id="oc-4f8">
         <name>.sysmem</name>
         <uninitialized>true</uninitialized>
         <run_address>0x80015e18</run_address>
         <size>0x0</size>
      </object_component>
      <object_component id="oc-6a">
         <name>.far</name>
         <uninitialized>true</uninitialized>
         <run_address>0x80015270</run_address>
         <size>0x240</size>
         <input_file_ref idref="fl-2b"/>
      </object_component>
      <object_component id="oc-125">
         <name>.far</name>
         <uninitialized>true</uninitialized>
         <run_address>0x8000dbc0</run_address>
         <size>0x76b0</size>
         <input_file_ref idref="fl-29"/>
      </object_component>
      <object_component id="oc-1f2">
         <name>.far</name>
         <uninitialized>true</uninitialized>
         <run_address>0x800155f0</run_address>
         <size>0x1c</size>
         <input_file_ref idref="fl-28"/>
      </object_component>
      <object_component id="oc-2f1">
         <name>.far</name>
         <uninitialized>true</uninitialized>
         <run_address>0x800154b0</run_address>
         <size>0x140</size>
         <input_file_ref idref="fl-d3"/>
      </object_component>
      <object_component id="oc-47d">
         <name>.far</name>
         <uninitialized>true</uninitialized>
         <run_address>0x80015610</run_address>
         <size>0x8</size>
         <input_file_ref idref="fl-c7"/>
      </object_component>
      <object_component id="oc-4f6">
         <name>.cinit..fardata.load</name>
         <load_address>0x80016d70</load_address>
         <run_address>0x80016d70</run_address>
         <size>0x72</size>
      </object_component>
      <object_component id="oc-4f5">
         <name>.cinit..neardata.load</name>
         <load_address>0x80016de4</load_address>
         <run_address>0x80016de4</run_address>
         <size>0x1d</size>
      </object_component>
      <object_component id="oc-4f1">
         <name>__TI_handler_table</name>
         <load_address>0x80016e04</load_address>
         <run_address>0x80016e04</run_address>
         <size>0xc</size>
      </object_component>
      <object_component id="oc-4f3">
         <name>.cinit..bss.load</name>
         <load_address>0x80016e10</load_address>
         <run_address>0x80016e10</run_address>
         <size>0x8</size>
      </object_component>
      <object_component id="oc-4f4">
         <name>.cinit..far.load</name>
         <load_address>0x80016e18</load_address>
         <run_address>0x80016e18</run_address>
         <size>0x8</size>
      </object_component>
      <object_component id="oc-4f2">
         <name>__TI_cinit_table</name>
         <load_address>0x80016e20</load_address>
         <run_address>0x80016e20</run_address>
         <size>0x20</size>
      </object_component>
      <object_component id="oc-128">
         <name>.neardata</name>
         <load_address>0x80016d28</load_address>
         <run_address>0x80016d28</run_address>
         <size>0x34</size>
         <input_file_ref idref="fl-29"/>
      </object_component>
      <object_component id="oc-90">
         <name>.fardata</name>
         <load_address>0x80016910</load_address>
         <run_address>0x80016910</run_address>
         <size>0xc</size>
         <input_file_ref idref="fl-af"/>
      </object_component>
      <object_component id="oc-169">
         <name>.fardata</name>
         <load_address>0x80016928</load_address>
         <run_address>0x80016928</run_address>
         <size>0x8</size>
         <input_file_ref idref="fl-cb"/>
      </object_component>
      <object_component id="oc-178">
         <name>.fardata:_ftable</name>
         <load_address>0x80016618</load_address>
         <run_address>0x80016618</run_address>
         <size>0x1e0</size>
         <input_file_ref idref="fl-d3"/>
      </object_component>
      <object_component id="oc-28a">
         <name>.fardata</name>
         <load_address>0x80016938</load_address>
         <run_address>0x80016938</run_address>
         <size>0x4</size>
         <input_file_ref idref="fl-b4"/>
      </object_component>
      <object_component id="oc-28b">
         <name>.fardata</name>
         <load_address>0x80016930</load_address>
         <run_address>0x80016930</run_address>
         <size>0x4</size>
         <input_file_ref idref="fl-d3"/>
      </object_component>
      <object_component id="oc-2d7">
         <name>.fardata:_stream</name>
         <load_address>0x800167f8</load_address>
         <run_address>0x800167f8</run_address>
         <size>0xa0</size>
         <input_file_ref idref="fl-be"/>
      </object_component>
      <object_component id="oc-2ff">
         <name>.fardata</name>
         <load_address>0x80016934</load_address>
         <run_address>0x80016934</run_address>
         <size>0x4</size>
         <input_file_ref idref="fl-d4"/>
      </object_component>
      <object_component id="oc-393">
         <name>.fardata:_device</name>
         <load_address>0x80016898</load_address>
         <run_address>0x80016898</run_address>
         <size>0x78</size>
         <input_file_ref idref="fl-be"/>
      </object_component>
      <object_component id="oc-39f">
         <name>.fardata</name>
         <load_address>0x8001691c</load_address>
         <run_address>0x8001691c</run_address>
         <size>0xc</size>
         <input_file_ref idref="fl-c1"/>
      </object_component>
      <object_component id="oc-3d5">
         <name>.fardata</name>
         <load_address>0x8001693c</load_address>
         <run_address>0x8001693c</run_address>
         <size>0x4</size>
         <input_file_ref idref="fl-be"/>
      </object_component>
      <object_component id="oc-19">
         <name>.debug_info</name>
         <load_address>0x0</load_address>
         <run_address>0x0</run_address>
         <size>0x10d</size>
         <input_file_ref idref="fl-2c"/>
      </object_component>
      <object_component id="oc-1d">
         <name>.debug_info</name>
         <load_address>0x10d</load_address>
         <run_address>0x10d</run_address>
         <size>0x111</size>
         <input_file_ref idref="fl-a7"/>
      </object_component>
      <object_component id="oc-22">
         <name>.debug_info</name>
         <load_address>0x21e</load_address>
         <run_address>0x21e</run_address>
         <size>0x150</size>
         <input_file_ref idref="fl-a8"/>
      </object_component>
      <object_component id="oc-27">
         <name>.debug_info</name>
         <load_address>0x36e</load_address>
         <run_address>0x36e</run_address>
         <size>0x191</size>
         <input_file_ref idref="fl-aa"/>
      </object_component>
      <object_component id="oc-2c">
         <name>.debug_info</name>
         <load_address>0x4ff</load_address>
         <run_address>0x4ff</run_address>
         <size>0x16d</size>
         <input_file_ref idref="fl-a9"/>
      </object_component>
      <object_component id="oc-31">
         <name>.debug_info</name>
         <load_address>0x66c</load_address>
         <run_address>0x66c</run_address>
         <size>0x9c1</size>
         <input_file_ref idref="fl-2b"/>
      </object_component>
      <object_component id="oc-37">
         <name>.debug_info</name>
         <load_address>0x102d</load_address>
         <run_address>0x102d</run_address>
         <size>0xa8</size>
         <input_file_ref idref="fl-a7"/>
      </object_component>
      <object_component id="oc-3a">
         <name>.debug_info</name>
         <load_address>0x10d5</load_address>
         <run_address>0x10d5</run_address>
         <size>0xb4</size>
         <input_file_ref idref="fl-c1"/>
      </object_component>
      <object_component id="oc-3d">
         <name>.debug_info</name>
         <load_address>0x1189</load_address>
         <run_address>0x1189</run_address>
         <size>0x191</size>
         <input_file_ref idref="fl-cf"/>
      </object_component>
      <object_component id="oc-42">
         <name>.debug_info</name>
         <load_address>0x131a</load_address>
         <run_address>0x131a</run_address>
         <size>0xf7</size>
         <input_file_ref idref="fl-cd"/>
      </object_component>
      <object_component id="oc-47">
         <name>.debug_info</name>
         <load_address>0x1411</load_address>
         <run_address>0x1411</run_address>
         <size>0x10d</size>
         <input_file_ref idref="fl-af"/>
      </object_component>
      <object_component id="oc-4e">
         <name>.debug_info</name>
         <load_address>0x151e</load_address>
         <run_address>0x151e</run_address>
         <size>0xd5</size>
         <input_file_ref idref="fl-c0"/>
      </object_component>
      <object_component id="oc-53">
         <name>.debug_info</name>
         <load_address>0x15f3</load_address>
         <run_address>0x15f3</run_address>
         <size>0x53</size>
         <input_file_ref idref="fl-a8"/>
      </object_component>
      <object_component id="oc-59">
         <name>.debug_info</name>
         <load_address>0x1646</load_address>
         <run_address>0x1646</run_address>
         <size>0x53</size>
         <input_file_ref idref="fl-aa"/>
      </object_component>
      <object_component id="oc-5f">
         <name>.debug_info</name>
         <load_address>0x1699</load_address>
         <run_address>0x1699</run_address>
         <size>0x2f3</size>
         <input_file_ref idref="fl-a9"/>
      </object_component>
      <object_component id="oc-64">
         <name>.debug_info</name>
         <load_address>0x198c</load_address>
         <run_address>0x198c</run_address>
         <size>0x1d8</size>
         <input_file_ref idref="fl-a9"/>
      </object_component>
      <object_component id="oc-65">
         <name>.debug_info</name>
         <load_address>0x1b64</load_address>
         <run_address>0x1b64</run_address>
         <size>0x46</size>
         <input_file_ref idref="fl-a9"/>
      </object_component>
      <object_component id="oc-6b">
         <name>.debug_info</name>
         <load_address>0x1baa</load_address>
         <run_address>0x1baa</run_address>
         <size>0x11d</size>
         <input_file_ref idref="fl-2b"/>
      </object_component>
      <object_component id="oc-70">
         <name>.debug_info</name>
         <load_address>0x1cc7</load_address>
         <run_address>0x1cc7</run_address>
         <size>0xfd</size>
         <input_file_ref idref="fl-a7"/>
      </object_component>
      <object_component id="oc-73">
         <name>.debug_info</name>
         <load_address>0x1dc4</load_address>
         <run_address>0x1dc4</run_address>
         <size>0x16b</size>
         <input_file_ref idref="fl-c1"/>
      </object_component>
      <object_component id="oc-75">
         <name>.debug_info</name>
         <load_address>0x1f2f</load_address>
         <run_address>0x1f2f</run_address>
         <size>0x18f</size>
         <input_file_ref idref="fl-d1"/>
      </object_component>
      <object_component id="oc-7a">
         <name>.debug_info</name>
         <load_address>0x20be</load_address>
         <run_address>0x20be</run_address>
         <size>0x165</size>
         <input_file_ref idref="fl-dc"/>
      </object_component>
      <object_component id="oc-7f">
         <name>.debug_info</name>
         <load_address>0x2223</load_address>
         <run_address>0x2223</run_address>
         <size>0x160</size>
         <input_file_ref idref="fl-d0"/>
      </object_component>
      <object_component id="oc-85">
         <name>.debug_info</name>
         <load_address>0x2383</load_address>
         <run_address>0x2383</run_address>
         <size>0xaf6</size>
         <input_file_ref idref="fl-29"/>
      </object_component>
      <object_component id="oc-8b">
         <name>.debug_info</name>
         <load_address>0x2e79</load_address>
         <run_address>0x2e79</run_address>
         <size>0x94</size>
         <input_file_ref idref="fl-a7"/>
      </object_component>
      <object_component id="oc-91">
         <name>.debug_info</name>
         <load_address>0x2f0d</load_address>
         <run_address>0x2f0d</run_address>
         <size>0x128</size>
         <input_file_ref idref="fl-af"/>
      </object_component>
      <object_component id="oc-94">
         <name>.debug_info</name>
         <load_address>0x3035</load_address>
         <run_address>0x3035</run_address>
         <size>0x11f</size>
         <input_file_ref idref="fl-af"/>
      </object_component>
      <object_component id="oc-99">
         <name>.debug_info</name>
         <load_address>0x3154</load_address>
         <run_address>0x3154</run_address>
         <size>0x8d</size>
         <input_file_ref idref="fl-a8"/>
      </object_component>
      <object_component id="oc-9f">
         <name>.debug_info</name>
         <load_address>0x31e1</load_address>
         <run_address>0x31e1</run_address>
         <size>0x46</size>
         <input_file_ref idref="fl-a8"/>
      </object_component>
      <object_component id="oc-a4">
         <name>.debug_info</name>
         <load_address>0x3227</load_address>
         <run_address>0x3227</run_address>
         <size>0xe6</size>
         <input_file_ref idref="fl-a8"/>
      </object_component>
      <object_component id="oc-a5">
         <name>.debug_info</name>
         <load_address>0x330d</load_address>
         <run_address>0x330d</run_address>
         <size>0x2c</size>
         <input_file_ref idref="fl-a9"/>
      </object_component>
      <object_component id="oc-aa">
         <name>.debug_info</name>
         <load_address>0x3339</load_address>
         <run_address>0x3339</run_address>
         <size>0x1ce</size>
         <input_file_ref idref="fl-aa"/>
      </object_component>
      <object_component id="oc-b0">
         <name>.debug_info</name>
         <load_address>0x3507</load_address>
         <run_address>0x3507</run_address>
         <size>0x1d4</size>
         <input_file_ref idref="fl-2b"/>
      </object_component>
      <object_component id="oc-b5">
         <name>.debug_info</name>
         <load_address>0x36db</load_address>
         <run_address>0x36db</run_address>
         <size>0x110</size>
         <input_file_ref idref="fl-af"/>
      </object_component>
      <object_component id="oc-ba">
         <name>.debug_info</name>
         <load_address>0x37eb</load_address>
         <run_address>0x37eb</run_address>
         <size>0x70</size>
         <input_file_ref idref="fl-c1"/>
      </object_component>
      <object_component id="oc-c0">
         <name>.debug_info</name>
         <load_address>0x385b</load_address>
         <run_address>0x385b</run_address>
         <size>0x141</size>
         <input_file_ref idref="fl-d1"/>
      </object_component>
      <object_component id="oc-c2">
         <name>.debug_info</name>
         <load_address>0x399c</load_address>
         <run_address>0x399c</run_address>
         <size>0x254</size>
         <input_file_ref idref="fl-dc"/>
      </object_component>
      <object_component id="oc-c5">
         <name>.debug_info</name>
         <load_address>0x3bf0</load_address>
         <run_address>0x3bf0</run_address>
         <size>0x6ba</size>
         <input_file_ref idref="fl-22"/>
      </object_component>
      <object_component id="oc-cb">
         <name>.debug_info</name>
         <load_address>0x42aa</load_address>
         <run_address>0x42aa</run_address>
         <size>0x9c</size>
         <input_file_ref idref="fl-22"/>
      </object_component>
      <object_component id="oc-d3">
         <name>.debug_info</name>
         <load_address>0x4346</load_address>
         <run_address>0x4346</run_address>
         <size>0x137</size>
         <input_file_ref idref="fl-b4"/>
      </object_component>
      <object_component id="oc-d8">
         <name>.debug_info</name>
         <load_address>0x447d</load_address>
         <run_address>0x447d</run_address>
         <size>0x128</size>
         <input_file_ref idref="fl-c3"/>
      </object_component>
      <object_component id="oc-dd">
         <name>.debug_info</name>
         <load_address>0x45a5</load_address>
         <run_address>0x45a5</run_address>
         <size>0x437</size>
         <input_file_ref idref="fl-bc"/>
      </object_component>
      <object_component id="oc-e2">
         <name>.debug_info</name>
         <load_address>0x49dc</load_address>
         <run_address>0x49dc</run_address>
         <size>0x129</size>
         <input_file_ref idref="fl-c6"/>
      </object_component>
      <object_component id="oc-e7">
         <name>.debug_info</name>
         <load_address>0x4b05</load_address>
         <run_address>0x4b05</run_address>
         <size>0x113</size>
         <input_file_ref idref="fl-b0"/>
      </object_component>
      <object_component id="oc-ec">
         <name>.debug_info</name>
         <load_address>0x4c18</load_address>
         <run_address>0x4c18</run_address>
         <size>0x162</size>
         <input_file_ref idref="fl-ba"/>
      </object_component>
      <object_component id="oc-f1">
         <name>.debug_info</name>
         <load_address>0x4d7a</load_address>
         <run_address>0x4d7a</run_address>
         <size>0x157</size>
         <input_file_ref idref="fl-bb"/>
      </object_component>
      <object_component id="oc-f6">
         <name>.debug_info</name>
         <load_address>0x4ed1</load_address>
         <run_address>0x4ed1</run_address>
         <size>0x2a4</size>
         <input_file_ref idref="fl-b9"/>
      </object_component>
      <object_component id="oc-fb">
         <name>.debug_info</name>
         <load_address>0x5175</load_address>
         <run_address>0x5175</run_address>
         <size>0x77</size>
         <input_file_ref idref="fl-24"/>
      </object_component>
      <object_component id="oc-103">
         <name>.debug_info</name>
         <load_address>0x51ec</load_address>
         <run_address>0x51ec</run_address>
         <size>0x6af</size>
         <input_file_ref idref="fl-28"/>
      </object_component>
      <object_component id="oc-109">
         <name>.debug_info</name>
         <load_address>0x589b</load_address>
         <run_address>0x589b</run_address>
         <size>0x164</size>
         <input_file_ref idref="fl-c2"/>
      </object_component>
      <object_component id="oc-10e">
         <name>.debug_info</name>
         <load_address>0x59ff</load_address>
         <run_address>0x59ff</run_address>
         <size>0x1fd</size>
         <input_file_ref idref="fl-26"/>
      </object_component>
      <object_component id="oc-114">
         <name>.debug_info</name>
         <load_address>0x5bfc</load_address>
         <run_address>0x5bfc</run_address>
         <size>0xde9</size>
         <input_file_ref idref="fl-24"/>
      </object_component>
      <object_component id="oc-11a">
         <name>.debug_info</name>
         <load_address>0x69e5</load_address>
         <run_address>0x69e5</run_address>
         <size>0xc8</size>
         <input_file_ref idref="fl-c4"/>
      </object_component>
      <object_component id="oc-11f">
         <name>.debug_info</name>
         <load_address>0x6aad</load_address>
         <run_address>0x6aad</run_address>
         <size>0x3526</size>
         <input_file_ref idref="fl-25"/>
      </object_component>
      <object_component id="oc-126">
         <name>.debug_info</name>
         <load_address>0x9fd3</load_address>
         <run_address>0x9fd3</run_address>
         <size>0x172</size>
         <input_file_ref idref="fl-29"/>
      </object_component>
      <object_component id="oc-129">
         <name>.debug_info</name>
         <load_address>0xa145</load_address>
         <run_address>0xa145</run_address>
         <size>0x29e</size>
         <input_file_ref idref="fl-29"/>
      </object_component>
      <object_component id="oc-12c">
         <name>.debug_info</name>
         <load_address>0xa3e3</load_address>
         <run_address>0xa3e3</run_address>
         <size>0x177</size>
         <input_file_ref idref="fl-29"/>
      </object_component>
      <object_component id="oc-12f">
         <name>.debug_info</name>
         <load_address>0xa55a</load_address>
         <run_address>0xa55a</run_address>
         <size>0x1d9</size>
         <input_file_ref idref="fl-b"/>
      </object_component>
      <object_component id="oc-134">
         <name>.debug_info</name>
         <load_address>0xa733</load_address>
         <run_address>0xa733</run_address>
         <size>0x740</size>
         <input_file_ref idref="fl-29"/>
      </object_component>
      <object_component id="oc-135">
         <name>.debug_info</name>
         <load_address>0xae73</load_address>
         <run_address>0xae73</run_address>
         <size>0x94</size>
         <input_file_ref idref="fl-6"/>
      </object_component>
      <object_component id="oc-13c">
         <name>.debug_info</name>
         <load_address>0xaf07</load_address>
         <run_address>0xaf07</run_address>
         <size>0x12c</size>
         <input_file_ref idref="fl-af"/>
      </object_component>
      <object_component id="oc-144">
         <name>.debug_info</name>
         <load_address>0xb033</load_address>
         <run_address>0xb033</run_address>
         <size>0x8d</size>
         <input_file_ref idref="fl-2a"/>
      </object_component>
      <object_component id="oc-149">
         <name>.debug_info</name>
         <load_address>0xb0c0</load_address>
         <run_address>0xb0c0</run_address>
         <size>0x2c</size>
         <input_file_ref idref="fl-2a"/>
      </object_component>
      <object_component id="oc-150">
         <name>.debug_info</name>
         <load_address>0xb0ec</load_address>
         <run_address>0xb0ec</run_address>
         <size>0xcd</size>
         <input_file_ref idref="fl-d1"/>
      </object_component>
      <object_component id="oc-158">
         <name>.debug_info</name>
         <load_address>0xb1b9</load_address>
         <run_address>0xb1b9</run_address>
         <size>0x1708</size>
         <input_file_ref idref="fl-20"/>
      </object_component>
      <object_component id="oc-15e">
         <name>.debug_info</name>
         <load_address>0xc8c1</load_address>
         <run_address>0xc8c1</run_address>
         <size>0x38b</size>
         <input_file_ref idref="fl-17"/>
      </object_component>
      <object_component id="oc-164">
         <name>.debug_info</name>
         <load_address>0xcc4c</load_address>
         <run_address>0xcc4c</run_address>
         <size>0x8f</size>
         <input_file_ref idref="fl-7"/>
      </object_component>
      <object_component id="oc-16a">
         <name>.debug_info</name>
         <load_address>0xccdb</load_address>
[...]
      </symbol>
      <symbol id="sm-54b">
         <name>IntEnable</name>
         <value>0x80004f80</value>
         <object_component_ref idref="oc-1e1"/>
      </symbol>
      <symbol id="sm-54c">
         <name>_c674x_mask_int8_isr</name>
         <value>0x80000c68</value>
         <object_component_ref idref="oc-30"/>
      </symbol>
      <symbol id="sm-54d">
         <name>IntGlobalRestore</name>
         <value>0x80005020</value>
         <object_component_ref idref="oc-1e1"/>
      </symbol>
      <symbol id="sm-54e">
         <name>_c674x_mask_int11_isr</name>
         <value>0x800011c0</value>
         <object_component_ref idref="oc-30"/>
      </symbol>
      <symbol id="sm-54f">
         <name>IntGlobalEnable</name>
         <value>0x80004ff8</value>
         <object_component_ref idref="oc-1e1"/>
      </symbol>
      <symbol id="sm-550">
         <name>IntEventClear</name>
         <value>0x80004d78</value>
         <object_component_ref idref="oc-1e1"/>
      </symbol>
      <symbol id="sm-551">
         <name>_c674x_mask_int7_isr</name>
         <value>0x80000aa4</value>
         <object_component_ref idref="oc-30"/>
      </symbol>
      <symbol id="sm-552">
         <name>_c674x_mask_int10_isr</name>
         <value>0x80000ff8</value>
         <object_component_ref idref="oc-30"/>
      </symbol>
      <symbol id="sm-553">
         <name>_c674x_mask_int6_isr</name>
         <value>0x800008e0</value>
         <object_component_ref idref="oc-30"/>
      </symbol>
      <symbol id="sm-554">
         <name>ExcCombineRemove</name>
         <value>0x800050a0</value>
         <object_component_ref idref="oc-1e1"/>
      </symbol>
      <symbol id="sm-555">
         <name>_c674x_mask_int13_isr</name>
         <value>0x80001548</value>
         <object_component_ref idref="oc-30"/>
      </symbol>
      <symbol id="sm-556">
         <name>IntDisable</name>
         <value>0x80004fb0</value>
         <object_component_ref idref="oc-1e1"/>
      </symbol>
      <symbol id="sm-557">
         <name>IntRegister</name>
         <value>0x80004c70</value>
         <object_component_ref idref="oc-1e1"/>
      </symbol>
      <symbol id="sm-558">
         <name>ExcCombineAdd</name>
         <value>0x80005058</value>
         <object_component_ref idref="oc-1e1"/>
      </symbol>
      <symbol id="sm-559">
         <name>IntGlobalDisable</name>
         <value>0x8000500c</value>
         <object_component_ref idref="oc-1e1"/>
      </symbol>
      <symbol id="sm-55a">
         <name>_c674x_rsvd_int3_isr</name>
         <value>0x80000388</value>
         <object_component_ref idref="oc-30"/>
      </symbol>
      <symbol id="sm-55b">
         <name>_c674x_nmi_isr</name>
         <value>0x80000000</value>
         <object_component_ref idref="oc-30"/>
      </symbol>
      <symbol id="sm-55c">
         <name>_c674x_mask_int5_isr</name>
         <value>0x80000718</value>
         <object_component_ref idref="oc-30"/>
      </symbol>
      <symbol id="sm-55d">
         <name>_c674x_mask_int12_isr</name>
         <value>0x80001384</value>
         <object_component_ref idref="oc-30"/>
      </symbol>
      <symbol id="sm-55e">
         <name>ExcGlobalEnable</name>
         <value>0x80005038</value>
         <object_component_ref idref="oc-1e1"/>
      </symbol>
      <symbol id="sm-55f">
         <name>_c674x_rsvd_int2_isr</name>
         <value>0x800001c4</value>
         <object_component_ref idref="oc-30"/>
      </symbol>
      <symbol id="sm-560">
         <name>_c674x_mask_int4_isr</name>
         <value>0x80000550</value>
         <object_component_ref idref="oc-30"/>
      </symbol>
      <symbol id="sm-561">
         <name>IntDSPINTCInit</name>
         <value>0x80004c00</value>
         <object_component_ref idref="oc-1e1"/>
      </symbol>
      <symbol id="sm-562">
         <name>IntEventCombineInit</name>
         <value>0x80004db0</value>
         <object_component_ref idref="oc-1e1"/>
      </symbol>
      <symbol id="sm-563">
         <name>_c674x_mask_int15_isr</name>
         <value>0x800018d8</value>
         <object_component_ref idref="oc-30"/>
      </symbol>
      <symbol id="sm-564">
         <name>IntEventSet</name>
         <value>0x80004d44</value>
         <object_component_ref idref="oc-1e1"/>
      </symbol>
      <symbol id="sm-565">
         <name>IntEventCombineAdd</name>
         <value>0x80004eb4</value>
         <object_component_ref idref="oc-1e1"/>
      </symbol>
      <symbol id="sm-566">
         <name>_c674x_mask_int14_isr</name>
         <value>0x80001710</value>
         <object_component_ref idref="oc-30"/>
      </symbol>
      <symbol id="sm-567">
         <name>IntEventCombineRemove</name>
         <value>0x80004f08</value>
         <object_component_ref idref="oc-1e1"/>
      </symbol>
      <symbol id="sm-568">
         <name>IntReset</name>
         <value>0x80004fe4</value>
         <object_component_ref idref="oc-1e1"/>
      </symbol>
      <symbol id="sm-570">
         <name>_intcVectorTable</name>
         <value>0x80009c00</value>
         <object_component_ref idref="oc-18"/>
      </symbol>
      <symbol id="sm-58d">
         <name>_c_int00</name>
         <value>0x8000d120</value>
         <object_component_ref idref="oc-17"/>
      </symbol>
      <symbol id="sm-58e">
         <name>_stack</name>
         <value>0x80015618</value>
         <object_component_ref idref="oc-36"/>
      </symbol>
      <symbol id="sm-5a8">
         <name>__TI_decompress_none</name>
         <value>0x8000db00</value>
         <object_component_ref idref="oc-21"/>
      </symbol>
      <symbol id="sm-5cb">
         <name>__TI_decompress_rle24</name>
         <value>0x8000db20</value>
         <object_component_ref idref="oc-2b"/>
      </symbol>
      <symbol id="sm-5dc">
         <name>__TI_zero_init</name>
         <value>0x8000bd40</value>
         <object_component_ref idref="oc-26"/>
      </symbol>
      <symbol id="sm-5f1">
         <name>__c6xabi_divd</name>
         <value>0x800057a0</value>
         <object_component_ref idref="oc-250"/>
      </symbol>
      <symbol id="sm-5ff">
         <name>__c6xabi_divf</name>
         <value>0x80008800</value>
         <object_component_ref idref="oc-241"/>
      </symbol>
      <symbol id="sm-608">
         <name>__c6xabi_divi</name>
         <value>0x8000baa0</value>
         <object_component_ref idref="oc-24b"/>
      </symbol>
      <symbol id="sm-609">
         <name>__divi</name>
         <value>0x8000baa0</value>
         <object_component_ref idref="oc-24b"/>
      </symbol>
      <symbol id="sm-612">
         <name>__c6xabi_divu</name>
         <value>0x8000c240</value>
         <object_component_ref idref="oc-196"/>
      </symbol>
      <symbol id="sm-613">
         <name>__divu</name>
         <value>0x8000c240</value>
         <object_component_ref idref="oc-196"/>
      </symbol>
      <symbol id="sm-635">
         <name>C$$EXIT</name>
         <value>0x8000dae0</value>
         <object_component_ref idref="oc-93"/>
      </symbol>
      <symbol id="sm-636">
         <name>_dtors_ptr</name>
         <value>0x80016914</value>
         <object_component_ref idref="oc-90"/>
      </symbol>
      <symbol id="sm-637">
         <name>abort</name>
         <value>0x8000dae0</value>
         <object_component_ref idref="oc-93"/>
      </symbol>
      <symbol id="sm-638">
         <name>_cleanup_ptr</name>
         <value>0x80016910</value>
         <object_component_ref idref="oc-90"/>
      </symbol>
      <symbol id="sm-639">
         <name>exit</name>
         <value>0x8000c600</value>
         <object_component_ref idref="oc-46"/>
      </symbol>
      <symbol id="sm-63a">
         <name>__TI_enable_exit_profile_output</name>
         <value>0x80016918</value>
         <object_component_ref idref="oc-90"/>
      </symbol>
      <symbol id="sm-664">
         <name>_closefile</name>
         <value>0x8000ae40</value>
         <object_component_ref idref="oc-1b3"/>
      </symbol>
      <symbol id="sm-665">
         <name>fclose</name>
         <value>0x8000d3e0</value>
         <object_component_ref idref="oc-e6"/>
      </symbol>
      <symbol id="sm-673">
         <name>_doflush</name>
         <value>0x8000c480</value>
         <object_component_ref idref="oc-191"/>
      </symbol>
      <symbol id="sm-67e">
         <name>__c6xabi_fixdu</name>
         <value>0x8000cfa0</value>
         <object_component_ref idref="oc-255"/>
      </symbol>
      <symbol id="sm-689">
         <name>__c6xabi_fixfu</name>
         <value>0x8000d020</value>
         <object_component_ref idref="oc-246"/>
      </symbol>
      <symbol id="sm-6c1">
         <name>fopen</name>
         <value>0x8000d440</value>
         <object_component_ref idref="oc-d2"/>
      </symbol>
      <symbol id="sm-6c2">
         <name>_cleanup</name>
         <value>0x8000c820</value>
         <object_component_ref idref="oc-28f"/>
      </symbol>
      <symbol id="sm-6e0">
         <name>fprintf</name>
         <value>0x8000b7e0</value>
         <object_component_ref idref="oc-25a"/>
      </symbol>
      <symbol id="sm-6fc">
         <name>fputc</name>
         <value>0x80009620</value>
         <object_component_ref idref="oc-2aa"/>
      </symbol>
      <symbol id="sm-71c">
         <name>fputs</name>
         <value>0x800072e0</value>
         <object_component_ref idref="oc-2a4"/>
      </symbol>
      <symbol id="sm-724">
         <name>__c6xabi_frcmpyd_div</name>
         <value>0x8000d7a0</value>
         <object_component_ref idref="oc-32c"/>
      </symbol>
      <symbol id="sm-743">
         <name>fread</name>
         <value>0x80008000</value>
         <object_component_ref idref="oc-f5"/>
      </symbol>
      <symbol id="sm-755">
         <name>fseek</name>
         <value>0x8000b1a0</value>
         <object_component_ref idref="oc-eb"/>
      </symbol>
      <symbol id="sm-767">
         <name>ftell</name>
         <value>0x8000b2c0</value>
         <object_component_ref idref="oc-f0"/>
      </symbol>
      <symbol id="sm-792">
         <name>fwrite</name>
         <value>0x80006260</value>
         <object_component_ref idref="oc-dc"/>
      </symbol>
      <symbol id="sm-7aa">
         <name>__c6xabi_llshru</name>
         <value>0x8000d860</value>
         <object_component_ref idref="oc-327"/>
      </symbol>
      <symbol id="sm-7ab">
         <name>__c6xabi_llshl</name>
         <value>0x8000d0a0</value>
         <object_component_ref idref="oc-4b8"/>
      </symbol>
      <symbol id="sm-82d">
         <name>open</name>
         <value>0x8000a7e0</value>
         <object_component_ref idref="oc-294"/>
      </symbol>
      <symbol id="sm-82e">
         <name>lseek</name>
         <value>0x8000cbe0</value>
         <object_component_ref idref="oc-1ba"/>
      </symbol>
      <symbol id="sm-82f">
         <name>read</name>
         <value>0x8000ce60</value>
         <object_component_ref idref="oc-1d2"/>
      </symbol>
      <symbol id="sm-830">
         <name>write</name>
         <value>0x8000cf00</value>
         <object_component_ref idref="oc-19b"/>
      </symbol>
      <symbol id="sm-831">
         <name>close</name>
         <value>0x8000bc60</value>
         <object_component_ref idref="oc-2e7"/>
      </symbol>
      <symbol id="sm-832">
         <name>unlink</name>
         <value>0x8000d2a0</value>
         <object_component_ref idref="oc-2ec"/>
      </symbol>
      <symbol id="sm-83b">
         <name>memcpy</name>
         <value>0x8000cc80</value>
         <object_component_ref idref="oc-4d"/>
      </symbol>
      <symbol id="sm-892">
         <name>_sys_memory</name>
         <value>0x80015e18</value>
         <object_component_ref idref="oc-39"/>
      </symbol>
      <symbol id="sm-893">
         <name>free</name>
         <value>0x80008a80</value>
         <object_component_ref idref="oc-2e2"/>
      </symbol>
      <symbol id="sm-894">
         <name>malloc</name>
         <value>0x8000a660</value>
         <object_component_ref idref="oc-388"/>
      </symbol>
      <symbol id="sm-895">
         <name>_minit</name>
         <value>0x8000ca00</value>
         <object_component_ref idref="oc-412"/>
      </symbol>
      <symbol id="sm-8a1">
         <name>memset</name>
         <value>0x8000bf00</value>
         <object_component_ref idref="oc-108"/>
      </symbol>
      <symbol id="sm-8bf">
         <name>printf</name>
         <value>0x8000bfe0</value>
         <object_component_ref idref="oc-d7"/>
      </symbol>
      <symbol id="sm-8c8">
         <name>__remi</name>
         <value>0x8000c300</value>
         <object_component_ref idref="oc-119"/>
      </symbol>
      <symbol id="sm-8c9">
         <name>__c6xabi_remi</name>
         <value>0x8000c300</value>
         <object_component_ref idref="oc-119"/>
      </symbol>
      <symbol id="sm-8e8">
         <name>sprintf</name>
         <value>0x8000d620</value>
         <object_component_ref idref="oc-e1"/>
      </symbol>
      <symbol id="sm-92d">
         <name>HOSTrename</name>
         <value>0x8000a360</value>
         <object_component_ref idref="oc-438"/>
      </symbol>
      <symbol id="sm-92e">
         <name>HOSTclose</name>
         <value>0x8000c780</value>
         <object_component_ref idref="oc-41f"/>
      </symbol>
      <symbol id="sm-92f">
         <name>HOSTunlink</name>
         <value>0x8000c0c0</value>
         <object_component_ref idref="oc-433"/>
      </symbol>
      <symbol id="sm-930">
         <name>HOSTlseek</name>
         <value>0x8000b3e0</value>
         <object_component_ref idref="oc-42e"/>
      </symbol>
      <symbol id="sm-931">
         <name>HOSTopen</name>
         <value>0x8000b8e0</value>
         <object_component_ref idref="oc-41a"/>
      </symbol>
      <symbol id="sm-932">
         <name>HOSTwrite</name>
         <value>0x8000c180</value>
         <object_component_ref idref="oc-429"/>
      </symbol>
      <symbol id="sm-933">
         <name>HOSTread</name>
         <value>0x8000b9c0</value>
         <object_component_ref idref="oc-424"/>
      </symbol>
      <symbol id="sm-94b">
         <name>writemsg</name>
         <value>0x8000d740</value>
         <object_component_ref idref="oc-480"/>
      </symbol>
      <symbol id="sm-94c">
         <name>C$$IO$$</name>
         <value>0x8000d798</value>
         <object_component_ref idref="oc-480"/>
      </symbol>
      <symbol id="sm-94d">
         <name>__CIOBUF_</name>
         <value>0x80016c08</value>
         <object_component_ref idref="oc-4ad"/>
      </symbol>
      <symbol id="sm-94e">
         <name>readmsg</name>
         <value>0x8000d220</value>
         <object_component_ref idref="oc-485"/>
      </symbol>
      <symbol id="sm-95d">
         <name>_buff_read</name>
         <value>0x8000ad20</value>
         <object_component_ref idref="oc-1cd"/>
      </symbol>
      <symbol id="sm-976">
         <name>_wrt_ok</name>
         <value>0x8000b5e0</value>
         <object_component_ref idref="oc-18c"/>
      </symbol>
      <symbol id="sm-977">
         <name>_rd_ok</name>
         <value>0x8000c540</value>
         <object_component_ref idref="oc-1c8"/>
      </symbol>
      <symbol id="sm-987">
         <name>_nop</name>
         <value>0x8000da20</value>
         <object_component_ref idref="oc-282"/>
      </symbol>
      <symbol id="sm-988">
         <name>_lock</name>
         <value>0x80016928</value>
         <object_component_ref idref="oc-169"/>
      </symbol>
      <symbol id="sm-989">
         <name>_unlock</name>
         <value>0x8001692c</value>
         <object_component_ref idref="oc-169"/>
      </symbol>
      <symbol id="sm-adc">
         <name>_printfi</name>
         <value>0x80006720</value>
         <object_component_ref idref="oc-185"/>
      </symbol>
      <symbol id="sm-ae4">
         <name>_args_main</name>
         <value>0x8000d8a0</value>
         <object_component_ref idref="oc-41"/>
      </symbol>
      <symbol id="sm-af3">
         <name>atoi</name>
         <value>0x8000bb80</value>
         <object_component_ref idref="oc-369"/>
      </symbol>
      <symbol id="sm-b00">
         <name>_auto_init_elf</name>
         <value>0x8000b4e0</value>
         <object_component_ref idref="oc-3c"/>
      </symbol>
      <symbol id="sm-b0b">
         <name>__TI_cpp_init</name>
         <value>0x8000d320</value>
         <object_component_ref idref="oc-7e"/>
      </symbol>
      <symbol id="sm-b21">
         <name>copy_in</name>
         <value>0x8000b6e0</value>
         <object_component_ref idref="oc-74"/>
      </symbol>
      <symbol id="sm-b2b">
         <name>_ctypes_</name>
         <value>0x80016940</value>
         <object_component_ref idref="oc-3e1"/>
      </symbol>
      <symbol id="sm-b3f">
         <name>_tmpnams</name>
         <value>0x800154b0</value>
         <object_component_ref idref="oc-2f1"/>
      </symbol>
      <symbol id="sm-b40">
         <name>_ftable</name>
         <value>0x80016618</value>
         <object_component_ref idref="oc-178"/>
      </symbol>
      <symbol id="sm-b41">
         <name>_ft_end</name>
         <value>0x80016930</value>
         <object_component_ref idref="oc-28b"/>
      </symbol>
      <symbol id="sm-b51">
         <name>__errno</name>
         <value>0x80016934</value>
         <object_component_ref idref="oc-2ff"/>
      </symbol>
      <symbol id="sm-b52">
         <name>errno</name>
         <value>0x80016934</value>
         <object_component_ref idref="oc-2ff"/>
      </symbol>
      <symbol id="sm-b53">
         <name>__c6xabi_errno_addr</name>
         <value>0x8000d9e0</value>
         <object_component_ref idref="oc-1c1"/>
      </symbol>
      <symbol id="sm-b5d">
         <name>__c6xabi_divul</name>
         <value>0x8000a1c0</value>
         <object_component_ref idref="oc-4a0"/>
      </symbol>
      <symbol id="sm-b73">
         <name>_subcull</name>
         <value>0x8000d380</value>
         <object_component_ref idref="oc-4bd"/>
      </symbol>
      <symbol id="sm-b74">
         <name>__c6xabi_divull</name>
         <value>0x80008d00</value>
         <object_component_ref idref="oc-4a5"/>
      </symbol>
      <symbol id="sm-b7c">
         <name>__c6xabi_isinf</name>
         <value>0x8000d7e0</value>
         <object_component_ref idref="oc-3eb"/>
      </symbol>
      <symbol id="sm-b87">
         <name>ltoa</name>
         <value>0x8000be20</value>
         <object_component_ref idref="oc-496"/>
      </symbol>
      <symbol id="sm-b95">
         <name>memccpy</name>
         <value>0x8000d4a0</value>
         <object_component_ref idref="oc-379"/>
      </symbol>
      <symbol id="sm-ba2">
         <name>__c6xabi_negll</name>
         <value>0x8000da00</value>
         <object_component_ref idref="oc-405"/>
      </symbol>
      <symbol id="sm-bba">
         <name>setvbuf</name>
         <value>0x80009e00</value>
         <object_component_ref idref="oc-2cd"/>
      </symbol>
      <symbol id="sm-bc8">
         <name>__TI_tls_init</name>
         <value>0x8000c6c0</value>
         <object_component_ref idref="oc-79"/>
      </symbol>
      <symbol id="sm-bcb">
         <name>__TI_STATIC_BASE</name>
         <value>0x80016d28</value>
      </symbol>
      <symbol id="sm-bcc">
         <name>__TI_args_main</name>
         <value>0x1</value>
      </symbol>
      <symbol id="sm-bcd">
         <name>__TI_INITARRAY_Base</name>
         <value>0x0</value>
      </symbol>
      <symbol id="sm-bce">
         <name>__TI_INITARRAY_Limit</name>
         <value>0x0</value>
      </symbol>
      <symbol id="sm-bcf">
         <name>__TI_TLS_INIT_Base</name>
         <value>0x0</value>
      </symbol>
      <symbol id="sm-bd0">
         <name>__TI_TLS_INIT_Limit</name>
         <value>0x0</value>
      </symbol>
      <symbol id="sm-bd3">
         <name>remove</name>
         <value>0x8000d2a0</value>
      </symbol>
   </symbol_table>
</link_info>
