******************************************************************************
               TMS320C6x Linker PC v7.4.16                     
******************************************************************************
>> Linked Fri Aug 05 21:06:30 2016

OUTPUT FILE NAME:   <fPGA_daul_ccd_8M_binsong.out>
ENTRY POINT SYMBOL: "_c_int00"  address: 8000d120


MEMORY CONFIGURATION

         name            origin    length      used     unused   attr    fill
----------------------  --------  ---------  --------  --------  ----  --------
  DSPL2ROM              00700000   00100000  00000000  00100000  RWIX
  DSPL2RAM              00800000   00040000  00000000  00040000  RWIX
  DSPL1PRAM             00e00000   00008000  00000000  00008000  RWIX
  DSPL1DRAM             00f00000   00008000  00000000  00008000  RWIX
  SHDSPL2ROM            11700000   00100000  00000000  00100000  RWIX
  SHDSPL2RAM            11800000   00040000  00000000  00040000  RWIX
  SHDSPL1PRAM           11e00000   00008000  00000000  00008000  RWIX
  SHDSPL1DRAM           11f00000   00008000  00000000  00008000  RWIX
  EMIFACS0              40000000   20000000  00000000  20000000  RWIX
  EMIFACS2              60000000   02000000  00000000  02000000  RWIX
  EMIFACS3              62000000   02000000  00000000  02000000  RWIX
  EMIFACS4              64000000   02000000  00000000  02000000  RWIX
  EMIFACS5              66000000   02000000  00000000  02000000  RWIX
  SHRAM                 80000000   00020000  00016e3c  000091c4  RWIX
  DDR2                  c0000000   20000000  00000000  20000000  RWIX


SEGMENT ALLOCATION MAP

run origin  load origin   length   init length attrs members
----------  ----------- ---------- ----------- ----- -------
80000000    80000000    0000dbc0   0000dbc0    r-x
  80000000    80000000    0000dbc0   0000dbc0    r-x .text
8000dbc0    8000dbc0    00008a58   00000000    rw-
  8000dbc0    8000dbc0    00007a58   00000000    rw- .far
  80015618    80015618    00000800   00000000    rw- .stack
  80015e18    80015e18    00000800   00000000    rw- .sysmem
80016618    80016618    00000328   00000328    rw-
  80016618    80016618    00000328   00000328    rw- .fardata
80016940    80016940    000002c4   000002c4    r--
  80016940    80016940    000002c4   000002c4    r-- .const
80016c08    80016c08    00000120   00000000    rw-
  80016c08    80016c08    00000120   00000000    rw- .cio
80016d28    80016d28    00000048   00000034    rw-
  80016d28    80016d28    00000034   00000034    rw- .neardata
  80016d5c    80016d5c    00000014   00000000    rw- .bss
80016d70    80016d70    000000d0   000000d0    r--
  80016d70    80016d70    000000d0   000000d0    r-- .cinit


SECTION ALLOCATION MAP

 output                                  attributes/
section   page    origin      length       input sections
--------  ----  ----------  ----------   ----------------
.init_array 
*          0    80000000    00000000     UNINITIALIZED

.text      0    80000000    0000dbc0     
                  80000000    00001aa0     interrupt.obj (.text:retain)
                  80001aa0    000018a0     dataprocess.obj (.text)
                  80003340    00000c00     evmomapl138.obj (.text)
                  80003f40    00000680     ad9822.obj (.text)
                  800045c0    00000640     main.obj (.text)
                  80004c00    000005e0     interrupt.obj (.text)
                  800051e0    000005c0     rts6740_elf.lib : _printfi.obj (.text:_getarg_diouxp)
                  800057a0    000005a0                     : divd.obj (.text:__c6xabi_divd)
                  80005d40    00000520                     : _printfi.obj (.text:_setfield)
                  80006260    000004c0                     : fwrite.obj (.text:fwrite)
                  80006720    00000460                     : _printfi.obj (.text:_printfi)
                  80006b80    000003c0     fpga_upp.obj (.text)
                  80006f40    000003a0     evmomapl138_uart.obj (.text)
                  800072e0    000003a0     rts6740_elf.lib : fputs.obj (.text:fputs)
                  80007680    00000380     Io_fpga.obj (.text)
                  80007a00    00000320     rts6740_elf.lib : _printfi.obj (.text:_pproc_fge)
                  80007d20    000002e0                     : _printfi.obj (.text:_pproc_fwp)
                  80008000    000002c0                     : fread.obj (.text:fread)
                  800082c0    000002a0                     : _printfi.obj (.text:ecvt)
                  80008560    000002a0                     : _printfi.obj (.text:fcvt)
                  80008800    00000280                     : divf.obj (.text:__c6xabi_divf)
                  80008a80    00000280                     : memory.obj (.text:free)
                  80008d00    00000260                     : imath64.obj (.text:__c6xabi_divull)
                  80008f60    00000260                     : _printfi.obj (.text:_pconv_e)
                  800091c0    00000240                     : _printfi.obj (.text:_pproc_diouxp)
                  80009400    00000220                     : _printfi.obj (.text:_pproc_str)
                  80009620    00000220                     : fputc.obj (.text:fputc)
                  80009840    00000200                     : _printfi.obj (.text:_pconv_g)
                  80009a40    000001c0                     : _printfi.obj (.text:_mcpy)
                  80009c00    00000200     intvecs.obj (.text)
                  80009e00    00000200     rts6740_elf.lib : setvbuf.obj (.text:setvbuf)
                  8000a000    000001c0                     : fopen.obj (.text:_openfile)
                  8000a1c0    000001a0                     : imath40.obj (.text:__c6xabi_divul)
                  8000a360    00000180                     : trgdrv.obj (.text:HOSTrename)
                  8000a4e0    00000180                     : copy_decompress_rle.obj (.text:__TI_decompress_rle_core)
                  8000a660    00000180                     : memory.obj (.text:malloc)
                  8000a7e0    00000180                     : lowlev.obj (.text:open)
                  8000a960    00000140                     : _printfi.obj (.text:_pproc_fflags)
                  8000aaa0    00000140                     : lowlev.obj (.text:getdevice)
                  8000abe0    00000140     psc.obj (.text)
                  8000ad20    00000120     rts6740_elf.lib : _bufread.obj (.text:_buff_read)
                  8000ae40    00000120                     : fclose.obj (.text:_closefile)
                  8000af60    00000120                     : _printfi.obj (.text:_ltostr)
                  8000b080    00000120                     : fopen.obj (.text:_search_fp)
                  8000b1a0    00000120                     : fseek.obj (.text:fseek)
                  8000b2c0    00000120                     : ftell.obj (.text:ftell)
                  8000b3e0    00000100                     : trgdrv.obj (.text:HOSTlseek)
                  8000b4e0    00000100                     : autoinit.obj (.text:_auto_init_elf)
                  8000b5e0    00000100                     : _io_perm.obj (.text:_wrt_ok)
                  8000b6e0    00000100                     : cpy_tbl.obj (.text:copy_in)
                  8000b7e0    00000100                     : fprintf.obj (.text:fprintf)
                  8000b8e0    000000e0                     : trgdrv.obj (.text:HOSTopen)
                  8000b9c0    000000e0                     : trgdrv.obj (.text:HOSTread)
                  8000baa0    000000e0                     : divi.obj (.text:__divi)
                  8000bb80    000000e0                     : atoi.obj (.text:atoi)
                  8000bc60    000000e0                     : lowlev.obj (.text:close)
                  8000bd40    000000e0                     : copy_zero_init.obj (.text:decompress:ZI:__TI_zero_init)
                  8000be20    000000e0                     : ltoa.obj (.text:ltoa)
                  8000bf00    000000e0                     : memset.obj (.text:memset)
                  8000bfe0    000000e0                     : printf.obj (.text:printf)
                  8000c0c0    000000c0                     : trgdrv.obj (.text:HOSTunlink)
                  8000c180    000000c0                     : trgdrv.obj (.text:HOSTwrite)
                  8000c240    000000c0                     : divu.obj (.text:__divu)
                  8000c300    000000c0                     : remi.obj (.text:__remi)
                  8000c3c0    000000c0                     : _printfi.obj (.text:_div)
                  8000c480    000000c0                     : fflush.obj (.text:_doflush)
                  8000c540    000000c0                     : _io_perm.obj (.text:_rd_ok)
                  8000c600    000000c0                     : exit.obj (.text:exit)
                  8000c6c0    000000c0                     : tls.obj (.text:tls:init:__TI_tls_init)
                  8000c780    000000a0                     : trgdrv.obj (.text:HOSTclose)
                  8000c820    000000a0                     : fopen.obj (.text:_cleanup)
                  8000c8c0    000000a0                     : _printfi.obj (.text:_ecpy)
                  8000c960    000000a0                     : _printfi.obj (.text:_fcpy)
                  8000ca00    000000a0                     : memory.obj (.text:_minit)
                  8000caa0    000000a0                     : _printfi.obj (.text:_pconv_f)
                  8000cb40    000000a0                     : lowlev.obj (.text:finddevice)
                  8000cbe0    000000a0                     : lowlev.obj (.text:lseek)
                  8000cc80    000000a0                     : memcpy64.obj (.text:memcpy)
                  8000cd20    000000a0                     : memory.obj (.text:minsert)
                  8000cdc0    000000a0                     : memory.obj (.text:mremove)
                  8000ce60    000000a0                     : lowlev.obj (.text:read)
                  8000cf00    000000a0                     : lowlev.obj (.text:write)
                  8000cfa0    00000080                     : fixdu.obj (.text:__c6xabi_fixdu)
                  8000d020    00000080                     : fixfu.obj (.text:__c6xabi_fixfu)
                  8000d0a0    00000080                     : llshift.obj (.text:__c6xabi_llshl)
                  8000d120    00000080                     : boot.obj (.text:_c_int00)
                  8000d1a0    00000080     dsp_Uart.obj (.text)
                  8000d220    00000080     rts6740_elf.lib : trgmsg.obj (.text:readmsg)
                  8000d2a0    00000080                     : lowlev.obj (.text:unlink)
                  8000d320    00000060                     : cpp_init.obj (.text:__TI_cpp_init)
                  8000d380    00000060                     : imath64.obj (.text:_subcull)
                  8000d3e0    00000060                     : fclose.obj (.text:fclose)
                  8000d440    00000060                     : fopen.obj (.text:fopen)
                  8000d4a0    00000060                     : memccpy.obj (.text:memccpy)
                  8000d500    00000060     ad9822.obj (.text:set_en)
                  8000d560    00000060     ad9822.obj (.text:set_sda)
                  8000d5c0    00000060     ad9822.obj (.text:set_sdadir)
                  8000d620    00000060     rts6740_elf.lib : sprintf.obj (.text:sprintf)
                  8000d680    00000060                     : lowlev.obj (.text:tabinit)
                  8000d6e0    00000060     ad9822.obj (.text:write_mask_reg)
                  8000d740    00000060     rts6740_elf.lib : trgmsg.obj (.text:writemsg)
                  8000d7a0    00000040                     : frcmpyd_div.obj (.text:__c6xabi_frcmpyd_div)
                  8000d7e0    00000040                     : isinf.obj (.text:__c6xabi_isinf)
                  8000d820    00000040                     : _printfi.obj (.text:__c6xabi_isnan)
                  8000d860    00000040                     : llshift.obj (.text:__c6xabi_llshru)
                  8000d8a0    00000040                     : args_main.obj (.text:_args_main)
                  8000d8e0    00000040                     : sprintf.obj (.text:_outs)
                  8000d920    00000040     ad9822.obj (.text:delay)
                  8000d960    00000040     Io_fpga.obj (.text:dsp_delay)
                  8000d9a0    00000040     ad9822.obj (.text:read_sda)
                  8000d9e0    00000020     rts6740_elf.lib : errno.obj (.text:__c6xabi_errno_addr)
                  8000da00    00000020                     : negll.obj (.text:__c6xabi_negll)
                  8000da20    00000020                     : _lock.obj (.text:_nop)
                  8000da40    00000020                     : fprintf.obj (.text:_outc)
                  8000da60    00000020                     : printf.obj (.text:_outc)
                  8000da80    00000020                     : sprintf.obj (.text:_outc)
                  8000daa0    00000020                     : fprintf.obj (.text:_outs)
                  8000dac0    00000020                     : printf.obj (.text:_outs)
                  8000dae0    00000020                     : exit.obj (.text:abort)
                  8000db00    00000020                     : copy_decompress_none.obj (.text:decompress:none:__TI_decompress_none)
                  8000db20    00000020                     : copy_decompress_rle.obj (.text:decompress:rle24:__TI_decompress_rle24)
                  8000db40    00000020     ad9822.obj (.text:read_reg)
                  8000db60    00000020     ad9822.obj (.text:set_scl_H)
                  8000db80    00000020     ad9822.obj (.text:set_scl_L)
                  8000dba0    00000020     fpga_upp.obj (.text:write_reg)

.far       0    8000dbc0    00007a58     UNINITIALIZED
                  8000dbc0    000076b0     main.obj (.far)
                  80015270    00000240     interrupt.obj (.far)
                  800154b0    00000140     rts6740_elf.lib : defs.obj (.far)
                  800155f0    0000001c     fpga_upp.obj (.far)
                  8001560c    00000004     --HOLE--
                  80015610    00000008     rts6740_elf.lib : trgdrv.obj (.far)

.stack     0    80015618    00000800     UNINITIALIZED
                  80015618    00000008     rts6740_elf.lib : boot.obj (.stack)
                  80015620    000007f8     --HOLE--

.sysmem    0    80015e18    00000800     UNINITIALIZED
                  80015e18    00000008     rts6740_elf.lib : memory.obj (.sysmem)
                  80015e20    000007f8     --HOLE--

.fardata   0    80016618    00000328     
                  80016618    000001e0     rts6740_elf.lib : defs.obj (.fardata:_ftable)
                  800167f8    000000a0                     : lowlev.obj (.fardata:_stream)
                  80016898    00000078                     : lowlev.obj (.fardata:_device)
                  80016910    0000000c                     : exit.obj (.fardata)
                  8001691c    0000000c                     : memory.obj (.fardata)
                  80016928    00000008                     : _lock.obj (.fardata)
                  80016930    00000004                     : defs.obj (.fardata)
                  80016934    00000004                     : errno.obj (.fardata)
                  80016938    00000004                     : fopen.obj (.fardata)
                  8001693c    00000004                     : lowlev.obj (.fardata)

.const     0    80016940    000002c4     
                  80016940    00000101     rts6740_elf.lib : ctype.obj (.const:.string:_ctypes_)
                  80016a41    00000003     --HOLE-- [fill = 0]
                  80016a44    00000088     main.obj (.const:.string)
                  80016acc    00000068     dataprocess.obj (.const:.string)
                  80016b34    00000040     evmomapl138.obj (.const:.string)
                  80016b74    00000030     dsp_Uart.obj (.const:.string)
                  80016ba4    00000023     rts6740_elf.lib : _printfi.obj (.const:.string)
                  80016bc7    00000001     --HOLE-- [fill = 0]
                  80016bc8    00000014     dataprocess.obj (.const:$P$T0$1)
                  80016bdc    00000004     --HOLE-- [fill = 0]
                  80016be0    00000014     dataprocess.obj (.const:$P$T1$2)
                  80016bf4    00000010     evmomapl138_uart.obj (.const:.string)

.cio       0    80016c08    00000120     UNINITIALIZED
                  80016c08    00000120     rts6740_elf.lib : trgmsg.obj (.cio)

.neardata 
*          0    80016d28    00000034     
                  80016d28    00000034     main.obj (.neardata)

.bss       0    80016d5c    00000014     UNINITIALIZED
                  80016d5c    0000000c     main.obj (.bss)
                  80016d68    00000008     fpga_upp.obj (.bss)

.cinit     0    80016d70    000000d0     
                  80016d70    00000072     (.cinit..fardata.load) [load image, compression = rle]
                  80016de2    00000002     --HOLE-- [fill = 0]
                  80016de4    0000001d     (.cinit..neardata.load) [load image, compression = rle]
                  80016e01    00000003     --HOLE-- [fill = 0]
                  80016e04    0000000c     (__TI_handler_table)
                  80016e10    00000008     (.cinit..bss.load) [load image, compression = zero_init]
                  80016e18    00000008     (.cinit..far.load) [load image, compression = zero_init]
                  80016e20    00000020     (__TI_cinit_table)


LINKER GENERATED COPY TABLES

__TI_cinit_table @ 80016e20 records: 4, size/record: 8, table size: 32
	.fardata: load addr=80016d70, load size=00000072 bytes, run addr=80016618, run size=00000328 bytes, compression=rle
	.neardata: load addr=80016de4, load size=0000001d bytes, run addr=80016d28, run size=00000034 bytes, compression=rle
	.bss: load addr=80016e10, load size=00000008 bytes, run addr=80016d5c, run size=00000014 bytes, compression=zero_init
	.far: load addr=80016e18, load size=00000008 bytes, run addr=8000dbc0, run size=00007a58 bytes, compression=zero_init


LINKER GENERATED HANDLER TABLE

__TI_handler_table @ 80016e04 records: 3, size/record: 4, table size: 12
	index: 0, handler: __TI_zero_init
	index: 1, handler: __TI_decompress_rle24
	index: 2, handler: __TI_decompress_none


GLOBAL SYMBOLS: SORTED ALPHABETICALLY BY Name 

address    name
--------   ----
80004318   AD_readRegister
800040cc   AD_writeRegister
80003000   Array_Average
8000dae0   C$$EXIT
8000d798   C$$IO$$
80007728   DDRInit
80001aa0   Data_Average
80001b18   Data_Average_Int
80007680   EMIF_init
80003504   EVMOMAPL138_enableDsp
80003340   EVMOMAPL138_init
8000336c   EVMOMAPL138_initRAM
800035d0   EVMOMAPL138_lpscTransition
80003530   EVMOMAPL138_pinmuxConfig
80005058   ExcCombineAdd
800050a0   ExcCombineRemove
80005038   ExcGlobalEnable
80004544   GPIO_AD_init
8000c780   HOSTclose
8000b3e0   HOSTlseek
8000b8e0   HOSTopen
8000b9c0   HOSTread
8000a360   HOSTrename
8000c0c0   HOSTunlink
8000c180   HOSTwrite
80004c00   IntDSPINTCInit
80004fb0   IntDisable
80004f80   IntEnable
80004d78   IntEventClear
80004eb4   IntEventCombineAdd
80004db0   IntEventCombineInit
80004f58   IntEventCombineRegister
80004f08   IntEventCombineRemove
80004cbc   IntEventMap
80004d44   IntEventSet
8000500c   IntGlobalDisable
80004ff8   IntGlobalEnable
80005020   IntGlobalRestore
80004c70   IntRegister
80004fe4   IntReset
80004c94   IntUnRegister
80004750   Loadfromfile
80016d60   MaxValue
8000abe0   PSCModuleControl
800031e0   Set_Zeros
80001ba4   Sum_To_Float
80001c24   Sum_To_Float_4times
80003130   Sum_To_Int
8000d1a0   TEST_uart
80002ab0   Trans_To_File
80002b80   Trans_To_File_float
80006f40   UART_init
8000726c   UART_rxByte
80007128   UART_txArray
800070d8   UART_txByte
80007190   UART_txString
80007220   UART_txUint32
800071d0   UART_txUint8
80006c78   UPP_PINMUX
80006b80   UPP_init
80006c58   UPP_stop
80003f34   UTIL_isUIBoardAttached
80003dc8   UTIL_printMem
80016c08   __CIOBUF_
80016e20   __TI_CINIT_Base
80016e40   __TI_CINIT_Limit
80016e04   __TI_Handler_Table_Base
80016e10   __TI_Handler_Table_Limit
UNDEFED    __TI_INITARRAY_Base
UNDEFED    __TI_INITARRAY_Limit
80015e18   __TI_STACK_END
00000800   __TI_STACK_SIZE
80016d28   __TI_STATIC_BASE
00000800   __TI_SYSMEM_SIZE
UNDEFED    __TI_TLS_INIT_Base
UNDEFED    __TI_TLS_INIT_Limit
00000001   __TI_args_main
8000d320   __TI_cpp_init
8000db00   __TI_decompress_none
8000db20   __TI_decompress_rle24
80016918   __TI_enable_exit_profile_output
ffffffff   __TI_pprof_out_hndl
ffffffff   __TI_prof_data_size
ffffffff   __TI_prof_data_start
8000c6c0   __TI_tls_init
8000bd40   __TI_zero_init
ffffffff   __binit__
800057a0   __c6xabi_divd
80008800   __c6xabi_divf
8000baa0   __c6xabi_divi
8000c240   __c6xabi_divu
8000a1c0   __c6xabi_divul
80008d00   __c6xabi_divull
8000d9e0   __c6xabi_errno_addr
8000cfa0   __c6xabi_fixdu
8000d020   __c6xabi_fixfu
8000d7a0   __c6xabi_frcmpyd_div
8000d7e0   __c6xabi_isinf
8000d0a0   __c6xabi_llshl
8000d860   __c6xabi_llshru
8000da00   __c6xabi_negll
8000c300   __c6xabi_remi
ffffffff   __c_args__
8000baa0   __divi
8000c240   __divu
80016934   __errno
8000c300   __remi
8000d8a0   _args_main
8000b4e0   _auto_init_elf
8000ad20   _buff_read
80000ff8   _c674x_mask_int10_isr
800011c0   _c674x_mask_int11_isr
80001384   _c674x_mask_int12_isr
80001548   _c674x_mask_int13_isr
80001710   _c674x_mask_int14_isr
800018d8   _c674x_mask_int15_isr
80000550   _c674x_mask_int4_isr
80000718   _c674x_mask_int5_isr
800008e0   _c674x_mask_int6_isr
80000aa4   _c674x_mask_int7_isr
80000c68   _c674x_mask_int8_isr
80000e30   _c674x_mask_int9_isr
80000000   _c674x_nmi_isr
800001c4   _c674x_rsvd_int2_isr
80000388   _c674x_rsvd_int3_isr
8000d120   _c_int00
8000c820   _cleanup
80016910   _cleanup_ptr
8000ae40   _closefile
80016940   _ctypes_
8000c480   _doflush
80016914   _dtors_ptr
80016930   _ft_end
80016618   _ftable
80009c00   _intcVectorTable
80016928   _lock
8000ca00   _minit
8000da20   _nop
80006720   _printfi
8000c540   _rd_ok
80015618   _stack
8000d380   _subcull
80015e18   _sys_memory
800154b0   _tmpnams
8001692c   _unlock
8000b5e0   _wrt_ok
8000dae0   abort
8000bb80   atoi
80002244   bi_side_search
800023d0   bi_side_search_float
80002e4c   bi_side_search_jump
80002540   bi_side_search_withMaxValue
ffffffff   binit
80012ae0   buffer_float_data
8000ef88   buffer_int_data
80010350   buffer_tmp
80002d44   clear_array
8000bc60   close
800155f0   config
800039a8   config_pll0
80003be4   config_pll1
80006cf8   config_reg
80006e14   config_upp
8000b6e0   copy_in
8000d920   delay
80016d6c   dma_over
8000d960   dsp_delay
80016934   errno
8000c600   exit
8000d3e0   fclose
8000d440   fopen
800078a8   fpga_read_reg
800045c0   fpga_upp_test
800078d0   fpga_write_reg
8000b7e0   fprintf
80009620   fputc
800072e0   fputs
80008000   fread
80008a80   free
8000b1a0   fseek
8000b2c0   ftell
80006260   fwrite
80003fc8   init_9822
80002c50   interpol_trans
80002808   kalman
80016d30   kalman_loop_num
80016d34   kalman_p
80016d40   kalman_p1
80016d4c   kalman_p2
80016d38   kalman_preData
80016d44   kalman_preData1
80016d50   kalman_preData2
80003258   kalman_realtime
80016d3c   kalman_result
80016d48   kalman_result1
80016d54   kalman_result2
80016d64   leftpoint
800029a4   location
80002a30   location_float
80016d2c   loop_num
8000cbe0   lseek
8000be20   ltoa
80004850   main
8000a660   malloc
8000d4a0   memccpy
8000cc80   memcpy
8000bf00   memset
80016d5c   mylocation
8000a7e0   open
800026ac   point_nclear
80002d8c   point_nclear_jump
80002754   point_nclear_return_maxValue
80016d62   point_notclear
800047e8   print_reg
8000bfe0   printf
80016d28   ratio
8000ce60   read
8000db40   read_reg
8000d9a0   read_sda
8000d220   readmsg
8000dbc0   recv_adc_buffer
80001ccc   region_gauss_filter
80001df0   region_gauss_filter_float
8000d2a0   remove
80016d66   rightpoint
80004644   savetofile
8000d500   set_en
8000db60   set_scl_H
8000db80   set_scl_L
8000d560   set_sda
8000d5c0   set_sdadir
80009e00   setvbuf
8000d620   sprintf
80002d20   step_location
8000d1f8   str2com
80003f40   test_AD9822_reg
800078f0   test_fpga_reg
80006e30   uPP_Isr
8000d2a0   unlink
80006eb8   upp_receive_fifo
80016d68   upp_serialNum
8000cf00   write
8000d6e0   write_mask_reg
8000dba0   write_reg
8000d740   writemsg
80001f0c   zhixin
800020a8   zhixin_upward


GLOBAL SYMBOLS: SORTED BY Symbol Address 

address    name
--------   ----
00000001   __TI_args_main
00000800   __TI_STACK_SIZE
00000800   __TI_SYSMEM_SIZE
80000000   _c674x_nmi_isr
800001c4   _c674x_rsvd_int2_isr
80000388   _c674x_rsvd_int3_isr
80000550   _c674x_mask_int4_isr
80000718   _c674x_mask_int5_isr
800008e0   _c674x_mask_int6_isr
80000aa4   _c674x_mask_int7_isr
80000c68   _c674x_mask_int8_isr
80000e30   _c674x_mask_int9_isr
80000ff8   _c674x_mask_int10_isr
800011c0   _c674x_mask_int11_isr
80001384   _c674x_mask_int12_isr
80001548   _c674x_mask_int13_isr
80001710   _c674x_mask_int14_isr
800018d8   _c674x_mask_int15_isr
80001aa0   Data_Average
80001b18   Data_Average_Int
80001ba4   Sum_To_Float
80001c24   Sum_To_Float_4times
80001ccc   region_gauss_filter
80001df0   region_gauss_filter_float
80001f0c   zhixin
800020a8   zhixin_upward
80002244   bi_side_search
800023d0   bi_side_search_float
80002540   bi_side_search_withMaxValue
800026ac   point_nclear
80002754   point_nclear_return_maxValue
80002808   kalman
800029a4   location
80002a30   location_float
80002ab0   Trans_To_File
80002b80   Trans_To_File_float
80002c50   interpol_trans
80002d20   step_location
80002d44   clear_array
80002d8c   point_nclear_jump
80002e4c   bi_side_search_jump
80003000   Array_Average
80003130   Sum_To_Int
800031e0   Set_Zeros
80003258   kalman_realtime
80003340   EVMOMAPL138_init
8000336c   EVMOMAPL138_initRAM
80003504   EVMOMAPL138_enableDsp
80003530   EVMOMAPL138_pinmuxConfig
800035d0   EVMOMAPL138_lpscTransition
800039a8   config_pll0
80003be4   config_pll1
80003dc8   UTIL_printMem
80003f34   UTIL_isUIBoardAttached
80003f40   test_AD9822_reg
80003fc8   init_9822
800040cc   AD_writeRegister
80004318   AD_readRegister
80004544   GPIO_AD_init
800045c0   fpga_upp_test
80004644   savetofile
80004750   Loadfromfile
800047e8   print_reg
80004850   main
80004c00   IntDSPINTCInit
80004c70   IntRegister
80004c94   IntUnRegister
80004cbc   IntEventMap
80004d44   IntEventSet
80004d78   IntEventClear
80004db0   IntEventCombineInit
80004eb4   IntEventCombineAdd
80004f08   IntEventCombineRemove
80004f58   IntEventCombineRegister
80004f80   IntEnable
80004fb0   IntDisable
80004fe4   IntReset
80004ff8   IntGlobalEnable
8000500c   IntGlobalDisable
80005020   IntGlobalRestore
80005038   ExcGlobalEnable
80005058   ExcCombineAdd
800050a0   ExcCombineRemove
800057a0   __c6xabi_divd
80006260   fwrite
80006720   _printfi
80006b80   UPP_init
80006c58   UPP_stop
80006c78   UPP_PINMUX
80006cf8   config_reg
80006e14   config_upp
80006e30   uPP_Isr
80006eb8   upp_receive_fifo
80006f40   UART_init
800070d8   UART_txByte
80007128   UART_txArray
80007190   UART_txString
800071d0   UART_txUint8
80007220   UART_txUint32
8000726c   UART_rxByte
800072e0   fputs
80007680   EMIF_init
80007728   DDRInit
800078a8   fpga_read_reg
800078d0   fpga_write_reg
800078f0   test_fpga_reg
80008000   fread
80008800   __c6xabi_divf
80008a80   free
80008d00   __c6xabi_divull
80009620   fputc
80009c00   _intcVectorTable
80009e00   setvbuf
8000a1c0   __c6xabi_divul
8000a360   HOSTrename
8000a660   malloc
8000a7e0   open
8000abe0   PSCModuleControl
8000ad20   _buff_read
8000ae40   _closefile
8000b1a0   fseek
8000b2c0   ftell
8000b3e0   HOSTlseek
8000b4e0   _auto_init_elf
8000b5e0   _wrt_ok
8000b6e0   copy_in
8000b7e0   fprintf
8000b8e0   HOSTopen
8000b9c0   HOSTread
8000baa0   __c6xabi_divi
8000baa0   __divi
8000bb80   atoi
8000bc60   close
8000bd40   __TI_zero_init
8000be20   ltoa
8000bf00   memset
8000bfe0   printf
8000c0c0   HOSTunlink
8000c180   HOSTwrite
8000c240   __c6xabi_divu
8000c240   __divu
8000c300   __c6xabi_remi
8000c300   __remi
8000c480   _doflush
8000c540   _rd_ok
8000c600   exit
8000c6c0   __TI_tls_init
8000c780   HOSTclose
8000c820   _cleanup
8000ca00   _minit
8000cbe0   lseek
8000cc80   memcpy
8000ce60   read
8000cf00   write
8000cfa0   __c6xabi_fixdu
8000d020   __c6xabi_fixfu
8000d0a0   __c6xabi_llshl
8000d120   _c_int00
8000d1a0   TEST_uart
8000d1f8   str2com
8000d220   readmsg
8000d2a0   remove
8000d2a0   unlink
8000d320   __TI_cpp_init
8000d380   _subcull
8000d3e0   fclose
8000d440   fopen
8000d4a0   memccpy
8000d500   set_en
8000d560   set_sda
8000d5c0   set_sdadir
8000d620   sprintf
8000d6e0   write_mask_reg
8000d740   writemsg
8000d798   C$$IO$$
8000d7a0   __c6xabi_frcmpyd_div
8000d7e0   __c6xabi_isinf
8000d860   __c6xabi_llshru
8000d8a0   _args_main
8000d920   delay
8000d960   dsp_delay
8000d9a0   read_sda
8000d9e0   __c6xabi_errno_addr
8000da00   __c6xabi_negll
8000da20   _nop
8000dae0   C$$EXIT
8000dae0   abort
8000db00   __TI_decompress_none
8000db20   __TI_decompress_rle24
8000db40   read_reg
8000db60   set_scl_H
8000db80   set_scl_L
8000dba0   write_reg
8000dbc0   recv_adc_buffer
8000ef88   buffer_int_data
80010350   buffer_tmp
80012ae0   buffer_float_data
800154b0   _tmpnams
800155f0   config
80015618   _stack
80015e18   __TI_STACK_END
80015e18   _sys_memory
80016618   _ftable
80016910   _cleanup_ptr
80016914   _dtors_ptr
80016918   __TI_enable_exit_profile_output
80016928   _lock
8001692c   _unlock
80016930   _ft_end
80016934   __errno
80016934   errno
80016940   _ctypes_
80016c08   __CIOBUF_
80016d28   __TI_STATIC_BASE
80016d28   ratio
80016d2c   loop_num
80016d30   kalman_loop_num
80016d34   kalman_p
80016d38   kalman_preData
80016d3c   kalman_result
80016d40   kalman_p1
80016d44   kalman_preData1
80016d48   kalman_result1
80016d4c   kalman_p2
80016d50   kalman_preData2
80016d54   kalman_result2
80016d5c   mylocation
80016d60   MaxValue
80016d62   point_notclear
80016d64   leftpoint
80016d66   rightpoint
80016d68   upp_serialNum
80016d6c   dma_over
80016e04   __TI_Handler_Table_Base
80016e10   __TI_Handler_Table_Limit
80016e20   __TI_CINIT_Base
80016e40   __TI_CINIT_Limit
ffffffff   __TI_pprof_out_hndl
ffffffff   __TI_prof_data_size
ffffffff   __TI_prof_data_start
ffffffff   __binit__
ffffffff   __c_args__
ffffffff   binit
UNDEFED    __TI_INITARRAY_Base
UNDEFED    __TI_INITARRAY_Limit
UNDEFED    __TI_TLS_INIT_Base
UNDEFED    __TI_TLS_INIT_Limit

[247 symbols]
