******************************************************************************
               TMS320C6x Linker PC v7.4.16                     
******************************************************************************
>> Linked Mon Aug 08 19:22:45 2016

OUTPUT FILE NAME:   <fPGA_daul_ccd_2M_toshiba.out>
ENTRY POINT SYMBOL: "_c_int00"  address: 8000e140


MEMORY CONFIGURATION

         name            origin    length      used     unused   attr    fill
----------------------  --------  ---------  --------  --------  ----  --------
  DSPL2ROM              00700000   00100000  00000000  00100000  RWIX
  DSPL2RAM              00800000   00040000  00000000  00040000  RWIX
  DSPL1PRAM             00e00000   00008000  00000000  00008000  RWIX
  DSPL1DRAM             00f00000   00008000  00000000  00008000  RWIX
  SHDSPL2ROM            11700000   00100000  00000000  00100000  RWIX
  SHDSPL2RAM            11800000   00040000  00000000  00040000  RWIX
  SHDSPL1PRAM           11e00000   00008000  00000000  00008000  RWIX
  SHDSPL1DRAM           11f00000   00008000  00000000  00008000  RWIX
  EMIFACS0              40000000   20000000  00000000  20000000  RWIX
  EMIFACS2              60000000   02000000  00000000  02000000  RWIX
  EMIFACS3              62000000   02000000  00000000  02000000  RWIX
  EMIFACS4              64000000   02000000  00000000  02000000  RWIX
  EMIFACS5              66000000   02000000  00000000  02000000  RWIX
  SHRAM                 80000000   00020000  000180cc  00007f34  RWIX
  DDR2                  c0000000   20000000  00000000  20000000  RWIX


SEGMENT ALLOCATION MAP

run origin  load origin   length   init length attrs members
----------  ----------- ---------- ----------- ----- -------
80000000    80000000    0000eba0   0000eba0    r-x
  80000000    80000000    0000eba0   0000eba0    r-x .text
8000eba0    8000eba0    00008a90   00000000    rw-
  8000eba0    8000eba0    00007a90   00000000    rw- .far
  80016630    80016630    00000800   00000000    rw- .stack
  80016e30    80016e30    00000800   00000000    rw- .sysmem
80017630    80017630    00000470   00000470    rw-
  80017630    80017630    00000470   00000470    rw- .fardata
80017aa0    80017aa0    000002d4   000002d4    r--
  80017aa0    80017aa0    000002d4   000002d4    r-- .const
80017d78    80017d78    00000120   00000000    rw-
  80017d78    80017d78    00000120   00000000    rw- .cio
80017e98    80017e98    00000048   00000028    rw-
  80017e98    80017e98    00000028   00000028    rw- .neardata
  80017ec0    80017ec0    00000020   00000000    rw- .bss
80017ee0    80017ee0    000001f0   000001f0    r--
  80017ee0    80017ee0    000001f0   000001f0    r-- .cinit


SECTION ALLOCATION MAP

 output                                  attributes/
section   page    origin      length       input sections
--------  ----  ----------  ----------   ----------------
.init_array 
*          0    80000000    00000000     UNINITIALIZED

.text      0    80000000    0000eba0     
                  80000000    00001b60     dataprocess.obj (.text)
                  80001b60    00001aa0     interrupt.obj (.text:retain)
                  80003600    00000c00     evmomapl138.obj (.text)
                  80004200    000007a0     main.obj (.text)
                  800049a0    00000740     rts6740_elf.lib : pow.obj (.text:pow)
                  800050e0    00000680     ad9822.obj (.text)
                  80005760    000005e0     interrupt.obj (.text)
                  80005d40    000005c0     rts6740_elf.lib : _printfi.obj (.text:_getarg_diouxp)
                  80006300    000005a0                     : divd.obj (.text:__c6xabi_divd)
                  800068a0    00000520                     : _printfi.obj (.text:_setfield)
                  80006dc0    000004c0                     : fwrite.obj (.text:fwrite)
                  80007280    00000460                     : _printfi.obj (.text:_printfi)
                  800076e0    000003c0     fpga_upp.obj (.text)
                  80007aa0    000003a0     evmomapl138_uart.obj (.text)
                  80007e40    000003a0     rts6740_elf.lib : fputs.obj (.text:fputs)
                  800081e0    00000380     Io_fpga.obj (.text)
                  80008560    00000320     rts6740_elf.lib : _printfi.obj (.text:_pproc_fge)
                  80008880    000002e0                     : _printfi.obj (.text:_pproc_fwp)
                  80008b60    000002c0                     : fread.obj (.text:fread)
                  80008e20    000002a0                     : _printfi.obj (.text:ecvt)
                  800090c0    000002a0                     : _printfi.obj (.text:fcvt)
                  80009360    00000280                     : divf.obj (.text:__c6xabi_divf)
                  800095e0    00000280                     : memory.obj (.text:free)
                  80009860    00000260                     : imath64.obj (.text:__c6xabi_divull)
                  80009ac0    00000260                     : _printfi.obj (.text:_pconv_e)
                  80009d20    00000240                     : _printfi.obj (.text:_pproc_diouxp)
                  80009f60    00000220                     : _printfi.obj (.text:_pproc_str)
                  8000a180    00000220                     : fputc.obj (.text:fputc)
                  8000a3a0    00000200                     : _printfi.obj (.text:_pconv_g)
                  8000a5a0    00000200                     : setvbuf.obj (.text:setvbuf)
                  8000a7a0    00000060                     : cpp_init.obj (.text:__TI_cpp_init)
                  8000a800    00000200     intvecs.obj (.text)
                  8000aa00    000001c0     rts6740_elf.lib : _printfi.obj (.text:_mcpy)
                  8000abc0    000001c0                     : fopen.obj (.text:_openfile)
                  8000ad80    000001a0                     : imath40.obj (.text:__c6xabi_divul)
                  8000af20    000001a0                     : frexp.obj (.text:frexp)
                  8000b0c0    00000180                     : trgdrv.obj (.text:HOSTrename)
                  8000b240    00000180                     : copy_decompress_rle.obj (.text:__TI_decompress_rle_core)
                  8000b3c0    00000180                     : ldexp.obj (.text:ldexp)
                  8000b540    00000180                     : memory.obj (.text:malloc)
                  8000b6c0    00000180                     : lowlev.obj (.text:open)
                  8000b840    00000140                     : _printfi.obj (.text:_pproc_fflags)
                  8000b980    00000140                     : lowlev.obj (.text:getdevice)
                  8000bac0    00000140     psc.obj (.text)
                  8000bc00    00000120     rts6740_elf.lib : _bufread.obj (.text:_buff_read)
                  8000bd20    00000120                     : fclose.obj (.text:_closefile)
                  8000be40    00000120                     : _printfi.obj (.text:_ltostr)
                  8000bf60    00000120                     : fopen.obj (.text:_search_fp)
                  8000c080    00000120                     : fseek.obj (.text:fseek)
                  8000c1a0    00000120                     : ftell.obj (.text:ftell)
                  8000c2c0    00000100                     : trgdrv.obj (.text:HOSTlseek)
                  8000c3c0    00000100                     : autoinit.obj (.text:_auto_init_elf)
                  8000c4c0    00000100                     : _io_perm.obj (.text:_wrt_ok)
                  8000c5c0    00000100                     : cpy_tbl.obj (.text:copy_in)
                  8000c6c0    00000100                     : fprintf.obj (.text:fprintf)
                  8000c7c0    000000e0                     : trgdrv.obj (.text:HOSTopen)
                  8000c8a0    000000e0                     : trgdrv.obj (.text:HOSTread)
                  8000c980    000000e0                     : divi.obj (.text:__divi)
                  8000ca60    000000e0                     : atoi.obj (.text:atoi)
                  8000cb40    000000e0                     : lowlev.obj (.text:close)
                  8000cc20    000000e0                     : copy_zero_init.obj (.text:decompress:ZI:__TI_zero_init)
                  8000cd00    000000e0                     : ltoa.obj (.text:ltoa)
                  8000cde0    000000e0                     : memset.obj (.text:memset)
                  8000cec0    000000e0                     : printf.obj (.text:printf)
                  8000cfa0    000000c0                     : trgdrv.obj (.text:HOSTunlink)
                  8000d060    000000c0                     : trgdrv.obj (.text:HOSTwrite)
                  8000d120    000000c0                     : divu.obj (.text:__divu)
                  8000d1e0    000000c0                     : remi.obj (.text:__remi)
                  8000d2a0    000000c0                     : _printfi.obj (.text:_div)
                  8000d360    000000c0                     : fflush.obj (.text:_doflush)
                  8000d420    000000c0                     : _io_perm.obj (.text:_rd_ok)
                  8000d4e0    000000c0                     : exit.obj (.text:exit)
                  8000d5a0    000000c0                     : tls.obj (.text:tls:init:__TI_tls_init)
                  8000d660    000000a0                     : trgdrv.obj (.text:HOSTclose)
                  8000d700    000000a0                     : round.obj (.text:__c6xabi_nround)
                  8000d7a0    000000a0                     : fopen.obj (.text:_cleanup)
                  8000d840    000000a0                     : _printfi.obj (.text:_ecpy)
                  8000d8e0    000000a0                     : _printfi.obj (.text:_fcpy)
                  8000d980    000000a0                     : memory.obj (.text:_minit)
                  8000da20    000000a0                     : _printfi.obj (.text:_pconv_f)
                  8000dac0    000000a0                     : lowlev.obj (.text:finddevice)
                  8000db60    000000a0                     : lowlev.obj (.text:lseek)
                  8000dc00    000000a0                     : memcpy64.obj (.text:memcpy)
                  8000dca0    000000a0                     : memory.obj (.text:minsert)
                  8000dd40    000000a0                     : modf.obj (.text:modf)
                  8000dde0    000000a0                     : memory.obj (.text:mremove)
                  8000de80    000000a0                     : lowlev.obj (.text:read)
                  8000df20    000000a0                     : lowlev.obj (.text:write)
                  8000dfc0    00000080                     : fixdu.obj (.text:__c6xabi_fixdu)
                  8000e040    00000080                     : fixfu.obj (.text:__c6xabi_fixfu)
                  8000e0c0    00000080                     : llshift.obj (.text:__c6xabi_llshl)
                  8000e140    00000080                     : boot.obj (.text:_c_int00)
                  8000e1c0    00000080     dsp_Uart.obj (.text)
                  8000e240    00000080     rts6740_elf.lib : trgmsg.obj (.text:readmsg)
                  8000e2c0    00000080                     : lowlev.obj (.text:unlink)
                  8000e340    00000060                     : imath64.obj (.text:_subcull)
                  8000e3a0    00000060                     : fclose.obj (.text:fclose)
                  8000e400    00000060                     : fopen.obj (.text:fopen)
                  8000e460    00000060                     : memccpy.obj (.text:memccpy)
                  8000e4c0    00000060     ad9822.obj (.text:set_en)
                  8000e520    00000060     ad9822.obj (.text:set_sda)
                  8000e580    00000060     ad9822.obj (.text:set_sdadir)
                  8000e5e0    00000060     rts6740_elf.lib : sprintf.obj (.text:sprintf)
                  8000e640    00000060                     : lowlev.obj (.text:tabinit)
                  8000e6a0    00000060     ad9822.obj (.text:write_mask_reg)
                  8000e700    00000060     rts6740_elf.lib : trgmsg.obj (.text:writemsg)
                  8000e760    00000040                     : frcmpyd_div.obj (.text:__c6xabi_frcmpyd_div)
                  8000e7a0    00000040                     : isinf.obj (.text:__c6xabi_isinf)
                  8000e7e0    00000040                     : _printfi.obj (.text:__c6xabi_isnan)
                  8000e820    00000040                     : llshift.obj (.text:__c6xabi_llshru)
                  8000e860    00000040                     : args_main.obj (.text:_args_main)
                  8000e8a0    00000040                     : sprintf.obj (.text:_outs)
                  8000e8e0    00000040     ad9822.obj (.text:delay)
                  8000e920    00000040     Io_fpga.obj (.text:dsp_delay)
                  8000e960    00000040     ad9822.obj (.text:read_sda)
                  8000e9a0    00000020     rts6740_elf.lib : errno.obj (.text:__c6xabi_errno_addr)
                  8000e9c0    00000020                     : negll.obj (.text:__c6xabi_negll)
                  8000e9e0    00000020                     : trunc.obj (.text:__c6xabi_trunc)
                  8000ea00    00000020                     : _lock.obj (.text:_nop)
                  8000ea20    00000020                     : fprintf.obj (.text:_outc)
                  8000ea40    00000020                     : printf.obj (.text:_outc)
                  8000ea60    00000020                     : sprintf.obj (.text:_outc)
                  8000ea80    00000020                     : fprintf.obj (.text:_outs)
                  8000eaa0    00000020                     : printf.obj (.text:_outs)
                  8000eac0    00000020                     : exit.obj (.text:abort)
                  8000eae0    00000020                     : copy_decompress_none.obj (.text:decompress:none:__TI_decompress_none)
                  8000eb00    00000020                     : copy_decompress_rle.obj (.text:decompress:rle24:__TI_decompress_rle24)
                  8000eb20    00000020     ad9822.obj (.text:read_reg)
                  8000eb40    00000020     ad9822.obj (.text:set_scl_H)
                  8000eb60    00000020     ad9822.obj (.text:set_scl_L)
                  8000eb80    00000020     fpga_upp.obj (.text:write_reg)

.far       0    8000eba0    00007a90     UNINITIALIZED
                  8000eba0    000076e8     main.obj (.far)
                  80016288    00000240     interrupt.obj (.far)
                  800164c8    00000140     rts6740_elf.lib : defs.obj (.far)
                  80016608    0000001c     fpga_upp.obj (.far)
                  80016624    00000004     --HOLE--
                  80016628    00000008     rts6740_elf.lib : trgdrv.obj (.far)

.stack     0    80016630    00000800     UNINITIALIZED
                  80016630    00000008     rts6740_elf.lib : boot.obj (.stack)
                  80016638    000007f8     --HOLE--

.sysmem    0    80016e30    00000800     UNINITIALIZED
                  80016e30    00000008     rts6740_elf.lib : memory.obj (.sysmem)
                  80016e38    000007f8     --HOLE--

.fardata   0    80017630    00000470     
                  80017630    000001e0     rts6740_elf.lib : defs.obj (.fardata:_ftable)
                  80017810    000000a0                     : lowlev.obj (.fardata:_stream)
                  800178b0    00000088                     : pow.obj (.fardata:A1$1)
                  80017938    00000078                     : lowlev.obj (.fardata:_device)
                  800179b0    00000040                     : pow.obj (.fardata:A2$2)
                  800179f0    00000038                     : pow.obj (.fardata:Q$4)
                  80017a28    00000020                     : pow.obj (.fardata:P$3)
                  80017a48    00000014     main.obj (.fardata:kalman_buffer)
                  80017a5c    00000004     rts6740_elf.lib : defs.obj (.fardata)
                  80017a60    00000014     main.obj (.fardata:kalman_minus_buffer)
                  80017a74    0000000c     rts6740_elf.lib : exit.obj (.fardata)
                  80017a80    0000000c                     : memory.obj (.fardata)
                  80017a8c    00000008                     : _lock.obj (.fardata)
                  80017a94    00000004                     : errno.obj (.fardata)
                  80017a98    00000004                     : fopen.obj (.fardata)
                  80017a9c    00000004                     : lowlev.obj (.fardata)

.const     0    80017aa0    000002d4     
                  80017aa0    00000101     rts6740_elf.lib : ctype.obj (.const:.string:_ctypes_)
                  80017ba1    00000003     --HOLE-- [fill = 0]
                  80017ba4    00000098     main.obj (.const:.string)
                  80017c3c    00000068     dataprocess.obj (.const:.string)
                  80017ca4    00000040     evmomapl138.obj (.const:.string)
                  80017ce4    00000030     dsp_Uart.obj (.const:.string)
                  80017d14    00000023     rts6740_elf.lib : _printfi.obj (.const:.string)
                  80017d37    00000001     --HOLE-- [fill = 0]
                  80017d38    00000014     dataprocess.obj (.const:$P$T0$1)
                  80017d4c    00000004     --HOLE-- [fill = 0]
                  80017d50    00000014     dataprocess.obj (.const:$P$T1$2)
                  80017d64    00000010     evmomapl138_uart.obj (.const:.string)

.cio       0    80017d78    00000120     UNINITIALIZED
                  80017d78    00000120     rts6740_elf.lib : trgmsg.obj (.cio)

.neardata 
*          0    80017e98    00000028     
                  80017e98    00000028     main.obj (.neardata)

.bss       0    80017ec0    00000020     UNINITIALIZED
                  80017ec0    00000018     main.obj (.bss)
                  80017ed8    00000008     fpga_upp.obj (.bss)

.cinit     0    80017ee0    000001f0     
                  80017ee0    00000192     (.cinit..fardata.load) [load image, compression = rle]
                  80018072    00000002     --HOLE-- [fill = 0]
                  80018074    0000001d     (.cinit..neardata.load) [load image, compression = rle]
                  80018091    00000003     --HOLE-- [fill = 0]
                  80018094    0000000c     (__TI_handler_table)
                  800180a0    00000008     (.cinit..bss.load) [load image, compression = zero_init]
                  800180a8    00000008     (.cinit..far.load) [load image, compression = zero_init]
                  800180b0    00000020     (__TI_cinit_table)


LINKER GENERATED COPY TABLES

__TI_cinit_table @ 800180b0 records: 4, size/record: 8, table size: 32
	.fardata: load addr=80017ee0, load size=00000192 bytes, run addr=80017630, run size=00000470 bytes, compression=rle
	.neardata: load addr=80018074, load size=0000001d bytes, run addr=80017e98, run size=00000028 bytes, compression=rle
	.bss: load addr=800180a0, load size=00000008 bytes, run addr=80017ec0, run size=00000020 bytes, compression=zero_init
	.far: load addr=800180a8, load size=00000008 bytes, run addr=8000eba0, run size=00007a90 bytes, compression=zero_init


LINKER GENERATED HANDLER TABLE

__TI_handler_table @ 80018094 records: 3, size/record: 4, table size: 12
	index: 0, handler: __TI_zero_init
	index: 1, handler: __TI_decompress_rle24
	index: 2, handler: __TI_decompress_none


GLOBAL SYMBOLS: SORTED ALPHABETICALLY BY Name 

address    name
--------   ----
800054b8   AD_readRegister
8000526c   AD_writeRegister
800015a0   Array_Average
8000eac0   C$$EXIT
8000e758   C$$IO$$
80008288   DDRInit
80000000   Data_Average
80000078   Data_Average_Int
800081e0   EMIF_init
800037c4   EVMOMAPL138_enableDsp
80003600   EVMOMAPL138_init
8000362c   EVMOMAPL138_initRAM
80003890   EVMOMAPL138_lpscTransition
800037f0   EVMOMAPL138_pinmuxConfig
80005bb8   ExcCombineAdd
80005c00   ExcCombineRemove
80005b98   ExcGlobalEnable
800056e4   GPIO_AD_init
8000d660   HOSTclose
8000c2c0   HOSTlseek
8000c7c0   HOSTopen
8000c8a0   HOSTread
8000b0c0   HOSTrename
8000cfa0   HOSTunlink
8000d060   HOSTwrite
80005760   IntDSPINTCInit
80005b10   IntDisable
80005ae0   IntEnable
800058d8   IntEventClear
80005a14   IntEventCombineAdd
80005910   IntEventCombineInit
80005ab8   IntEventCombineRegister
80005a68   IntEventCombineRemove
8000581c   IntEventMap
800058a4   IntEventSet
80005b6c   IntGlobalDisable
80005b58   IntGlobalEnable
80005b80   IntGlobalRestore
800057d0   IntRegister
80005b44   IntReset
800057f4   IntUnRegister
80004390   Loadfromfile
80017ec4   MinValue
8000bac0   PSCModuleControl
80001784   Set_Zeros
80000104   Sum_To_Float
80000184   Sum_To_Float_4times
800016d0   Sum_To_Int
8000e1c0   TEST_uart
80001050   Trans_To_File
80001120   Trans_To_File_float
80007aa0   UART_init
80007dcc   UART_rxByte
80007c88   UART_txArray
80007c38   UART_txByte
80007cf0   UART_txString
80007d80   UART_txUint32
80007d30   UART_txUint8
800077d8   UPP_PINMUX
800076e0   UPP_init
800077b8   UPP_stop
800041f4   UTIL_isUIBoardAttached
80004088   UTIL_printMem
80017d78   __CIOBUF_
800180b0   __TI_CINIT_Base
800180d0   __TI_CINIT_Limit
80018094   __TI_Handler_Table_Base
800180a0   __TI_Handler_Table_Limit
UNDEFED    __TI_INITARRAY_Base
UNDEFED    __TI_INITARRAY_Limit
80016e30   __TI_STACK_END
00000800   __TI_STACK_SIZE
80017e98   __TI_STATIC_BASE
00000800   __TI_SYSMEM_SIZE
UNDEFED    __TI_TLS_INIT_Base
UNDEFED    __TI_TLS_INIT_Limit
00000001   __TI_args_main
8000a7a0   __TI_cpp_init
8000eae0   __TI_decompress_none
8000eb00   __TI_decompress_rle24
80017a7c   __TI_enable_exit_profile_output
ffffffff   __TI_pprof_out_hndl
ffffffff   __TI_prof_data_size
ffffffff   __TI_prof_data_start
8000d5a0   __TI_tls_init
8000cc20   __TI_zero_init
ffffffff   __binit__
80006300   __c6xabi_divd
80009360   __c6xabi_divf
8000c980   __c6xabi_divi
8000d120   __c6xabi_divu
8000ad80   __c6xabi_divul
80009860   __c6xabi_divull
8000e9a0   __c6xabi_errno_addr
8000dfc0   __c6xabi_fixdu
8000e040   __c6xabi_fixfu
8000e760   __c6xabi_frcmpyd_div
8000e7a0   __c6xabi_isinf
8000e0c0   __c6xabi_llshl
8000e820   __c6xabi_llshru
8000e9c0   __c6xabi_negll
8000d700   __c6xabi_nround
8000d1e0   __c6xabi_remi
8000e9e0   __c6xabi_trunc
ffffffff   __c_args__
8000c980   __divi
8000d120   __divu
80017a94   __errno
8000d1e0   __remi
8000e860   _args_main
8000c3c0   _auto_init_elf
8000bc00   _buff_read
80002b58   _c674x_mask_int10_isr
80002d20   _c674x_mask_int11_isr
80002ee4   _c674x_mask_int12_isr
800030a8   _c674x_mask_int13_isr
80003270   _c674x_mask_int14_isr
80003438   _c674x_mask_int15_isr
800020b0   _c674x_mask_int4_isr
80002278   _c674x_mask_int5_isr
80002440   _c674x_mask_int6_isr
80002604   _c674x_mask_int7_isr
800027c8   _c674x_mask_int8_isr
80002990   _c674x_mask_int9_isr
80001b60   _c674x_nmi_isr
80001d24   _c674x_rsvd_int2_isr
80001ee8   _c674x_rsvd_int3_isr
8000e140   _c_int00
8000d7a0   _cleanup
80017a74   _cleanup_ptr
8000bd20   _closefile
80017aa0   _ctypes_
8000d360   _doflush
80017a78   _dtors_ptr
80017a5c   _ft_end
80017630   _ftable
8000a800   _intcVectorTable
80017a8c   _lock
8000d980   _minit
8000ea00   _nop
80007280   _printfi
8000d420   _rd_ok
80016630   _stack
8000e340   _subcull
80016e30   _sys_memory
800164c8   _tmpnams
80017a90   _unlock
8000c4c0   _wrt_ok
8000eac0   abort
8000ca60   atoi
800007e8   bi_side_search
80000974   bi_side_search_float
800013ec   bi_side_search_jump
80000aec   bi_side_search_withMinValue
ffffffff   binit
80013af8   buffer_float_data
8000ffa0   buffer_int_data
80011368   buffer_tmp
800012e4   clear_array
8000cb40   close
80016608   config
80003c68   config_pll0
80003ea4   config_pll1
80007858   config_reg
80007974   config_upp
8000c5c0   copy_in
80017e9c   data_second_come
8000e8e0   delay
80017edc   dma_over
8000e920   dsp_delay
80017a94   errno
8000d4e0   exit
8000e3a0   fclose
8000e400   fopen
80008408   fpga_read_reg
80004200   fpga_upp_test
80008430   fpga_write_reg
8000c6c0   fprintf
8000a180   fputc
80007e40   fputs
80008b60   fread
800095e0   free
8000af20   frexp
8000c080   fseek
8000c1a0   ftell
80006dc0   fwrite
80005168   init_9822
800011f0   interpol_trans
80000da4   kalman
80017a48   kalman_buffer
80017ea4   kalman_buffer_cnt
80017eac   kalman_loop_num
80017a60   kalman_minus_buffer
80017eb0   kalman_p
80017eb4   kalman_preData
80017ea8   kalman_ratio
80001ac4   kalman_ratio_adjust
80001804   kalman_realtime
80017eb8   kalman_result
8000b3c0   ldexp
80017ec8   leftpoint
80000f44   location
80000fd0   location_float
80017ea0   loop_num
8000db60   lseek
8000cd00   ltoa
80004490   main
8000b540   malloc
80001974   max
8000e460   memccpy
8000dc00   memcpy
8000cde0   memset
8000dd40   modf
80017ec0   mylocation
8000b6c0   open
80000c50   point_nclear
8000132c   point_nclear_jump
80000cf4   point_nclear_return_minValue
80017ec6   point_notclear
800049a0   pow
80004428   print_reg
8000cec0   printf
800018cc   range
80017e98   ratio
8000de80   read
8000eb20   read_reg
8000e960   read_sda
8000e240   readmsg
8000eba0   recv_adc_buffer
8000022c   region_gauss_filter
80000394   region_gauss_filter_float
8000e2c0   remove
80017eca   rightpoint
80004280   savetofile
8000e4c0   set_en
8000eb40   set_scl_H
8000eb60   set_scl_L
8000e520   set_sda
8000e580   set_sdadir
8000a5a0   setvbuf
8000ff68   show_str
8000e5e0   sprintf
800012c0   step_location
8000e218   str2com
80001a6c   sum
80017ecc   test1
80017ed0   test2
80017ed4   test3
800050e0   test_AD9822_reg
80008450   test_fpga_reg
80007990   uPP_Isr
8000e2c0   unlink
80007a18   upp_receive_fifo
80017ed8   upp_serialNum
8000df20   write
8000e6a0   write_mask_reg
8000eb80   write_reg
8000e700   writemsg
800004b0   zhixin
80000648   zhixin_downward


GLOBAL SYMBOLS: SORTED BY Symbol Address 

address    name
--------   ----
00000001   __TI_args_main
00000800   __TI_STACK_SIZE
00000800   __TI_SYSMEM_SIZE
80000000   Data_Average
80000078   Data_Average_Int
80000104   Sum_To_Float
80000184   Sum_To_Float_4times
8000022c   region_gauss_filter
80000394   region_gauss_filter_float
800004b0   zhixin
80000648   zhixin_downward
800007e8   bi_side_search
80000974   bi_side_search_float
80000aec   bi_side_search_withMinValue
80000c50   point_nclear
80000cf4   point_nclear_return_minValue
80000da4   kalman
80000f44   location
80000fd0   location_float
80001050   Trans_To_File
80001120   Trans_To_File_float
800011f0   interpol_trans
800012c0   step_location
800012e4   clear_array
8000132c   point_nclear_jump
800013ec   bi_side_search_jump
800015a0   Array_Average
800016d0   Sum_To_Int
80001784   Set_Zeros
80001804   kalman_realtime
800018cc   range
80001974   max
80001a6c   sum
80001ac4   kalman_ratio_adjust
80001b60   _c674x_nmi_isr
80001d24   _c674x_rsvd_int2_isr
80001ee8   _c674x_rsvd_int3_isr
800020b0   _c674x_mask_int4_isr
80002278   _c674x_mask_int5_isr
80002440   _c674x_mask_int6_isr
80002604   _c674x_mask_int7_isr
800027c8   _c674x_mask_int8_isr
80002990   _c674x_mask_int9_isr
80002b58   _c674x_mask_int10_isr
80002d20   _c674x_mask_int11_isr
80002ee4   _c674x_mask_int12_isr
800030a8   _c674x_mask_int13_isr
80003270   _c674x_mask_int14_isr
80003438   _c674x_mask_int15_isr
80003600   EVMOMAPL138_init
8000362c   EVMOMAPL138_initRAM
800037c4   EVMOMAPL138_enableDsp
800037f0   EVMOMAPL138_pinmuxConfig
80003890   EVMOMAPL138_lpscTransition
80003c68   config_pll0
80003ea4   config_pll1
80004088   UTIL_printMem
800041f4   UTIL_isUIBoardAttached
80004200   fpga_upp_test
80004280   savetofile
80004390   Loadfromfile
80004428   print_reg
80004490   main
800049a0   pow
800050e0   test_AD9822_reg
80005168   init_9822
8000526c   AD_writeRegister
800054b8   AD_readRegister
800056e4   GPIO_AD_init
80005760   IntDSPINTCInit
800057d0   IntRegister
800057f4   IntUnRegister
8000581c   IntEventMap
800058a4   IntEventSet
800058d8   IntEventClear
80005910   IntEventCombineInit
80005a14   IntEventCombineAdd
80005a68   IntEventCombineRemove
80005ab8   IntEventCombineRegister
80005ae0   IntEnable
80005b10   IntDisable
80005b44   IntReset
80005b58   IntGlobalEnable
80005b6c   IntGlobalDisable
80005b80   IntGlobalRestore
80005b98   ExcGlobalEnable
80005bb8   ExcCombineAdd
80005c00   ExcCombineRemove
80006300   __c6xabi_divd
80006dc0   fwrite
80007280   _printfi
800076e0   UPP_init
800077b8   UPP_stop
800077d8   UPP_PINMUX
80007858   config_reg
80007974   config_upp
80007990   uPP_Isr
80007a18   upp_receive_fifo
80007aa0   UART_init
80007c38   UART_txByte
80007c88   UART_txArray
80007cf0   UART_txString
80007d30   UART_txUint8
80007d80   UART_txUint32
80007dcc   UART_rxByte
80007e40   fputs
800081e0   EMIF_init
80008288   DDRInit
80008408   fpga_read_reg
80008430   fpga_write_reg
80008450   test_fpga_reg
80008b60   fread
80009360   __c6xabi_divf
800095e0   free
80009860   __c6xabi_divull
8000a180   fputc
8000a5a0   setvbuf
8000a7a0   __TI_cpp_init
8000a800   _intcVectorTable
8000ad80   __c6xabi_divul
8000af20   frexp
8000b0c0   HOSTrename
8000b3c0   ldexp
8000b540   malloc
8000b6c0   open
8000bac0   PSCModuleControl
8000bc00   _buff_read
8000bd20   _closefile
8000c080   fseek
8000c1a0   ftell
8000c2c0   HOSTlseek
8000c3c0   _auto_init_elf
8000c4c0   _wrt_ok
8000c5c0   copy_in
8000c6c0   fprintf
8000c7c0   HOSTopen
8000c8a0   HOSTread
8000c980   __c6xabi_divi
8000c980   __divi
8000ca60   atoi
8000cb40   close
8000cc20   __TI_zero_init
8000cd00   ltoa
8000cde0   memset
8000cec0   printf
8000cfa0   HOSTunlink
8000d060   HOSTwrite
8000d120   __c6xabi_divu
8000d120   __divu
8000d1e0   __c6xabi_remi
8000d1e0   __remi
8000d360   _doflush
8000d420   _rd_ok
8000d4e0   exit
8000d5a0   __TI_tls_init
8000d660   HOSTclose
8000d700   __c6xabi_nround
8000d7a0   _cleanup
8000d980   _minit
8000db60   lseek
8000dc00   memcpy
8000dd40   modf
8000de80   read
8000df20   write
8000dfc0   __c6xabi_fixdu
8000e040   __c6xabi_fixfu
8000e0c0   __c6xabi_llshl
8000e140   _c_int00
8000e1c0   TEST_uart
8000e218   str2com
8000e240   readmsg
8000e2c0   remove
8000e2c0   unlink
8000e340   _subcull
8000e3a0   fclose
8000e400   fopen
8000e460   memccpy
8000e4c0   set_en
8000e520   set_sda
8000e580   set_sdadir
8000e5e0   sprintf
8000e6a0   write_mask_reg
8000e700   writemsg
8000e758   C$$IO$$
8000e760   __c6xabi_frcmpyd_div
8000e7a0   __c6xabi_isinf
8000e820   __c6xabi_llshru
8000e860   _args_main
8000e8e0   delay
8000e920   dsp_delay
8000e960   read_sda
8000e9a0   __c6xabi_errno_addr
8000e9c0   __c6xabi_negll
8000e9e0   __c6xabi_trunc
8000ea00   _nop
8000eac0   C$$EXIT
8000eac0   abort
8000eae0   __TI_decompress_none
8000eb00   __TI_decompress_rle24
8000eb20   read_reg
8000eb40   set_scl_H
8000eb60   set_scl_L
8000eb80   write_reg
8000eba0   recv_adc_buffer
8000ff68   show_str
8000ffa0   buffer_int_data
80011368   buffer_tmp
80013af8   buffer_float_data
800164c8   _tmpnams
80016608   config
80016630   _stack
80016e30   __TI_STACK_END
80016e30   _sys_memory
80017630   _ftable
80017a48   kalman_buffer
80017a5c   _ft_end
80017a60   kalman_minus_buffer
80017a74   _cleanup_ptr
80017a78   _dtors_ptr
80017a7c   __TI_enable_exit_profile_output
80017a8c   _lock
80017a90   _unlock
80017a94   __errno
80017a94   errno
80017aa0   _ctypes_
80017d78   __CIOBUF_
80017e98   __TI_STATIC_BASE
80017e98   ratio
80017e9c   data_second_come
80017ea0   loop_num
80017ea4   kalman_buffer_cnt
80017ea8   kalman_ratio
80017eac   kalman_loop_num
80017eb0   kalman_p
80017eb4   kalman_preData
80017eb8   kalman_result
80017ec0   mylocation
80017ec4   MinValue
80017ec6   point_notclear
80017ec8   leftpoint
80017eca   rightpoint
80017ecc   test1
80017ed0   test2
80017ed4   test3
80017ed8   upp_serialNum
80017edc   dma_over
80018094   __TI_Handler_Table_Base
800180a0   __TI_Handler_Table_Limit
800180b0   __TI_CINIT_Base
800180d0   __TI_CINIT_Limit
ffffffff   __TI_pprof_out_hndl
ffffffff   __TI_prof_data_size
ffffffff   __TI_prof_data_start
ffffffff   __binit__
ffffffff   __c_args__
ffffffff   binit
UNDEFED    __TI_INITARRAY_Base
UNDEFED    __TI_INITARRAY_Limit
UNDEFED    __TI_TLS_INIT_Base
UNDEFED    __TI_TLS_INIT_Limit

[260 symbols]
