<?xml version="1.0"?>
<link_info>
   <banner>TMS320C6x Linker PC v7.4.16</banner>
   <copyright>Copyright (c) 1996-2015 Texas Instruments Incorporated</copyright>
   <link_time>0x57a86b85</link_time>
   <output_file>fPGA_daul_ccd_2M_toshiba.out</output_file>
   <entry_point>
      <name>_c_int00</name>
      <address>0x8000e140</address>
   </entry_point>
   <input_file_list>
      <input_file id="fl-2">
         <path>.\drivers\</path>
         <kind>object</kind>
         <file>cpsw.obj</file>
         <name>cpsw.obj</name>
      </input_file>
      <input_file id="fl-3">
         <path>.\drivers\</path>
         <kind>object</kind>
         <file>dcan.obj</file>
         <name>dcan.obj</name>
      </input_file>
      <input_file id="fl-4">
         <path>.\drivers\</path>
         <kind>object</kind>
         <file>dmtimer.obj</file>
         <name>dmtimer.obj</name>
      </input_file>
      <input_file id="fl-5">
         <path>.\drivers\</path>
         <kind>object</kind>
         <file>ecap.obj</file>
         <name>ecap.obj</name>
      </input_file>
      <input_file id="fl-6">
         <path>.\drivers\</path>
         <kind>object</kind>
         <file>edma.obj</file>
         <name>edma.obj</name>
      </input_file>
      <input_file id="fl-7">
         <path>.\drivers\</path>
         <kind>object</kind>
         <file>ehrpwm.obj</file>
         <name>ehrpwm.obj</name>
      </input_file>
      <input_file id="fl-8">
         <path>.\drivers\</path>
         <kind>object</kind>
         <file>elm.obj</file>
         <name>elm.obj</name>
      </input_file>
      <input_file id="fl-9">
         <path>.\drivers\</path>
         <kind>object</kind>
         <file>emac.obj</file>
         <name>emac.obj</name>
      </input_file>
      <input_file id="fl-a">
         <path>.\drivers\</path>
         <kind>object</kind>
         <file>emifa.obj</file>
         <name>emifa.obj</name>
      </input_file>
      <input_file id="fl-b">
         <path>.\drivers\</path>
         <kind>object</kind>
         <file>evmomapl138_nand.obj</file>
         <name>evmomapl138_nand.obj</name>
      </input_file>
      <input_file id="fl-c">
         <path>.\drivers\</path>
         <kind>object</kind>
         <file>evmomapl138_timer.obj</file>
         <name>evmomapl138_timer.obj</name>
      </input_file>
      <input_file id="fl-d">
         <path>.\drivers\</path>
         <kind>object</kind>
         <file>evmomapl138_uart.obj</file>
         <name>evmomapl138_uart.obj</name>
      </input_file>
      <input_file id="fl-e">
         <path>.\drivers\</path>
         <kind>object</kind>
         <file>gpio_v2.obj</file>
         <name>gpio_v2.obj</name>
      </input_file>
      <input_file id="fl-f">
         <path>.\drivers\</path>
         <kind>object</kind>
         <file>gpmc.obj</file>
         <name>gpmc.obj</name>
      </input_file>
      <input_file id="fl-10">
         <path>.\drivers\</path>
         <kind>object</kind>
         <file>hsi2c.obj</file>
         <name>hsi2c.obj</name>
      </input_file>
      <input_file id="fl-11">
         <path>.\drivers\</path>
         <kind>object</kind>
         <file>lan8710a.obj</file>
         <name>lan8710a.obj</name>
      </input_file>
      <input_file id="fl-12">
         <path>.\drivers\</path>
         <kind>object</kind>
         <file>lidd.obj</file>
         <name>lidd.obj</name>
      </input_file>
      <input_file id="fl-13">
         <path>.\drivers\</path>
         <kind>object</kind>
         <file>mcasp.obj</file>
         <name>mcasp.obj</name>
      </input_file>
      <input_file id="fl-14">
         <path>.\drivers\</path>
         <kind>object</kind>
         <file>mcspi.obj</file>
         <name>mcspi.obj</name>
      </input_file>
      <input_file id="fl-15">
         <path>.\drivers\</path>
         <kind>object</kind>
         <file>mdio.obj</file>
         <name>mdio.obj</name>
      </input_file>
      <input_file id="fl-16">
         <path>.\drivers\</path>
         <kind>object</kind>
         <file>phy.obj</file>
         <name>phy.obj</name>
      </input_file>
      <input_file id="fl-17">
         <path>.\drivers\</path>
         <kind>object</kind>
         <file>psc.obj</file>
         <name>psc.obj</name>
      </input_file>
      <input_file id="fl-18">
         <path>.\drivers\</path>
         <kind>object</kind>
         <file>raster.obj</file>
         <name>raster.obj</name>
      </input_file>
      <input_file id="fl-19">
         <path>.\drivers\</path>
         <kind>object</kind>
         <file>rtc.obj</file>
         <name>rtc.obj</name>
      </input_file>
      <input_file id="fl-1a">
         <path>.\drivers\</path>
         <kind>object</kind>
         <file>spi.obj</file>
         <name>spi.obj</name>
      </input_file>
      <input_file id="fl-1b">
         <path>.\drivers\</path>
         <kind>object</kind>
         <file>timer.obj</file>
         <name>timer.obj</name>
      </input_file>
      <input_file id="fl-1c">
         <path>.\drivers\</path>
         <kind>object</kind>
         <file>tsc_adc.obj</file>
         <name>tsc_adc.obj</name>
      </input_file>
      <input_file id="fl-1d">
         <path>.\drivers\</path>
         <kind>object</kind>
         <file>uart.obj</file>
         <name>uart.obj</name>
      </input_file>
      <input_file id="fl-1e">
         <path>.\drivers\</path>
         <kind>object</kind>
         <file>vpif.obj</file>
         <name>vpif.obj</name>
      </input_file>
      <input_file id="fl-1f">
         <path>.\drivers\</path>
         <kind>object</kind>
         <file>watchdog.obj</file>
         <name>watchdog.obj</name>
      </input_file>
      <input_file id="fl-20">
         <path>.\inc\</path>
         <kind>object</kind>
         <file>evmomapl138.obj</file>
         <name>evmomapl138.obj</name>
      </input_file>
      <input_file id="fl-21">
         <path>.\inc\</path>
         <kind>object</kind>
         <file>evmomapl138_uPP.obj</file>
         <name>evmomapl138_uPP.obj</name>
      </input_file>
      <input_file id="fl-22">
         <path>.\src\</path>
         <kind>object</kind>
         <file>Io_fpga.obj</file>
         <name>Io_fpga.obj</name>
      </input_file>
      <input_file id="fl-23">
         <path>.\src\</path>
         <kind>object</kind>
         <file>Nand_Flash.obj</file>
         <name>Nand_Flash.obj</name>
      </input_file>
      <input_file id="fl-24">
         <path>.\src\</path>
         <kind>object</kind>
         <file>ad9822.obj</file>
         <name>ad9822.obj</name>
      </input_file>
      <input_file id="fl-25">
         <path>.\src\</path>
         <kind>object</kind>
         <file>dataprocess.obj</file>
         <name>dataprocess.obj</name>
      </input_file>
      <input_file id="fl-26">
         <path>.\src\</path>
         <kind>object</kind>
         <file>dsp_Uart.obj</file>
         <name>dsp_Uart.obj</name>
      </input_file>
      <input_file id="fl-27">
         <path>.\src\</path>
         <kind>object</kind>
         <file>fpga_config.obj</file>
         <name>fpga_config.obj</name>
      </input_file>
      <input_file id="fl-28">
         <path>.\src\</path>
         <kind>object</kind>
         <file>fpga_upp.obj</file>
         <name>fpga_upp.obj</name>
      </input_file>
      <input_file id="fl-29">
         <path>.\src\</path>
         <kind>object</kind>
         <file>main.obj</file>
         <name>main.obj</name>
      </input_file>
      <input_file id="fl-2a">
         <path>.\system_config\c674x\</path>
         <kind>object</kind>
         <file>cache.obj</file>
         <name>cache.obj</name>
      </input_file>
      <input_file id="fl-2b">
         <path>.\system_config\c674x\</path>
         <kind>object</kind>
         <file>interrupt.obj</file>
         <name>interrupt.obj</name>
      </input_file>
      <input_file id="fl-2c">
         <path>.\system_config\c674x\</path>
         <kind>object</kind>
         <file>intvecs.obj</file>
         <name>intvecs.obj</name>
      </input_file>
      <input_file id="fl-a7">
         <path>C:\ti\ccsv6\tools\compiler\c6000_7.4.16\lib\</path>
         <kind>archive</kind>
         <file>rts6740_elf.lib</file>
         <name>boot.obj</name>
      </input_file>
      <input_file id="fl-a8">
         <path>C:\ti\ccsv6\tools\compiler\c6000_7.4.16\lib\</path>
         <kind>archive</kind>
         <file>rts6740_elf.lib</file>
         <name>copy_decompress_none.obj</name>
      </input_file>
      <input_file id="fl-a9">
         <path>C:\ti\ccsv6\tools\compiler\c6000_7.4.16\lib\</path>
         <kind>archive</kind>
         <file>rts6740_elf.lib</file>
         <name>copy_decompress_rle.obj</name>
      </input_file>
      <input_file id="fl-aa">
         <path>C:\ti\ccsv6\tools\compiler\c6000_7.4.16\lib\</path>
         <kind>archive</kind>
         <file>rts6740_elf.lib</file>
         <name>copy_zero_init.obj</name>
      </input_file>
      <input_file id="fl-ab">
         <path>C:\ti\ccsv6\tools\compiler\c6000_7.4.16\lib\</path>
         <kind>archive</kind>
         <file>rts6740_elf.lib</file>
         <name>divd.obj</name>
      </input_file>
      <input_file id="fl-ac">
         <path>C:\ti\ccsv6\tools\compiler\c6000_7.4.16\lib\</path>
         <kind>archive</kind>
         <file>rts6740_elf.lib</file>
         <name>divf.obj</name>
      </input_file>
      <input_file id="fl-ad">
         <path>C:\ti\ccsv6\tools\compiler\c6000_7.4.16\lib\</path>
         <kind>archive</kind>
         <file>rts6740_elf.lib</file>
         <name>divi.obj</name>
      </input_file>
      <input_file id="fl-ae">
         <path>C:\ti\ccsv6\tools\compiler\c6000_7.4.16\lib\</path>
         <kind>archive</kind>
         <file>rts6740_elf.lib</file>
         <name>divu.obj</name>
      </input_file>
      <input_file id="fl-af">
         <path>C:\ti\ccsv6\tools\compiler\c6000_7.4.16\lib\</path>
         <kind>archive</kind>
         <file>rts6740_elf.lib</file>
         <name>exit.obj</name>
      </input_file>
      <input_file id="fl-b0">
         <path>C:\ti\ccsv6\tools\compiler\c6000_7.4.16\lib\</path>
         <kind>archive</kind>
         <file>rts6740_elf.lib</file>
         <name>fclose.obj</name>
      </input_file>
      <input_file id="fl-b1">
         <path>C:\ti\ccsv6\tools\compiler\c6000_7.4.16\lib\</path>
         <kind>archive</kind>
         <file>rts6740_elf.lib</file>
         <name>fflush.obj</name>
      </input_file>
      <input_file id="fl-b2">
         <path>C:\ti\ccsv6\tools\compiler\c6000_7.4.16\lib\</path>
         <kind>archive</kind>
         <file>rts6740_elf.lib</file>
         <name>fixdu.obj</name>
      </input_file>
      <input_file id="fl-b3">
         <path>C:\ti\ccsv6\tools\compiler\c6000_7.4.16\lib\</path>
         <kind>archive</kind>
         <file>rts6740_elf.lib</file>
         <name>fixfu.obj</name>
      </input_file>
      <input_file id="fl-b4">
         <path>C:\ti\ccsv6\tools\compiler\c6000_7.4.16\lib\</path>
         <kind>archive</kind>
         <file>rts6740_elf.lib</file>
         <name>fopen.obj</name>
      </input_file>
      <input_file id="fl-b5">
         <path>C:\ti\ccsv6\tools\compiler\c6000_7.4.16\lib\</path>
         <kind>archive</kind>
         <file>rts6740_elf.lib</file>
         <name>fprintf.obj</name>
      </input_file>
      <input_file id="fl-b6">
         <path>C:\ti\ccsv6\tools\compiler\c6000_7.4.16\lib\</path>
         <kind>archive</kind>
         <file>rts6740_elf.lib</file>
         <name>fputc.obj</name>
      </input_file>
      <input_file id="fl-b7">
         <path>C:\ti\ccsv6\tools\compiler\c6000_7.4.16\lib\</path>
         <kind>archive</kind>
         <file>rts6740_elf.lib</file>
         <name>fputs.obj</name>
      </input_file>
      <input_file id="fl-b8">
         <path>C:\ti\ccsv6\tools\compiler\c6000_7.4.16\lib\</path>
         <kind>archive</kind>
         <file>rts6740_elf.lib</file>
         <name>frcmpyd_div.obj</name>
      </input_file>
      <input_file id="fl-b9">
         <path>C:\ti\ccsv6\tools\compiler\c6000_7.4.16\lib\</path>
         <kind>archive</kind>
         <file>rts6740_elf.lib</file>
         <name>fread.obj</name>
      </input_file>
      <input_file id="fl-ba">
         <path>C:\ti\ccsv6\tools\compiler\c6000_7.4.16\lib\</path>
         <kind>archive</kind>
         <file>rts6740_elf.lib</file>
         <name>fseek.obj</name>
      </input_file>
      <input_file id="fl-bb">
         <path>C:\ti\ccsv6\tools\compiler\c6000_7.4.16\lib\</path>
         <kind>archive</kind>
         <file>rts6740_elf.lib</file>
         <name>ftell.obj</name>
      </input_file>
      <input_file id="fl-bc">
         <path>C:\ti\ccsv6\tools\compiler\c6000_7.4.16\lib\</path>
         <kind>archive</kind>
         <file>rts6740_elf.lib</file>
         <name>fwrite.obj</name>
      </input_file>
      <input_file id="fl-bd">
         <path>C:\ti\ccsv6\tools\compiler\c6000_7.4.16\lib\</path>
         <kind>archive</kind>
         <file>rts6740_elf.lib</file>
         <name>llshift.obj</name>
      </input_file>
      <input_file id="fl-be">
         <path>C:\ti\ccsv6\tools\compiler\c6000_7.4.16\lib\</path>
         <kind>archive</kind>
         <file>rts6740_elf.lib</file>
         <name>lowlev.obj</name>
      </input_file>
      <input_file id="fl-bf">
         <path>C:\ti\ccsv6\tools\compiler\c6000_7.4.16\lib\</path>
         <kind>archive</kind>
         <file>rts6740_elf.lib</file>
         <name>memcmp.obj</name>
      </input_file>
      <input_file id="fl-c0">
         <path>C:\ti\ccsv6\tools\compiler\c6000_7.4.16\lib\</path>
         <kind>archive</kind>
         <file>rts6740_elf.lib</file>
         <name>memcpy64.obj</name>
      </input_file>
      <input_file id="fl-c1">
         <path>C:\ti\ccsv6\tools\compiler\c6000_7.4.16\lib\</path>
         <kind>archive</kind>
         <file>rts6740_elf.lib</file>
         <name>memory.obj</name>
      </input_file>
      <input_file id="fl-c2">
         <path>C:\ti\ccsv6\tools\compiler\c6000_7.4.16\lib\</path>
         <kind>archive</kind>
         <file>rts6740_elf.lib</file>
         <name>memset.obj</name>
      </input_file>
      <input_file id="fl-c3">
         <path>C:\ti\ccsv6\tools\compiler\c6000_7.4.16\lib\</path>
         <kind>archive</kind>
         <file>rts6740_elf.lib</file>
         <name>pow.obj</name>
      </input_file>
      <input_file id="fl-c4">
         <path>C:\ti\ccsv6\tools\compiler\c6000_7.4.16\lib\</path>
         <kind>archive</kind>
         <file>rts6740_elf.lib</file>
         <name>printf.obj</name>
      </input_file>
      <input_file id="fl-c5">
         <path>C:\ti\ccsv6\tools\compiler\c6000_7.4.16\lib\</path>
         <kind>archive</kind>
         <file>rts6740_elf.lib</file>
         <name>remi.obj</name>
      </input_file>
      <input_file id="fl-c6">
         <path>C:\ti\ccsv6\tools\compiler\c6000_7.4.16\lib\</path>
         <kind>archive</kind>
         <file>rts6740_elf.lib</file>
         <name>remove.obj</name>
      </input_file>
      <input_file id="fl-c7">
         <path>C:\ti\ccsv6\tools\compiler\c6000_7.4.16\lib\</path>
         <kind>archive</kind>
         <file>rts6740_elf.lib</file>
         <name>round.obj</name>
      </input_file>
      <input_file id="fl-c8">
         <path>C:\ti\ccsv6\tools\compiler\c6000_7.4.16\lib\</path>
         <kind>archive</kind>
         <file>rts6740_elf.lib</file>
         <name>sprintf.obj</name>
      </input_file>
      <input_file id="fl-c9">
         <path>C:\ti\ccsv6\tools\compiler\c6000_7.4.16\lib\</path>
         <kind>archive</kind>
         <file>rts6740_elf.lib</file>
         <name>trgdrv.obj</name>
      </input_file>
      <input_file id="fl-ca">
         <path>C:\ti\ccsv6\tools\compiler\c6000_7.4.16\lib\</path>
         <kind>archive</kind>
         <file>rts6740_elf.lib</file>
         <name>trgmsg.obj</name>
      </input_file>
      <input_file id="fl-cb">
         <path>C:\ti\ccsv6\tools\compiler\c6000_7.4.16\lib\</path>
         <kind>archive</kind>
         <file>rts6740_elf.lib</file>
         <name>trunc.obj</name>
      </input_file>
      <input_file id="fl-cc">
         <path>C:\ti\ccsv6\tools\compiler\c6000_7.4.16\lib\</path>
         <kind>archive</kind>
         <file>rts6740_elf.lib</file>
         <name>_bufread.obj</name>
      </input_file>
      <input_file id="fl-cd">
         <path>C:\ti\ccsv6\tools\compiler\c6000_7.4.16\lib\</path>
         <kind>archive</kind>
         <file>rts6740_elf.lib</file>
         <name>_io_perm.obj</name>
      </input_file>
      <input_file id="fl-ce">
         <path>C:\ti\ccsv6\tools\compiler\c6000_7.4.16\lib\</path>
         <kind>archive</kind>
         <file>rts6740_elf.lib</file>
         <name>_lock.obj</name>
      </input_file>
      <input_file id="fl-cf">
         <path>C:\ti\ccsv6\tools\compiler\c6000_7.4.16\lib\</path>
         <kind>archive</kind>
         <file>rts6740_elf.lib</file>
         <name>_printfi.obj</name>
      </input_file>
      <input_file id="fl-d0">
         <path>C:\ti\ccsv6\tools\compiler\c6000_7.4.16\lib\</path>
         <kind>archive</kind>
         <file>rts6740_elf.lib</file>
         <name>args_main.obj</name>
      </input_file>
      <input_file id="fl-d1">
         <path>C:\ti\ccsv6\tools\compiler\c6000_7.4.16\lib\</path>
         <kind>archive</kind>
         <file>rts6740_elf.lib</file>
         <name>atoi.obj</name>
      </input_file>
      <input_file id="fl-d2">
         <path>C:\ti\ccsv6\tools\compiler\c6000_7.4.16\lib\</path>
         <kind>archive</kind>
         <file>rts6740_elf.lib</file>
         <name>autoinit.obj</name>
      </input_file>
      <input_file id="fl-d3">
         <path>C:\ti\ccsv6\tools\compiler\c6000_7.4.16\lib\</path>
         <kind>archive</kind>
         <file>rts6740_elf.lib</file>
         <name>cpp_init.obj</name>
      </input_file>
      <input_file id="fl-d4">
         <path>C:\ti\ccsv6\tools\compiler\c6000_7.4.16\lib\</path>
         <kind>archive</kind>
         <file>rts6740_elf.lib</file>
         <name>cpy_tbl.obj</name>
      </input_file>
      <input_file id="fl-d5">
         <path>C:\ti\ccsv6\tools\compiler\c6000_7.4.16\lib\</path>
         <kind>archive</kind>
         <file>rts6740_elf.lib</file>
         <name>ctype.obj</name>
      </input_file>
      <input_file id="fl-d6">
         <path>C:\ti\ccsv6\tools\compiler\c6000_7.4.16\lib\</path>
         <kind>archive</kind>
         <file>rts6740_elf.lib</file>
         <name>defs.obj</name>
      </input_file>
      <input_file id="fl-d7">
         <path>C:\ti\ccsv6\tools\compiler\c6000_7.4.16\lib\</path>
         <kind>archive</kind>
         <file>rts6740_elf.lib</file>
         <name>errno.obj</name>
      </input_file>
      <input_file id="fl-d8">
         <path>C:\ti\ccsv6\tools\compiler\c6000_7.4.16\lib\</path>
         <kind>archive</kind>
         <file>rts6740_elf.lib</file>
         <name>frexp.obj</name>
      </input_file>
      <input_file id="fl-d9">
         <path>C:\ti\ccsv6\tools\compiler\c6000_7.4.16\lib\</path>
         <kind>archive</kind>
         <file>rts6740_elf.lib</file>
         <name>imath40.obj</name>
      </input_file>
      <input_file id="fl-da">
         <path>C:\ti\ccsv6\tools\compiler\c6000_7.4.16\lib\</path>
         <kind>archive</kind>
         <file>rts6740_elf.lib</file>
         <name>imath64.obj</name>
      </input_file>
      <input_file id="fl-db">
         <path>C:\ti\ccsv6\tools\compiler\c6000_7.4.16\lib\</path>
         <kind>archive</kind>
         <file>rts6740_elf.lib</file>
         <name>isinf.obj</name>
      </input_file>
      <input_file id="fl-dc">
         <path>C:\ti\ccsv6\tools\compiler\c6000_7.4.16\lib\</path>
         <kind>archive</kind>
         <file>rts6740_elf.lib</file>
         <name>ldexp.obj</name>
      </input_file>
      <input_file id="fl-dd">
         <path>C:\ti\ccsv6\tools\compiler\c6000_7.4.16\lib\</path>
         <kind>archive</kind>
         <file>rts6740_elf.lib</file>
         <name>ltoa.obj</name>
      </input_file>
      <input_file id="fl-de">
         <path>C:\ti\ccsv6\tools\compiler\c6000_7.4.16\lib\</path>
         <kind>archive</kind>
         <file>rts6740_elf.lib</file>
         <name>memccpy.obj</name>
      </input_file>
      <input_file id="fl-df">
         <path>C:\ti\ccsv6\tools\compiler\c6000_7.4.16\lib\</path>
         <kind>archive</kind>
         <file>rts6740_elf.lib</file>
         <name>modf.obj</name>
      </input_file>
      <input_file id="fl-e0">
         <path>C:\ti\ccsv6\tools\compiler\c6000_7.4.16\lib\</path>
         <kind>archive</kind>
         <file>rts6740_elf.lib</file>
         <name>negll.obj</name>
      </input_file>
      <input_file id="fl-e1">
         <path>C:\ti\ccsv6\tools\compiler\c6000_7.4.16\lib\</path>
         <kind>archive</kind>
         <file>rts6740_elf.lib</file>
         <name>setvbuf.obj</name>
      </input_file>
      <input_file id="fl-e2">
         <path>C:\ti\ccsv6\tools\compiler\c6000_7.4.16\lib\</path>
         <kind>archive</kind>
         <file>rts6740_elf.lib</file>
         <name>tls.obj</name>
      </input_file>
      <input_file id="fl-e3">
         <path>C:\ti\ccsv6\tools\compiler\c6000_7.4.16\lib\</path>
         <kind>archive</kind>
         <file>rts6740_elf.lib</file>
         <name>tls_get_tp.obj</name>
      </input_file>
      <input_file id="fl-e4">
         <path>C:\ti\ccsv6\tools\compiler\c6000_7.4.16\lib\</path>
         <kind>archive</kind>
         <file>rts6740_elf.lib</file>
         <name>abs.obj</name>
      </input_file>
   </input_file_list>
   <object_component_list>
      <object_component id="oc-11e">
         <name>.text</name>
         <load_address>0x80000000</load_address>
         <run_address>0x80000000</run_address>
         <size>0x1b60</size>
         <input_file_ref idref="fl-25"/>
      </object_component>
      <object_component id="oc-30">
         <name>.text:retain</name>
         <load_address>0x80001b60</load_address>
         <run_address>0x80001b60</run_address>
         <size>0x1aa0</size>
         <input_file_ref idref="fl-2b"/>
      </object_component>
      <object_component id="oc-15d">
         <name>.text</name>
         <load_address>0x80003600</load_address>
         <run_address>0x80003600</run_address>
         <size>0xc00</size>
         <input_file_ref idref="fl-20"/>
      </object_component>
      <object_component id="oc-84">
         <name>.text</name>
         <load_address>0x80004200</load_address>
         <run_address>0x80004200</run_address>
         <size>0x7a0</size>
         <input_file_ref idref="fl-29"/>
      </object_component>
      <object_component id="oc-265">
         <name>.text:pow</name>
         <load_address>0x800049a0</load_address>
         <run_address>0x800049a0</run_address>
         <size>0x740</size>
         <input_file_ref idref="fl-c3"/>
      </object_component>
      <object_component id="oc-113">
         <name>.text</name>
         <load_address>0x800050e0</load_address>
         <run_address>0x800050e0</run_address>
         <size>0x680</size>
         <input_file_ref idref="fl-24"/>
      </object_component>
      <object_component id="oc-1e7">
         <name>.text</name>
         <load_address>0x80005760</load_address>
         <run_address>0x80005760</run_address>
         <size>0x5e0</size>
         <input_file_ref idref="fl-2b"/>
      </object_component>
      <object_component id="oc-434">
         <name>.text:_getarg_diouxp</name>
         <load_address>0x80005d40</load_address>
         <run_address>0x80005d40</run_address>
         <size>0x5c0</size>
         <input_file_ref idref="fl-cf"/>
      </object_component>
      <object_component id="oc-256">
         <name>.text:__c6xabi_divd</name>
         <load_address>0x80006300</load_address>
         <run_address>0x80006300</run_address>
         <size>0x5a0</size>
         <input_file_ref idref="fl-ab"/>
      </object_component>
      <object_component id="oc-2c9">
         <name>.text:_setfield</name>
         <load_address>0x800068a0</load_address>
         <run_address>0x800068a0</run_address>
         <size>0x520</size>
         <input_file_ref idref="fl-cf"/>
      </object_component>
      <object_component id="oc-dc">
         <name>.text:fwrite</name>
         <load_address>0x80006dc0</load_address>
         <run_address>0x80006dc0</run_address>
         <size>0x4c0</size>
         <input_file_ref idref="fl-bc"/>
      </object_component>
      <object_component id="oc-18b">
         <name>.text:_printfi</name>
         <load_address>0x80007280</load_address>
         <run_address>0x80007280</run_address>
         <size>0x460</size>
         <input_file_ref idref="fl-cf"/>
      </object_component>
      <object_component id="oc-102">
         <name>.text</name>
         <load_address>0x800076e0</load_address>
         <run_address>0x800076e0</run_address>
         <size>0x3c0</size>
         <input_file_ref idref="fl-28"/>
      </object_component>
      <object_component id="oc-204">
         <name>.text</name>
         <load_address>0x80007aa0</load_address>
         <run_address>0x80007aa0</run_address>
         <size>0x3a0</size>
         <input_file_ref idref="fl-d"/>
      </object_component>
      <object_component id="oc-2b3">
         <name>.text:fputs</name>
         <load_address>0x80007e40</load_address>
         <run_address>0x80007e40</run_address>
         <size>0x3a0</size>
         <input_file_ref idref="fl-b7"/>
      </object_component>
      <object_component id="oc-c4">
         <name>.text</name>
         <load_address>0x800081e0</load_address>
         <run_address>0x800081e0</run_address>
         <size>0x380</size>
         <input_file_ref idref="fl-22"/>
      </object_component>
      <object_component id="oc-39c">
         <name>.text:_pproc_fge</name>
         <load_address>0x80008560</load_address>
         <run_address>0x80008560</run_address>
         <size>0x320</size>
         <input_file_ref idref="fl-cf"/>
      </object_component>
      <object_component id="oc-2c4">
         <name>.text:_pproc_fwp</name>
         <load_address>0x80008880</load_address>
         <run_address>0x80008880</run_address>
         <size>0x2e0</size>
         <input_file_ref idref="fl-cf"/>
      </object_component>
      <object_component id="oc-f5">
         <name>.text:fread</name>
         <load_address>0x80008b60</load_address>
         <run_address>0x80008b60</run_address>
         <size>0x2c0</size>
         <input_file_ref idref="fl-b9"/>
      </object_component>
      <object_component id="oc-484">
         <name>.text:ecvt</name>
         <load_address>0x80008e20</load_address>
         <run_address>0x80008e20</run_address>
         <size>0x2a0</size>
         <input_file_ref idref="fl-cf"/>
      </object_component>
      <object_component id="oc-494">
         <name>.text:fcvt</name>
         <load_address>0x800090c0</load_address>
         <run_address>0x800090c0</run_address>
         <size>0x2a0</size>
         <input_file_ref idref="fl-cf"/>
      </object_component>
      <object_component id="oc-247">
         <name>.text:__c6xabi_divf</name>
         <load_address>0x80009360</load_address>
         <run_address>0x80009360</run_address>
         <size>0x280</size>
         <input_file_ref idref="fl-ac"/>
      </object_component>
      <object_component id="oc-2f1">
         <name>.text:free</name>
         <load_address>0x800095e0</load_address>
         <run_address>0x800095e0</run_address>
         <size>0x280</size>
         <input_file_ref idref="fl-c1"/>
      </object_component>
      <object_component id="oc-4dd">
         <name>.text:__c6xabi_divull</name>
         <load_address>0x80009860</load_address>
         <run_address>0x80009860</run_address>
         <size>0x260</size>
         <input_file_ref idref="fl-da"/>
      </object_component>
      <object_component id="oc-42e">
         <name>.text:_pconv_e</name>
         <load_address>0x80009ac0</load_address>
         <run_address>0x80009ac0</run_address>
         <size>0x260</size>
         <input_file_ref idref="fl-cf"/>
      </object_component>
      <object_component id="oc-3a1">
         <name>.text:_pproc_diouxp</name>
         <load_address>0x80009d20</load_address>
         <run_address>0x80009d20</run_address>
         <size>0x240</size>
         <input_file_ref idref="fl-cf"/>
      </object_component>
      <object_component id="oc-2ce">
         <name>.text:_pproc_str</name>
         <load_address>0x80009f60</load_address>
         <run_address>0x80009f60</run_address>
         <size>0x220</size>
         <input_file_ref idref="fl-cf"/>
      </object_component>
      <object_component id="oc-2b9">
         <name>.text:fputc</name>
         <load_address>0x8000a180</load_address>
         <run_address>0x8000a180</run_address>
         <size>0x220</size>
         <input_file_ref idref="fl-b6"/>
      </object_component>
      <object_component id="oc-424">
         <name>.text:_pconv_g</name>
         <load_address>0x8000a3a0</load_address>
         <run_address>0x8000a3a0</run_address>
         <size>0x200</size>
         <input_file_ref idref="fl-cf"/>
      </object_component>
      <object_component id="oc-2dc">
         <name>.text:setvbuf</name>
         <load_address>0x8000a5a0</load_address>
         <run_address>0x8000a5a0</run_address>
         <size>0x200</size>
         <input_file_ref idref="fl-e1"/>
      </object_component>
      <object_component id="oc-7e">
         <name>.text:__TI_cpp_init</name>
         <load_address>0x8000a7a0</load_address>
         <run_address>0x8000a7a0</run_address>
         <size>0x60</size>
         <input_file_ref idref="fl-d3"/>
      </object_component>
      <object_component id="oc-18">
         <name>.text</name>
         <load_address>0x8000a800</load_address>
         <run_address>0x8000a800</run_address>
         <size>0x200</size>
         <input_file_ref idref="fl-2c"/>
      </object_component>
      <object_component id="oc-48e">
         <name>.text:_mcpy</name>
         <load_address>0x8000aa00</load_address>
         <run_address>0x8000aa00</run_address>
         <size>0x1c0</size>
         <input_file_ref idref="fl-cf"/>
      </object_component>
      <object_component id="oc-177">
         <name>.text:_openfile</name>
         <load_address>0x8000abc0</load_address>
         <run_address>0x8000abc0</run_address>
         <size>0x1c0</size>
         <input_file_ref idref="fl-b4"/>
      </object_component>
      <object_component id="oc-4d8">
         <name>.text:__c6xabi_divul</name>
         <load_address>0x8000ad80</load_address>
         <run_address>0x8000ad80</run_address>
         <size>0x1a0</size>
         <input_file_ref idref="fl-d9"/>
      </object_component>
      <object_component id="oc-34e">
         <name>.text:frexp</name>
         <load_address>0x8000af20</load_address>
         <run_address>0x8000af20</run_address>
         <size>0x1a0</size>
         <input_file_ref idref="fl-d8"/>
      </object_component>
      <object_component id="oc-46c">
         <name>.text:HOSTrename</name>
         <load_address>0x8000b0c0</load_address>
         <run_address>0x8000b0c0</run_address>
         <size>0x180</size>
         <input_file_ref idref="fl-c9"/>
      </object_component>
      <object_component id="oc-5e">
         <name>.text:__TI_decompress_rle_core</name>
         <load_address>0x8000b240</load_address>
         <run_address>0x8000b240</run_address>
         <size>0x180</size>
         <input_file_ref idref="fl-a9"/>
      </object_component>
      <object_component id="oc-353">
         <name>.text:ldexp</name>
         <load_address>0x8000b3c0</load_address>
         <run_address>0x8000b3c0</run_address>
         <size>0x180</size>
         <input_file_ref idref="fl-dc"/>
      </object_component>
      <object_component id="oc-3b5">
         <name>.text:malloc</name>
         <load_address>0x8000b540</load_address>
         <run_address>0x8000b540</run_address>
         <size>0x180</size>
         <input_file_ref idref="fl-c1"/>
      </object_component>
      <object_component id="oc-2a3">
         <name>.text:open</name>
         <load_address>0x8000b6c0</load_address>
         <run_address>0x8000b6c0</run_address>
         <size>0x180</size>
         <input_file_ref idref="fl-be"/>
      </object_component>
      <object_component id="oc-2bf">
         <name>.text:_pproc_fflags</name>
         <load_address>0x8000b840</load_address>
         <run_address>0x8000b840</run_address>
         <size>0x140</size>
         <input_file_ref idref="fl-cf"/>
      </object_component>
      <object_component id="oc-389">
         <name>.text:getdevice</name>
         <load_address>0x8000b980</load_address>
         <run_address>0x8000b980</run_address>
         <size>0x140</size>
         <input_file_ref idref="fl-be"/>
      </object_component>
      <object_component id="oc-163">
         <name>.text</name>
         <load_address>0x8000bac0</load_address>
         <run_address>0x8000bac0</run_address>
         <size>0x140</size>
         <input_file_ref idref="fl-17"/>
      </object_component>
      <object_component id="oc-1d3">
         <name>.text:_buff_read</name>
         <load_address>0x8000bc00</load_address>
         <run_address>0x8000bc00</run_address>
         <size>0x120</size>
         <input_file_ref idref="fl-cc"/>
      </object_component>
      <object_component id="oc-1b9">
         <name>.text:_closefile</name>
         <load_address>0x8000bd20</load_address>
         <run_address>0x8000bd20</run_address>
         <size>0x120</size>
         <input_file_ref idref="fl-b0"/>
      </object_component>
      <object_component id="oc-43e">
         <name>.text:_ltostr</name>
         <load_address>0x8000be40</load_address>
         <run_address>0x8000be40</run_address>
         <size>0x120</size>
         <input_file_ref idref="fl-cf"/>
      </object_component>
      <object_component id="oc-172">
         <name>.text:_search_fp</name>
         <load_address>0x8000bf60</load_address>
         <run_address>0x8000bf60</run_address>
         <size>0x120</size>
         <input_file_ref idref="fl-b4"/>
      </object_component>
      <object_component id="oc-eb">
         <name>.text:fseek</name>
         <load_address>0x8000c080</load_address>
         <run_address>0x8000c080</run_address>
         <size>0x120</size>
         <input_file_ref idref="fl-ba"/>
      </object_component>
      <object_component id="oc-f0">
         <name>.text:ftell</name>
         <load_address>0x8000c1a0</load_address>
         <run_address>0x8000c1a0</run_address>
         <size>0x120</size>
         <input_file_ref idref="fl-bb"/>
      </object_component>
      <object_component id="oc-462">
         <name>.text:HOSTlseek</name>
         <load_address>0x8000c2c0</load_address>
         <run_address>0x8000c2c0</run_address>
         <size>0x100</size>
         <input_file_ref idref="fl-c9"/>
      </object_component>
      <object_component id="oc-3c">
         <name>.text:_auto_init_elf</name>
         <load_address>0x8000c3c0</load_address>
         <run_address>0x8000c3c0</run_address>
         <size>0x100</size>
         <input_file_ref idref="fl-d2"/>
      </object_component>
      <object_component id="oc-192">
         <name>.text:_wrt_ok</name>
         <load_address>0x8000c4c0</load_address>
         <run_address>0x8000c4c0</run_address>
         <size>0x100</size>
         <input_file_ref idref="fl-cd"/>
      </object_component>
      <object_component id="oc-74">
         <name>.text:copy_in</name>
         <load_address>0x8000c5c0</load_address>
         <run_address>0x8000c5c0</run_address>
         <size>0x100</size>
         <input_file_ref idref="fl-d4"/>
      </object_component>
      <object_component id="oc-260">
         <name>.text:fprintf</name>
         <load_address>0x8000c6c0</load_address>
         <run_address>0x8000c6c0</run_address>
         <size>0x100</size>
         <input_file_ref idref="fl-b5"/>
      </object_component>
      <object_component id="oc-44e">
         <name>.text:HOSTopen</name>
         <load_address>0x8000c7c0</load_address>
         <run_address>0x8000c7c0</run_address>
         <size>0xe0</size>
         <input_file_ref idref="fl-c9"/>
      </object_component>
      <object_component id="oc-458">
         <name>.text:HOSTread</name>
         <load_address>0x8000c8a0</load_address>
         <run_address>0x8000c8a0</run_address>
         <size>0xe0</size>
         <input_file_ref idref="fl-c9"/>
      </object_component>
      <object_component id="oc-251">
         <name>.text:__divi</name>
         <load_address>0x8000c980</load_address>
         <run_address>0x8000c980</run_address>
         <size>0xe0</size>
         <input_file_ref idref="fl-ad"/>
      </object_component>
      <object_component id="oc-396">
         <name>.text:atoi</name>
         <load_address>0x8000ca60</load_address>
         <run_address>0x8000ca60</run_address>
         <size>0xe0</size>
         <input_file_ref idref="fl-d1"/>
      </object_component>
      <object_component id="oc-2f6">
         <name>.text:close</name>
         <load_address>0x8000cb40</load_address>
         <run_address>0x8000cb40</run_address>
         <size>0xe0</size>
         <input_file_ref idref="fl-be"/>
      </object_component>
      <object_component id="oc-26">
         <name>.text:decompress:ZI:__TI_zero_init</name>
         <load_address>0x8000cc20</load_address>
         <run_address>0x8000cc20</run_address>
         <size>0xe0</size>
         <input_file_ref idref="fl-aa"/>
      </object_component>
      <object_component id="oc-4ce">
         <name>.text:ltoa</name>
         <load_address>0x8000cd00</load_address>
         <run_address>0x8000cd00</run_address>
         <size>0xe0</size>
         <input_file_ref idref="fl-dd"/>
      </object_component>
      <object_component id="oc-108">
         <name>.text:memset</name>
         <load_address>0x8000cde0</load_address>
         <run_address>0x8000cde0</run_address>
         <size>0xe0</size>
         <input_file_ref idref="fl-c2"/>
      </object_component>
      <object_component id="oc-d7">
         <name>.text:printf</name>
         <load_address>0x8000cec0</load_address>
         <run_address>0x8000cec0</run_address>
         <size>0xe0</size>
         <input_file_ref idref="fl-c4"/>
      </object_component>
      <object_component id="oc-467">
         <name>.text:HOSTunlink</name>
         <load_address>0x8000cfa0</load_address>
         <run_address>0x8000cfa0</run_address>
         <size>0xc0</size>
         <input_file_ref idref="fl-c9"/>
      </object_component>
      <object_component id="oc-45d">
         <name>.text:HOSTwrite</name>
         <load_address>0x8000d060</load_address>
         <run_address>0x8000d060</run_address>
         <size>0xc0</size>
         <input_file_ref idref="fl-c9"/>
      </object_component>
      <object_component id="oc-19c">
         <name>.text:__divu</name>
         <load_address>0x8000d120</load_address>
         <run_address>0x8000d120</run_address>
         <size>0xc0</size>
         <input_file_ref idref="fl-ae"/>
      </object_component>
      <object_component id="oc-119">
         <name>.text:__remi</name>
         <load_address>0x8000d1e0</load_address>
         <run_address>0x8000d1e0</run_address>
         <size>0xc0</size>
         <input_file_ref idref="fl-c5"/>
      </object_component>
      <object_component id="oc-4ac">
         <name>.text:_div</name>
         <load_address>0x8000d2a0</load_address>
         <run_address>0x8000d2a0</run_address>
         <size>0xc0</size>
         <input_file_ref idref="fl-cf"/>
      </object_component>
      <object_component id="oc-197">
         <name>.text:_doflush</name>
         <load_address>0x8000d360</load_address>
         <run_address>0x8000d360</run_address>
         <size>0xc0</size>
         <input_file_ref idref="fl-b1"/>
      </object_component>
      <object_component id="oc-1ce">
         <name>.text:_rd_ok</name>
         <load_address>0x8000d420</load_address>
         <run_address>0x8000d420</run_address>
         <size>0xc0</size>
         <input_file_ref idref="fl-cd"/>
      </object_component>
      <object_component id="oc-46">
         <name>.text:exit</name>
         <load_address>0x8000d4e0</load_address>
         <run_address>0x8000d4e0</run_address>
         <size>0xc0</size>
         <input_file_ref idref="fl-af"/>
      </object_component>
      <object_component id="oc-79">
         <name>.text:tls:init:__TI_tls_init</name>
         <load_address>0x8000d5a0</load_address>
         <run_address>0x8000d5a0</run_address>
         <size>0xc0</size>
         <input_file_ref idref="fl-e2"/>
      </object_component>
      <object_component id="oc-453">
         <name>.text:HOSTclose</name>
         <load_address>0x8000d660</load_address>
         <run_address>0x8000d660</run_address>
         <size>0xa0</size>
         <input_file_ref idref="fl-c9"/>
      </object_component>
      <object_component id="oc-358">
         <name>.text:__c6xabi_nround</name>
         <load_address>0x8000d700</load_address>
         <run_address>0x8000d700</run_address>
         <size>0xa0</size>
         <input_file_ref idref="fl-c7"/>
      </object_component>
      <object_component id="oc-29e">
         <name>.text:_cleanup</name>
         <load_address>0x8000d7a0</load_address>
         <run_address>0x8000d7a0</run_address>
         <size>0xa0</size>
         <input_file_ref idref="fl-b4"/>
      </object_component>
      <object_component id="oc-489">
         <name>.text:_ecpy</name>
         <load_address>0x8000d840</load_address>
         <run_address>0x8000d840</run_address>
         <size>0xa0</size>
         <input_file_ref idref="fl-cf"/>
      </object_component>
      <object_component id="oc-499">
         <name>.text:_fcpy</name>
         <load_address>0x8000d8e0</load_address>
         <run_address>0x8000d8e0</run_address>
         <size>0xa0</size>
         <input_file_ref idref="fl-cf"/>
      </object_component>
      <object_component id="oc-446">
         <name>.text:_minit</name>
         <load_address>0x8000d980</load_address>
         <run_address>0x8000d980</run_address>
         <size>0xa0</size>
         <input_file_ref idref="fl-c1"/>
      </object_component>
      <object_component id="oc-429">
         <name>.text:_pconv_f</name>
         <load_address>0x8000da20</load_address>
         <run_address>0x8000da20</run_address>
         <size>0xa0</size>
         <input_file_ref idref="fl-cf"/>
      </object_component>
      <object_component id="oc-40b">
         <name>.text:finddevice</name>
         <load_address>0x8000dac0</load_address>
         <run_address>0x8000dac0</run_address>
         <size>0xa0</size>
         <input_file_ref idref="fl-be"/>
      </object_component>
      <object_component id="oc-1c0">
         <name>.text:lseek</name>
         <load_address>0x8000db60</load_address>
         <run_address>0x8000db60</run_address>
         <size>0xa0</size>
         <input_file_ref idref="fl-be"/>
      </object_component>
      <object_component id="oc-4d">
         <name>.text:memcpy</name>
         <load_address>0x8000dc00</load_address>
         <run_address>0x8000dc00</run_address>
         <size>0xa0</size>
         <input_file_ref idref="fl-c0"/>
      </object_component>
      <object_component id="oc-3d4">
         <name>.text:minsert</name>
         <load_address>0x8000dca0</load_address>
         <run_address>0x8000dca0</run_address>
         <size>0xa0</size>
         <input_file_ref idref="fl-c1"/>
      </object_component>
      <object_component id="oc-362">
         <name>.text:modf</name>
         <load_address>0x8000dd40</load_address>
         <run_address>0x8000dd40</run_address>
         <size>0xa0</size>
         <input_file_ref idref="fl-df"/>
      </object_component>
      <object_component id="oc-3cf">
         <name>.text:mremove</name>
         <load_address>0x8000dde0</load_address>
         <run_address>0x8000dde0</run_address>
         <size>0xa0</size>
         <input_file_ref idref="fl-c1"/>
      </object_component>
      <object_component id="oc-1d8">
         <name>.text:read</name>
         <load_address>0x8000de80</load_address>
         <run_address>0x8000de80</run_address>
         <size>0xa0</size>
         <input_file_ref idref="fl-be"/>
      </object_component>
      <object_component id="oc-1a1">
         <name>.text:write</name>
         <load_address>0x8000df20</load_address>
         <run_address>0x8000df20</run_address>
         <size>0xa0</size>
         <input_file_ref idref="fl-be"/>
      </object_component>
      <object_component id="oc-25b">
         <name>.text:__c6xabi_fixdu</name>
         <load_address>0x8000dfc0</load_address>
         <run_address>0x8000dfc0</run_address>
         <size>0x80</size>
         <input_file_ref idref="fl-b2"/>
      </object_component>
      <object_component id="oc-24c">
         <name>.text:__c6xabi_fixfu</name>
         <load_address>0x8000e040</load_address>
         <run_address>0x8000e040</run_address>
         <size>0x80</size>
         <input_file_ref idref="fl-b3"/>
      </object_component>
      <object_component id="oc-4f0">
         <name>.text:__c6xabi_llshl</name>
         <load_address>0x8000e0c0</load_address>
         <run_address>0x8000e0c0</run_address>
         <size>0x80</size>
         <input_file_ref idref="fl-bd"/>
      </object_component>
      <object_component id="oc-17">
         <name>.text:_c_int00</name>
         <load_address>0x8000e140</load_address>
         <run_address>0x8000e140</run_address>
         <size>0x80</size>
         <input_file_ref idref="fl-a7"/>
      </object_component>
      <object_component id="oc-10d">
         <name>.text</name>
         <load_address>0x8000e1c0</load_address>
         <run_address>0x8000e1c0</run_address>
         <size>0x80</size>
         <input_file_ref idref="fl-26"/>
      </object_component>
      <object_component id="oc-4bd">
         <name>.text:readmsg</name>
         <load_address>0x8000e240</load_address>
         <run_address>0x8000e240</run_address>
         <size>0x80</size>
         <input_file_ref idref="fl-ca"/>
      </object_component>
      <object_component id="oc-2fb">
         <name>.text:unlink</name>
         <load_address>0x8000e2c0</load_address>
         <run_address>0x8000e2c0</run_address>
         <size>0x80</size>
         <input_file_ref idref="fl-be"/>
      </object_component>
      <object_component id="oc-4f5">
         <name>.text:_subcull</name>
         <load_address>0x8000e340</load_address>
         <run_address>0x8000e340</run_address>
         <size>0x60</size>
         <input_file_ref idref="fl-da"/>
      </object_component>
      <object_component id="oc-e6">
         <name>.text:fclose</name>
         <load_address>0x8000e3a0</load_address>
         <run_address>0x8000e3a0</run_address>
         <size>0x60</size>
         <input_file_ref idref="fl-b0"/>
      </object_component>
      <object_component id="oc-d2">
         <name>.text:fopen</name>
         <load_address>0x8000e400</load_address>
         <run_address>0x8000e400</run_address>
         <size>0x60</size>
         <input_file_ref idref="fl-b4"/>
      </object_component>
      <object_component id="oc-3a6">
         <name>.text:memccpy</name>
         <load_address>0x8000e460</load_address>
         <run_address>0x8000e460</run_address>
         <size>0x60</size>
         <input_file_ref idref="fl-de"/>
      </object_component>
      <object_component id="oc-22d">
         <name>.text:set_en</name>
         <load_address>0x8000e4c0</load_address>
         <run_address>0x8000e4c0</run_address>
         <size>0x60</size>
         <input_file_ref idref="fl-24"/>
      </object_component>
      <object_component id="oc-235">
         <name>.text:set_sda</name>
         <load_address>0x8000e520</load_address>
         <run_address>0x8000e520</run_address>
         <size>0x60</size>
         <input_file_ref idref="fl-24"/>
      </object_component>
      <object_component id="oc-225">
         <name>.text:set_sdadir</name>
         <load_address>0x8000e580</load_address>
         <run_address>0x8000e580</run_address>
         <size>0x60</size>
         <input_file_ref idref="fl-24"/>
      </object_component>
      <object_component id="oc-e1">
         <name>.text:sprintf</name>
         <load_address>0x8000e5e0</load_address>
         <run_address>0x8000e5e0</run_address>
         <size>0x60</size>
         <input_file_ref idref="fl-c8"/>
      </object_component>
      <object_component id="oc-384">
         <name>.text:tabinit</name>
         <load_address>0x8000e640</load_address>
         <run_address>0x8000e640</run_address>
         <size>0x60</size>
         <input_file_ref idref="fl-be"/>
      </object_component>
      <object_component id="oc-1df">
         <name>.text:write_mask_reg</name>
         <load_address>0x8000e6a0</load_address>
         <run_address>0x8000e6a0</run_address>
         <size>0x60</size>
         <input_file_ref idref="fl-24"/>
      </object_component>
      <object_component id="oc-4b8">
         <name>.text:writemsg</name>
         <load_address>0x8000e700</load_address>
         <run_address>0x8000e700</run_address>
         <size>0x60</size>
         <input_file_ref idref="fl-ca"/>
      </object_component>
      <object_component id="oc-33b">
         <name>.text:__c6xabi_frcmpyd_div</name>
         <load_address>0x8000e760</load_address>
         <run_address>0x8000e760</run_address>
         <size>0x40</size>
         <input_file_ref idref="fl-b8"/>
      </object_component>
      <object_component id="oc-41f">
         <name>.text:__c6xabi_isinf</name>
         <load_address>0x8000e7a0</load_address>
         <run_address>0x8000e7a0</run_address>
         <size>0x40</size>
         <input_file_ref idref="fl-db"/>
      </object_component>
      <object_component id="oc-41a">
         <name>.text:__c6xabi_isnan</name>
         <load_address>0x8000e7e0</load_address>
         <run_address>0x8000e7e0</run_address>
         <size>0x40</size>
         <input_file_ref idref="fl-cf"/>
      </object_component>
      <object_component id="oc-336">
         <name>.text:__c6xabi_llshru</name>
         <load_address>0x8000e820</load_address>
         <run_address>0x8000e820</run_address>
         <size>0x40</size>
         <input_file_ref idref="fl-bd"/>
      </object_component>
      <object_component id="oc-41">
         <name>.text:_args_main</name>
         <load_address>0x8000e860</load_address>
         <run_address>0x8000e860</run_address>
         <size>0x40</size>
         <input_file_ref idref="fl-d0"/>
      </object_component>
      <object_component id="oc-1b2">
         <name>.text:_outs</name>
         <load_address>0x8000e8a0</load_address>
         <run_address>0x8000e8a0</run_address>
         <size>0x40</size>
         <input_file_ref idref="fl-c8"/>
      </object_component>
      <object_component id="oc-20d">
         <name>.text:delay</name>
         <load_address>0x8000e8e0</load_address>
         <run_address>0x8000e8e0</run_address>
         <size>0x40</size>
         <input_file_ref idref="fl-24"/>
      </object_component>
      <object_component id="oc-ca">
         <name>.text:dsp_delay</name>
         <load_address>0x8000e920</load_address>
         <run_address>0x8000e920</run_address>
         <size>0x40</size>
         <input_file_ref idref="fl-22"/>
      </object_component>
      <object_component id="oc-23d">
         <name>.text:read_sda</name>
         <load_address>0x8000e960</load_address>
         <run_address>0x8000e960</run_address>
         <size>0x40</size>
         <input_file_ref idref="fl-24"/>
      </object_component>
      <object_component id="oc-1c7">
         <name>.text:__c6xabi_errno_addr</name>
         <load_address>0x8000e9a0</load_address>
         <run_address>0x8000e9a0</run_address>
         <size>0x20</size>
         <input_file_ref idref="fl-d7"/>
      </object_component>
      <object_component id="oc-439">
         <name>.text:__c6xabi_negll</name>
         <load_address>0x8000e9c0</load_address>
         <run_address>0x8000e9c0</run_address>
         <size>0x20</size>
         <input_file_ref idref="fl-e0"/>
      </object_component>
      <object_component id="oc-35d">
         <name>.text:__c6xabi_trunc</name>
         <load_address>0x8000e9e0</load_address>
         <run_address>0x8000e9e0</run_address>
         <size>0x20</size>
         <input_file_ref idref="fl-cb"/>
      </object_component>
      <object_component id="oc-291">
         <name>.text:_nop</name>
         <load_address>0x8000ea00</load_address>
         <run_address>0x8000ea00</run_address>
         <size>0x20</size>
         <input_file_ref idref="fl-ce"/>
      </object_component>
      <object_component id="oc-347">
         <name>.text:_outc</name>
         <load_address>0x8000ea20</load_address>
         <run_address>0x8000ea20</run_address>
         <size>0x20</size>
         <input_file_ref idref="fl-b5"/>
      </object_component>
      <object_component id="oc-186">
         <name>.text:_outc</name>
         <load_address>0x8000ea40</load_address>
         <run_address>0x8000ea40</run_address>
         <size>0x20</size>
         <input_file_ref idref="fl-c4"/>
      </object_component>
      <object_component id="oc-1ad">
         <name>.text:_outc</name>
         <load_address>0x8000ea60</load_address>
         <run_address>0x8000ea60</run_address>
         <size>0x20</size>
         <input_file_ref idref="fl-c8"/>
      </object_component>
      <object_component id="oc-342">
         <name>.text:_outs</name>
         <load_address>0x8000ea80</load_address>
         <run_address>0x8000ea80</run_address>
         <size>0x20</size>
         <input_file_ref idref="fl-b5"/>
      </object_component>
      <object_component id="oc-181">
         <name>.text:_outs</name>
         <load_address>0x8000eaa0</load_address>
         <run_address>0x8000eaa0</run_address>
         <size>0x20</size>
         <input_file_ref idref="fl-c4"/>
      </object_component>
      <object_component id="oc-93">
         <name>.text:abort</name>
         <load_address>0x8000eac0</load_address>
         <run_address>0x8000eac0</run_address>
         <size>0x20</size>
         <input_file_ref idref="fl-af"/>
      </object_component>
      <object_component id="oc-21">
         <name>.text:decompress:none:__TI_decompress_none</name>
         <load_address>0x8000eae0</load_address>
         <run_address>0x8000eae0</run_address>
         <size>0x20</size>
         <input_file_ref idref="fl-a8"/>
      </object_component>
      <object_component id="oc-2b">
         <name>.text:decompress:rle24:__TI_decompress_rle24</name>
         <load_address>0x8000eb00</load_address>
         <run_address>0x8000eb00</run_address>
         <size>0x20</size>
         <input_file_ref idref="fl-a9"/>
      </object_component>
      <object_component id="oc-fa">
         <name>.text:read_reg</name>
         <load_address>0x8000eb20</load_address>
         <run_address>0x8000eb20</run_address>
         <size>0x20</size>
         <input_file_ref idref="fl-24"/>
      </object_component>
      <object_component id="oc-21d">
         <name>.text:set_scl_H</name>
         <load_address>0x8000eb40</load_address>
         <run_address>0x8000eb40</run_address>
         <size>0x20</size>
         <input_file_ref idref="fl-24"/>
      </object_component>
      <object_component id="oc-215">
         <name>.text:set_scl_L</name>
         <load_address>0x8000eb60</load_address>
         <run_address>0x8000eb60</run_address>
         <size>0x20</size>
         <input_file_ref idref="fl-24"/>
      </object_component>
      <object_component id="oc-1ed">
         <name>.text:write_reg</name>
         <load_address>0x8000eb80</load_address>
         <run_address>0x8000eb80</run_address>
         <size>0x20</size>
         <input_file_ref idref="fl-28"/>
      </object_component>
      <object_component id="oc-36">
         <name>.stack</name>
         <uninitialized>true</uninitialized>
         <run_address>0x80016630</run_address>
         <size>0x8</size>
         <input_file_ref idref="fl-a7"/>
      </object_component>
      <object_component id="oc-52f">
         <name>.stack</name>
         <uninitialized>true</uninitialized>
         <run_address>0x80016630</run_address>
         <size>0x0</size>
      </object_component>
      <object_component id="oc-12b">
         <name>.bss</name>
         <uninitialized>true</uninitialized>
         <run_address>0x80017ec0</run_address>
         <size>0x18</size>
         <input_file_ref idref="fl-29"/>
      </object_component>
      <object_component id="oc-1f5">
         <name>.bss</name>
         <uninitialized>true</uninitialized>
         <run_address>0x80017ed8</run_address>
         <size>0x8</size>
         <input_file_ref idref="fl-28"/>
      </object_component>
      <object_component id="oc-4e5">
         <name>.cio</name>
         <uninitialized>true</uninitialized>
         <run_address>0x80017d78</run_address>
         <size>0x120</size>
         <input_file_ref idref="fl-ca"/>
      </object_component>
      <object_component id="oc-415">
         <name>.const:.string:_ctypes_</name>
         <load_address>0x80017aa0</load_address>
         <run_address>0x80017aa0</run_address>
         <size>0x101</size>
         <input_file_ref idref="fl-d5"/>
      </object_component>
      <object_component id="oc-124">
         <name>.const:.string</name>
         <load_address>0x80017ba4</load_address>
         <run_address>0x80017ba4</run_address>
         <size>0x98</size>
         <input_file_ref idref="fl-29"/>
      </object_component>
      <object_component id="oc-270">
         <name>.const:.string</name>
         <load_address>0x80017c3c</load_address>
         <run_address>0x80017c3c</run_address>
         <size>0x68</size>
         <input_file_ref idref="fl-25"/>
      </object_component>
      <object_component id="oc-287">
         <name>.const:.string</name>
         <load_address>0x80017ca4</load_address>
         <run_address>0x80017ca4</run_address>
         <size>0x40</size>
         <input_file_ref idref="fl-20"/>
      </object_component>
      <object_component id="oc-20a">
         <name>.const:.string</name>
         <load_address>0x80017ce4</load_address>
         <run_address>0x80017ce4</run_address>
         <size>0x30</size>
         <input_file_ref idref="fl-26"/>
      </object_component>
      <object_component id="oc-3ab">
         <name>.const:.string</name>
         <load_address>0x80017d14</load_address>
         <run_address>0x80017d14</run_address>
         <size>0x23</size>
         <input_file_ref idref="fl-cf"/>
      </object_component>
      <object_component id="oc-26a">
         <name>.const:$P$T0$1</name>
         <load_address>0x80017d38</load_address>
         <run_address>0x80017d38</run_address>
         <size>0x14</size>
         <input_file_ref idref="fl-25"/>
      </object_component>
      <object_component id="oc-26d">
         <name>.const:$P$T1$2</name>
         <load_address>0x80017d50</load_address>
         <run_address>0x80017d50</run_address>
         <size>0x14</size>
         <input_file_ref idref="fl-25"/>
      </object_component>
      <object_component id="oc-329">
         <name>.const:.string</name>
         <load_address>0x80017d64</load_address>
         <run_address>0x80017d64</run_address>
         <size>0x10</size>
         <input_file_ref idref="fl-d"/>
      </object_component>
      <object_component id="oc-39">
         <name>.sysmem</name>
         <uninitialized>true</uninitialized>
         <run_address>0x80016e30</run_address>
         <size>0x8</size>
         <input_file_ref idref="fl-c1"/>
      </object_component>
      <object_component id="oc-530">
         <name>.sysmem</name>
         <uninitialized>true</uninitialized>
         <run_address>0x80016e30</run_address>
         <size>0x0</size>
      </object_component>
      <object_component id="oc-6a">
         <name>.far</name>
         <uninitialized>true</uninitialized>
         <run_address>0x80016288</run_address>
         <size>0x240</size>
         <input_file_ref idref="fl-2b"/>
      </object_component>
      <object_component id="oc-125">
         <name>.far</name>
         <uninitialized>true</uninitialized>
         <run_address>0x8000eba0</run_address>
         <size>0x76e8</size>
         <input_file_ref idref="fl-29"/>
      </object_component>
      <object_component id="oc-1f8">
         <name>.far</name>
         <uninitialized>true</uninitialized>
         <run_address>0x80016608</run_address>
         <size>0x1c</size>
         <input_file_ref idref="fl-28"/>
      </object_component>
      <object_component id="oc-300">
         <name>.far</name>
         <uninitialized>true</uninitialized>
         <run_address>0x800164c8</run_address>
         <size>0x140</size>
         <input_file_ref idref="fl-d6"/>
      </object_component>
      <object_component id="oc-4b5">
         <name>.far</name>
         <uninitialized>true</uninitialized>
         <run_address>0x80016628</run_address>
         <size>0x8</size>
         <input_file_ref idref="fl-c9"/>
      </object_component>
      <object_component id="oc-52e">
         <name>.cinit..fardata.load</name>
         <load_address>0x80017ee0</load_address>
         <run_address>0x80017ee0</run_address>
         <size>0x192</size>
      </object_component>
      <object_component id="oc-52d">
         <name>.cinit..neardata.load</name>
         <load_address>0x80018074</load_address>
         <run_address>0x80018074</run_address>
         <size>0x1d</size>
      </object_component>
      <object_component id="oc-529">
         <name>__TI_handler_table</name>
         <load_address>0x80018094</load_address>
         <run_address>0x80018094</run_address>
         <size>0xc</size>
      </object_component>
      <object_component id="oc-52b">
         <name>.cinit..bss.load</name>
         <load_address>0x800180a0</load_address>
         <run_address>0x800180a0</run_address>
         <size>0x8</size>
      </object_component>
      <object_component id="oc-52c">
         <name>.cinit..far.load</name>
         <load_address>0x800180a8</load_address>
         <run_address>0x800180a8</run_address>
         <size>0x8</size>
      </object_component>
      <object_component id="oc-52a">
         <name>__TI_cinit_table</name>
         <load_address>0x800180b0</load_address>
         <run_address>0x800180b0</run_address>
         <size>0x20</size>
      </object_component>
      <object_component id="oc-128">
         <name>.neardata</name>
         <load_address>0x80017e98</load_address>
         <run_address>0x80017e98</run_address>
         <size>0x28</size>
         <input_file_ref idref="fl-29"/>
      </object_component>
      <object_component id="oc-90">
         <name>.fardata</name>
         <load_address>0x80017a74</load_address>
         <run_address>0x80017a74</run_address>
         <size>0xc</size>
         <input_file_ref idref="fl-af"/>
      </object_component>
      <object_component id="oc-12e">
         <name>.fardata:kalman_minus_buffer</name>
         <load_address>0x80017a60</load_address>
         <run_address>0x80017a60</run_address>
         <size>0x14</size>
         <input_file_ref idref="fl-29"/>
      </object_component>
      <object_component id="oc-131">
         <name>.fardata:kalman_buffer</name>
         <load_address>0x80017a48</load_address>
         <run_address>0x80017a48</run_address>
         <size>0x14</size>
         <input_file_ref idref="fl-29"/>
      </object_component>
      <object_component id="oc-16f">
         <name>.fardata</name>
         <load_address>0x80017a8c</load_address>
         <run_address>0x80017a8c</run_address>
         <size>0x8</size>
         <input_file_ref idref="fl-ce"/>
      </object_component>
      <object_component id="oc-17e">
         <name>.fardata:_ftable</name>
         <load_address>0x80017630</load_address>
         <run_address>0x80017630</run_address>
         <size>0x1e0</size>
         <input_file_ref idref="fl-d6"/>
      </object_component>
      <object_component id="oc-299">
         <name>.fardata</name>
         <load_address>0x80017a98</load_address>
         <run_address>0x80017a98</run_address>
         <size>0x4</size>
         <input_file_ref idref="fl-b4"/>
      </object_component>
      <object_component id="oc-29a">
         <name>.fardata</name>
         <load_address>0x80017a5c</load_address>
         <run_address>0x80017a5c</run_address>
         <size>0x4</size>
         <input_file_ref idref="fl-d6"/>
      </object_component>
      <object_component id="oc-2e6">
         <name>.fardata:_stream</name>
         <load_address>0x80017810</load_address>
         <run_address>0x80017810</run_address>
         <size>0xa0</size>
         <input_file_ref idref="fl-be"/>
      </object_component>
      <object_component id="oc-30e">
         <name>.fardata</name>
         <load_address>0x80017a94</load_address>
         <run_address>0x80017a94</run_address>
         <size>0x4</size>
         <input_file_ref idref="fl-d7"/>
      </object_component>
      <object_component id="oc-367">
         <name>.fardata:A1$1</name>
         <load_address>0x800178b0</load_address>
         <run_address>0x800178b0</run_address>
         <size>0x88</size>
         <input_file_ref idref="fl-c3"/>
      </object_component>
      <object_component id="oc-368">
         <name>.fardata:A2$2</name>
         <load_address>0x800179b0</load_address>
         <run_address>0x800179b0</run_address>
         <size>0x40</size>
         <input_file_ref idref="fl-c3"/>
      </object_component>
      <object_component id="oc-369">
         <name>.fardata:P$3</name>
         <load_address>0x80017a28</load_address>
         <run_address>0x80017a28</run_address>
         <size>0x20</size>
         <input_file_ref idref="fl-c3"/>
      </object_component>
      <object_component id="oc-36a">
         <name>.fardata:Q$4</name>
         <load_address>0x800179f0</load_address>
         <run_address>0x800179f0</run_address>
         <size>0x38</size>
         <input_file_ref idref="fl-c3"/>
      </object_component>
      <object_component id="oc-3c0">
         <name>.fardata:_device</name>
         <load_address>0x80017938</load_address>
         <run_address>0x80017938</run_address>
         <size>0x78</size>
         <input_file_ref idref="fl-be"/>
      </object_component>
      <object_component id="oc-3cc">
         <name>.fardata</name>
         <load_address>0x80017a80</load_address>
         <run_address>0x80017a80</run_address>
         <size>0xc</size>
         <input_file_ref idref="fl-c1"/>
      </object_component>
      <object_component id="oc-409">
         <name>.fardata</name>
         <load_address>0x80017a9c</load_address>
         <run_address>0x80017a9c</run_address>
         <size>0x4</size>
         <input_file_ref idref="fl-be"/>
      </object_component>
      <object_component id="oc-19">
         <name>.debug_info</name>
         <load_address>0x0</load_address>
         <run_address>0x0</run_address>
         <size>0x10d</size>
         <input_file_ref idref="fl-2c"/>
      </object_component>
      <object_component id="oc-1d">
         <name>.debug_info</name>
         <load_address>0x10d</load_address>
         <run_address>0x10d</run_address>
         <size>0x111</size>
         <input_file_ref idref="fl-a7"/>
      </object_component>
      <object_component id="oc-22">
         <name>.debug_info</name>
         <load_address>0x21e</load_address>
         <run_address>0x21e</run_address>
         <size>0x150</size>
         <input_file_ref idref="fl-a8"/>
      </object_component>
      <object_component id="oc-27">
         <name>.debug_info</name>
         <load_address>0x36e</load_address>
         <run_address>0x36e</run_address>
         <size>0x191</size>
         <input_file_ref idref="fl-aa"/>
      </object_component>
      <object_component id="oc-2c">
         <name>.debug_info</name>
         <load_address>0x4ff</load_address>
         <run_address>0x4ff</run_address>
         <size>0x16d</size>
         <input_file_ref idref="fl-a9"/>
      </object_component>
      <object_component id="oc-31">
         <name>.debug_info</name>
         <load_address>0x66c</load_address>
         <run_address>0x66c</run_address>
         <size>0x9c1</size>
         <input_file_ref idref="fl-2b"/>
      </object_component>
      <object_component id="oc-37">
         <name>.debug_info</name>
         <load_address>0x102d</load_address>
         <run_address>0x102d</run_address>
         <size>0xa8</size>
         <input_file_ref idref="fl-a7"/>
      </object_component>
      <object_component id="oc-3a">
         <name>.debug_info</name>
         <load_address>0x10d5</load_address>
         <run_address>0x10d5</run_address>
         <size>0xb4</size>
         <input_file_ref idref="fl-c1"/>
      </object_component>
      <object_component id="oc-3d">
         <name>.debug_info</name>
         <load_address>0x1189</load_address>
         <run_address>0x1189</run_address>
         <size>0x191</size>
         <input_file_ref idref="fl-d2"/>
      </object_component>
      <object_component id="oc-42">
         <name>.debug_info</name>
         <load_address>0x131a</load_address>
         <run_address>0x131a</run_address>
         <size>0xf7</size>
         <input_file_ref idref="fl-d0"/>
      </object_component>
      <object_component id="oc-47">
         <name>.debug_info</name>
         <load_address>0x1411</load_address>
         <run_address>0x1411</run_address>
         <size>0x10d</size>
         <input_file_ref idref="fl-af"/>
      </object_component>
      <object_component id="oc-4e">
         <name>.debug_info</name>
         <load_address>0x151e</load_address>
         <run_address>0x151e</run_address>
         <size>0xd5</size>
         <input_file_ref idref="fl-c0"/>
      </object_component>
      <object_component id="oc-53">
         <name>.debug_info</name>
         <load_address>0x15f3</load_address>
         <run_address>0x15f3</run_address>
         <size>0x53</size>
         <input_file_ref idref="fl-a8"/>
      </object_component>
      <object_component id="oc-59">
         <name>.debug_info</name>
         <load_address>0x1646</load_address>
         <run_address>0x1646</run_address>
         <size>0x53</size>
         <input_file_ref idref="fl-aa"/>
      </object_component>
      <object_component id="oc-5f">
         <name>.debug_info</name>
         <load_address>0x1699</load_address>
         <run_address>0x1699</run_address>
         <size>0x2f3</size>
         <input_file_ref idref="fl-a9"/>
      </object_component>
      <object_component id="oc-64">
         <name>.debug_info</name>
         <load_address>0x198c</load_address>
         <run_address>0x198c</run_address>
         <size>0x1d8</size>
         <input_file_ref idref="fl-a9"/>
      </object_component>
      <object_component id="oc-65">
         <name>.debug_info</name>
         <load_address>0x1b64</load_address>
         <run_address>0x1b64</run_address>
         <size>0x46</size>
         <input_file_ref idref="fl-a9"/>
      </object_component>
      <object_component id="oc-6b">
         <name>.debug_info</name>
         <load_address>0x1baa</load_address>
         <run_address>0x1baa</run_address>
         <size>0x11d</size>
         <input_file_ref idref="fl-2b"/>
      </object_component>
      <object_component id="oc-70">
         <name>.debug_info</name>
         <load_address>0x1cc7</load_address>
         <run_address>0x1cc7</run_address>
         <size>0xfd</size>
         <input_file_ref idref="fl-a7"/>
      </object_component>
      <object_component id="oc-73">
         <name>.debug_info</name>
         <load_address>0x1dc4</load_address>
         <run_address>0x1dc4</run_address>
         <size>0x16b</size>
         <input_file_ref idref="fl-c1"/>
      </object_component>
      <object_component id="oc-75">
         <name>.debug_info</name>
         <load_address>0x1f2f</load_address>
         <run_address>0x1f2f</run_address>
         <size>0x18f</size>
         <input_file_ref idref="fl-d4"/>
      </object_component>
      <object_component id="oc-7a">
         <name>.debug_info</name>
         <load_address>0x20be</load_address>
         <run_address>0x20be</run_address>
         <size>0x165</size>
         <input_file_ref idref="fl-e2"/>
      </object_component>
      <object_component id="oc-7f">
         <name>.debug_info</name>
         <load_address>0x2223</load_address>
         <run_address>0x2223</run_address>
         <size>0x160</size>
         <input_file_ref idref="fl-d3"/>
      </object_component>
      <object_component id="oc-85">
         <name>.debug_info</name>
         <load_address>0x2383</load_address>
         <run_address>0x2383</run_address>
         <size>0xb5d</size>
         <input_file_ref idref="fl-29"/>
      </object_component>
      <object_component id="oc-8b">
         <name>.debug_info</name>
         <load_address>0x2ee0</load_address>
         <run_address>0x2ee0</run_address>
         <size>0x94</size>
         <input_file_ref idref="fl-a7"/>
      </object_component>
      <object_component id="oc-91">
         <name>.debug_info</name>
         <load_address>0x2f74</load_address>
         <run_address>0x2f74</run_address>
         <size>0x128</size>
         <input_file_ref idref="fl-af"/>
      </object_component>
      <object_component id="oc-94">
         <name>.debug_info</name>
         <load_address>0x309c</load_address>
         <run_address>0x309c</run_address>
         <size>0x11f</size>
         <input_file_ref idref="fl-af"/>
      </object_component>
      <object_component id="oc-99">
         <name>.debug_info</name>
         <load_address>0x31bb</load_address>
         <run_address>0x31bb</run_address>
         <size>0x8d</size>
         <input_file_ref idref="fl-a8"/>
      </object_component>
      <object_component id="oc-9f">
         <name>.debug_info</name>
         <load_address>0x3248</load_address>
         <run_address>0x3248</run_address>
         <size>0x46</size>
         <input_file_ref idref="fl-a8"/>
      </object_component>
      <object_component id="oc-a4">
         <name>.debug_info</name>
         <load_address>0x328e</load_address>
         <run_address>0x328e</run_address>
         <size>0xe6</size>
         <input_file_ref idref="fl-a8"/>
      </object_component>
      <object_component id="oc-a5">
         <name>.debug_info</name>
         <load_address>0x3374</load_address>
         <run_address>0x3374</run_address>
         <size>0x2c</size>
         <input_file_ref idref="fl-a9"/>
      </object_component>
      <object_component id="oc-aa">
         <name>.debug_info</name>
         <load_address>0x33a0</load_address>
         <run_address>0x33a0</run_address>
         <size>0x1ce</size>
         <input_file_ref idref="fl-aa"/>
      </object_component>
      <object_component id="oc-b0">
         <name>.debug_info</name>
         <load_address>0x356e</load_address>
         <run_address>0x356e</run_address>
         <size>0x1d4</size>
         <input_file_ref idref="fl-2b"/>
      </object_component>
      <object_component id="oc-b5">
         <name>.debug_info</name>
         <load_address>0x3742</load_address>
         <run_address>0x3742</run_address>
         <size>0x110</size>
         <input_file_ref idref="fl-af"/>
      </object_component>
      <object_component id="oc-ba">
         <name>.debug_info</name>
         <load_address>0x3852</load_address>
         <run_address>0x3852</run_address>
         <size>0x70</size>
         <input_file_ref idref="fl-c1"/>
      </object_component>
      <object_component id="oc-c0">
         <name>.debug_info</name>
         <load_address>0x38c2</load_address>
         <run_address>0x38c2</run_address>
         <size>0x141</size>
         <input_file_ref idref="fl-d4"/>
      </object_component>
      <object_component id="oc-c2">
         <name>.debug_info</name>
         <load_address>0x3a03</load_address>
         <run_address>0x3a03</run_address>
         <size>0x254</size>
         <input_file_ref idref="fl-e2"/>
      </object_component>
      <object_component id="oc-c5">
         <name>.debug_info</name>
         <load_address>0x3c57</load_address>
         <run_address>0x3c57</run_address>
         <size>0x6ba</size>
         <input_file_ref idref="fl-22"/>
      </object_component>
      <object_component id="oc-cb">
         <name>.debug_info</name>
         <load_address>0x4311</load_address>
         <run_address>0x4311</run_address>
         <size>0x9c</size>
         <input_file_ref idref="fl-22"/>
      </object_component>
      <object_component id="oc-d3">
         <name>.debug_info</name>
         <load_address>0x43ad</load_address>
         <run_address>0x43ad</run_address>
         <size>0x137</size>
         <input_file_ref idref="fl-b4"/>
      </object_component>
      <object_component id="oc-d8">
         <name>.debug_info</name>
         <load_address>0x44e4</load_address>
         <run_address>0x44e4</run_address>
         <size>0x128</size>
         <input_file_ref idref="fl-c4"/>
      </object_component>
      <object_component id="oc-dd">
         <name>.debug_info</name>
         <load_address>0x460c</load_address>
         <run_address>0x460c</run_address>
         <size>0x437</size>
         <input_file_ref idref="fl-bc"/>
      </object_component>
      <object_component id="oc-e2">
         <name>.debug_info</name>
         <load_address>0x4a43</load_address>
         <run_address>0x4a43</run_address>
         <size>0x129</size>
         <input_file_ref idref="fl-c8"/>
      </object_component>
      <object_component id="oc-e7">
         <name>.debug_info</name>
         <load_address>0x4b6c</load_address>
         <run_address>0x4b6c</run_address>
         <size>0x113</size>
         <input_file_ref idref="fl-b0"/>
      </object_component>
      <object_component id="oc-ec">
         <name>.debug_info</name>
         <load_address>0x4c7f</load_address>
         <run_address>0x4c7f</run_address>
         <size>0x162</size>
         <input_file_ref idref="fl-ba"/>
      </object_component>
      <object_component id="oc-f1">
         <name>.debug_info</name>
         <load_address>0x4de1</load_address>
         <run_address>0x4de1</run_address>
         <size>0x157</size>
         <input_file_ref idref="fl-bb"/>
      </object_component>
      <object_component id="oc-f6">
         <name>.debug_info</name>
         <load_address>0x4f38</load_address>
         <run_address>0x4f38</run_address>
         <size>0x2a4</size>
         <input_file_ref idref="fl-b9"/>
      </object_component>
      <object_component id="oc-fb">
         <name>.debug_info</name>
         <load_address>0x51dc</load_address>
         <run_address>0x51dc</run_address>
         <size>0x77</size>
         <input_file_ref idref="fl-24"/>
      </object_component>
      <object_component id="oc-103">
         <name>.debug_info</name>
         <load_address>0x5253</load_address>
         <run_address>0x5253</run_address>
         <size>0x6af</size>
         <input_file_ref idref="fl-28"/>
      </object_component>
      <object_component id="oc-109">
         <name>.debug_info</name>
         <load_address>0x5902</load_address>
         <run_address>0x5902</run_address>
         <size>0x164</size>
[...]
         <object_component_ref idref="oc-1e7"/>
      </symbol>
      <symbol id="sm-599">
         <name>_c674x_mask_int7_isr</name>
         <value>0x80002604</value>
         <object_component_ref idref="oc-30"/>
      </symbol>
      <symbol id="sm-59a">
         <name>_c674x_mask_int10_isr</name>
         <value>0x80002b58</value>
         <object_component_ref idref="oc-30"/>
      </symbol>
      <symbol id="sm-59b">
         <name>_c674x_mask_int6_isr</name>
         <value>0x80002440</value>
         <object_component_ref idref="oc-30"/>
      </symbol>
      <symbol id="sm-59c">
         <name>ExcCombineRemove</name>
         <value>0x80005c00</value>
         <object_component_ref idref="oc-1e7"/>
      </symbol>
      <symbol id="sm-59d">
         <name>_c674x_mask_int13_isr</name>
         <value>0x800030a8</value>
         <object_component_ref idref="oc-30"/>
      </symbol>
      <symbol id="sm-59e">
         <name>IntDisable</name>
         <value>0x80005b10</value>
         <object_component_ref idref="oc-1e7"/>
      </symbol>
      <symbol id="sm-59f">
         <name>IntRegister</name>
         <value>0x800057d0</value>
         <object_component_ref idref="oc-1e7"/>
      </symbol>
      <symbol id="sm-5a0">
         <name>ExcCombineAdd</name>
         <value>0x80005bb8</value>
         <object_component_ref idref="oc-1e7"/>
      </symbol>
      <symbol id="sm-5a1">
         <name>IntGlobalDisable</name>
         <value>0x80005b6c</value>
         <object_component_ref idref="oc-1e7"/>
      </symbol>
      <symbol id="sm-5a2">
         <name>_c674x_rsvd_int3_isr</name>
         <value>0x80001ee8</value>
         <object_component_ref idref="oc-30"/>
      </symbol>
      <symbol id="sm-5a3">
         <name>_c674x_nmi_isr</name>
         <value>0x80001b60</value>
         <object_component_ref idref="oc-30"/>
      </symbol>
      <symbol id="sm-5a4">
         <name>_c674x_mask_int5_isr</name>
         <value>0x80002278</value>
         <object_component_ref idref="oc-30"/>
      </symbol>
      <symbol id="sm-5a5">
         <name>_c674x_mask_int12_isr</name>
         <value>0x80002ee4</value>
         <object_component_ref idref="oc-30"/>
      </symbol>
      <symbol id="sm-5a6">
         <name>ExcGlobalEnable</name>
         <value>0x80005b98</value>
         <object_component_ref idref="oc-1e7"/>
      </symbol>
      <symbol id="sm-5a7">
         <name>_c674x_rsvd_int2_isr</name>
         <value>0x80001d24</value>
         <object_component_ref idref="oc-30"/>
      </symbol>
      <symbol id="sm-5a8">
         <name>_c674x_mask_int4_isr</name>
         <value>0x800020b0</value>
         <object_component_ref idref="oc-30"/>
      </symbol>
      <symbol id="sm-5a9">
         <name>IntDSPINTCInit</name>
         <value>0x80005760</value>
         <object_component_ref idref="oc-1e7"/>
      </symbol>
      <symbol id="sm-5aa">
         <name>IntEventCombineInit</name>
         <value>0x80005910</value>
         <object_component_ref idref="oc-1e7"/>
      </symbol>
      <symbol id="sm-5ab">
         <name>_c674x_mask_int15_isr</name>
         <value>0x80003438</value>
         <object_component_ref idref="oc-30"/>
      </symbol>
      <symbol id="sm-5ac">
         <name>IntEventSet</name>
         <value>0x800058a4</value>
         <object_component_ref idref="oc-1e7"/>
      </symbol>
      <symbol id="sm-5ad">
         <name>IntEventCombineAdd</name>
         <value>0x80005a14</value>
         <object_component_ref idref="oc-1e7"/>
      </symbol>
      <symbol id="sm-5ae">
         <name>_c674x_mask_int14_isr</name>
         <value>0x80003270</value>
         <object_component_ref idref="oc-30"/>
      </symbol>
      <symbol id="sm-5af">
         <name>IntEventCombineRemove</name>
         <value>0x80005a68</value>
         <object_component_ref idref="oc-1e7"/>
      </symbol>
      <symbol id="sm-5b0">
         <name>IntReset</name>
         <value>0x80005b44</value>
         <object_component_ref idref="oc-1e7"/>
      </symbol>
      <symbol id="sm-5b8">
         <name>_intcVectorTable</name>
         <value>0x8000a800</value>
         <object_component_ref idref="oc-18"/>
      </symbol>
      <symbol id="sm-5d5">
         <name>_c_int00</name>
         <value>0x8000e140</value>
         <object_component_ref idref="oc-17"/>
      </symbol>
      <symbol id="sm-5d6">
         <name>_stack</name>
         <value>0x80016630</value>
         <object_component_ref idref="oc-36"/>
      </symbol>
      <symbol id="sm-5f0">
         <name>__TI_decompress_none</name>
         <value>0x8000eae0</value>
         <object_component_ref idref="oc-21"/>
      </symbol>
      <symbol id="sm-613">
         <name>__TI_decompress_rle24</name>
         <value>0x8000eb00</value>
         <object_component_ref idref="oc-2b"/>
      </symbol>
      <symbol id="sm-624">
         <name>__TI_zero_init</name>
         <value>0x8000cc20</value>
         <object_component_ref idref="oc-26"/>
      </symbol>
      <symbol id="sm-639">
         <name>__c6xabi_divd</name>
         <value>0x80006300</value>
         <object_component_ref idref="oc-256"/>
      </symbol>
      <symbol id="sm-647">
         <name>__c6xabi_divf</name>
         <value>0x80009360</value>
         <object_component_ref idref="oc-247"/>
      </symbol>
      <symbol id="sm-650">
         <name>__c6xabi_divi</name>
         <value>0x8000c980</value>
         <object_component_ref idref="oc-251"/>
      </symbol>
      <symbol id="sm-651">
         <name>__divi</name>
         <value>0x8000c980</value>
         <object_component_ref idref="oc-251"/>
      </symbol>
      <symbol id="sm-65a">
         <name>__c6xabi_divu</name>
         <value>0x8000d120</value>
         <object_component_ref idref="oc-19c"/>
      </symbol>
      <symbol id="sm-65b">
         <name>__divu</name>
         <value>0x8000d120</value>
         <object_component_ref idref="oc-19c"/>
      </symbol>
      <symbol id="sm-67d">
         <name>C$$EXIT</name>
         <value>0x8000eac0</value>
         <object_component_ref idref="oc-93"/>
      </symbol>
      <symbol id="sm-67e">
         <name>_dtors_ptr</name>
         <value>0x80017a78</value>
         <object_component_ref idref="oc-90"/>
      </symbol>
      <symbol id="sm-67f">
         <name>abort</name>
         <value>0x8000eac0</value>
         <object_component_ref idref="oc-93"/>
      </symbol>
      <symbol id="sm-680">
         <name>_cleanup_ptr</name>
         <value>0x80017a74</value>
         <object_component_ref idref="oc-90"/>
      </symbol>
      <symbol id="sm-681">
         <name>exit</name>
         <value>0x8000d4e0</value>
         <object_component_ref idref="oc-46"/>
      </symbol>
      <symbol id="sm-682">
         <name>__TI_enable_exit_profile_output</name>
         <value>0x80017a7c</value>
         <object_component_ref idref="oc-90"/>
      </symbol>
      <symbol id="sm-6ac">
         <name>_closefile</name>
         <value>0x8000bd20</value>
         <object_component_ref idref="oc-1b9"/>
      </symbol>
      <symbol id="sm-6ad">
         <name>fclose</name>
         <value>0x8000e3a0</value>
         <object_component_ref idref="oc-e6"/>
      </symbol>
      <symbol id="sm-6bb">
         <name>_doflush</name>
         <value>0x8000d360</value>
         <object_component_ref idref="oc-197"/>
      </symbol>
      <symbol id="sm-6c6">
         <name>__c6xabi_fixdu</name>
         <value>0x8000dfc0</value>
         <object_component_ref idref="oc-25b"/>
      </symbol>
      <symbol id="sm-6d1">
         <name>__c6xabi_fixfu</name>
         <value>0x8000e040</value>
         <object_component_ref idref="oc-24c"/>
      </symbol>
      <symbol id="sm-709">
         <name>fopen</name>
         <value>0x8000e400</value>
         <object_component_ref idref="oc-d2"/>
      </symbol>
      <symbol id="sm-70a">
         <name>_cleanup</name>
         <value>0x8000d7a0</value>
         <object_component_ref idref="oc-29e"/>
      </symbol>
      <symbol id="sm-728">
         <name>fprintf</name>
         <value>0x8000c6c0</value>
         <object_component_ref idref="oc-260"/>
      </symbol>
      <symbol id="sm-744">
         <name>fputc</name>
         <value>0x8000a180</value>
         <object_component_ref idref="oc-2b9"/>
      </symbol>
      <symbol id="sm-764">
         <name>fputs</name>
         <value>0x80007e40</value>
         <object_component_ref idref="oc-2b3"/>
      </symbol>
      <symbol id="sm-76c">
         <name>__c6xabi_frcmpyd_div</name>
         <value>0x8000e760</value>
         <object_component_ref idref="oc-33b"/>
      </symbol>
      <symbol id="sm-78b">
         <name>fread</name>
         <value>0x80008b60</value>
         <object_component_ref idref="oc-f5"/>
      </symbol>
      <symbol id="sm-79d">
         <name>fseek</name>
         <value>0x8000c080</value>
         <object_component_ref idref="oc-eb"/>
      </symbol>
      <symbol id="sm-7af">
         <name>ftell</name>
         <value>0x8000c1a0</value>
         <object_component_ref idref="oc-f0"/>
      </symbol>
      <symbol id="sm-7da">
         <name>fwrite</name>
         <value>0x80006dc0</value>
         <object_component_ref idref="oc-dc"/>
      </symbol>
      <symbol id="sm-7f2">
         <name>__c6xabi_llshru</name>
         <value>0x8000e820</value>
         <object_component_ref idref="oc-336"/>
      </symbol>
      <symbol id="sm-7f3">
         <name>__c6xabi_llshl</name>
         <value>0x8000e0c0</value>
         <object_component_ref idref="oc-4f0"/>
      </symbol>
      <symbol id="sm-875">
         <name>open</name>
         <value>0x8000b6c0</value>
         <object_component_ref idref="oc-2a3"/>
      </symbol>
      <symbol id="sm-876">
         <name>lseek</name>
         <value>0x8000db60</value>
         <object_component_ref idref="oc-1c0"/>
      </symbol>
      <symbol id="sm-877">
         <name>read</name>
         <value>0x8000de80</value>
         <object_component_ref idref="oc-1d8"/>
      </symbol>
      <symbol id="sm-878">
         <name>write</name>
         <value>0x8000df20</value>
         <object_component_ref idref="oc-1a1"/>
      </symbol>
      <symbol id="sm-879">
         <name>close</name>
         <value>0x8000cb40</value>
         <object_component_ref idref="oc-2f6"/>
      </symbol>
      <symbol id="sm-87a">
         <name>unlink</name>
         <value>0x8000e2c0</value>
         <object_component_ref idref="oc-2fb"/>
      </symbol>
      <symbol id="sm-883">
         <name>memcpy</name>
         <value>0x8000dc00</value>
         <object_component_ref idref="oc-4d"/>
      </symbol>
      <symbol id="sm-8da">
         <name>_sys_memory</name>
         <value>0x80016e30</value>
         <object_component_ref idref="oc-39"/>
      </symbol>
      <symbol id="sm-8db">
         <name>free</name>
         <value>0x800095e0</value>
         <object_component_ref idref="oc-2f1"/>
      </symbol>
      <symbol id="sm-8dc">
         <name>malloc</name>
         <value>0x8000b540</value>
         <object_component_ref idref="oc-3b5"/>
      </symbol>
      <symbol id="sm-8dd">
         <name>_minit</name>
         <value>0x8000d980</value>
         <object_component_ref idref="oc-446"/>
      </symbol>
      <symbol id="sm-8e9">
         <name>memset</name>
         <value>0x8000cde0</value>
         <object_component_ref idref="oc-108"/>
      </symbol>
      <symbol id="sm-918">
         <name>pow</name>
         <value>0x800049a0</value>
         <object_component_ref idref="oc-265"/>
      </symbol>
      <symbol id="sm-936">
         <name>printf</name>
         <value>0x8000cec0</value>
         <object_component_ref idref="oc-d7"/>
      </symbol>
      <symbol id="sm-93f">
         <name>__remi</name>
         <value>0x8000d1e0</value>
         <object_component_ref idref="oc-119"/>
      </symbol>
      <symbol id="sm-940">
         <name>__c6xabi_remi</name>
         <value>0x8000d1e0</value>
         <object_component_ref idref="oc-119"/>
      </symbol>
      <symbol id="sm-949">
         <name>__c6xabi_nround</name>
         <value>0x8000d700</value>
         <object_component_ref idref="oc-358"/>
      </symbol>
      <symbol id="sm-967">
         <name>sprintf</name>
         <value>0x8000e5e0</value>
         <object_component_ref idref="oc-e1"/>
      </symbol>
      <symbol id="sm-9ac">
         <name>HOSTrename</name>
         <value>0x8000b0c0</value>
         <object_component_ref idref="oc-46c"/>
      </symbol>
      <symbol id="sm-9ad">
         <name>HOSTclose</name>
         <value>0x8000d660</value>
         <object_component_ref idref="oc-453"/>
      </symbol>
      <symbol id="sm-9ae">
         <name>HOSTunlink</name>
         <value>0x8000cfa0</value>
         <object_component_ref idref="oc-467"/>
      </symbol>
      <symbol id="sm-9af">
         <name>HOSTlseek</name>
         <value>0x8000c2c0</value>
         <object_component_ref idref="oc-462"/>
      </symbol>
      <symbol id="sm-9b0">
         <name>HOSTopen</name>
         <value>0x8000c7c0</value>
         <object_component_ref idref="oc-44e"/>
      </symbol>
      <symbol id="sm-9b1">
         <name>HOSTwrite</name>
         <value>0x8000d060</value>
         <object_component_ref idref="oc-45d"/>
      </symbol>
      <symbol id="sm-9b2">
         <name>HOSTread</name>
         <value>0x8000c8a0</value>
         <object_component_ref idref="oc-458"/>
      </symbol>
      <symbol id="sm-9ca">
         <name>writemsg</name>
         <value>0x8000e700</value>
         <object_component_ref idref="oc-4b8"/>
      </symbol>
      <symbol id="sm-9cb">
         <name>C$$IO$$</name>
         <value>0x8000e758</value>
         <object_component_ref idref="oc-4b8"/>
      </symbol>
      <symbol id="sm-9cc">
         <name>__CIOBUF_</name>
         <value>0x80017d78</value>
         <object_component_ref idref="oc-4e5"/>
      </symbol>
      <symbol id="sm-9cd">
         <name>readmsg</name>
         <value>0x8000e240</value>
         <object_component_ref idref="oc-4bd"/>
      </symbol>
      <symbol id="sm-9d5">
         <name>__c6xabi_trunc</name>
         <value>0x8000e9e0</value>
         <object_component_ref idref="oc-35d"/>
      </symbol>
      <symbol id="sm-9e4">
         <name>_buff_read</name>
         <value>0x8000bc00</value>
         <object_component_ref idref="oc-1d3"/>
      </symbol>
      <symbol id="sm-9fd">
         <name>_wrt_ok</name>
         <value>0x8000c4c0</value>
         <object_component_ref idref="oc-192"/>
      </symbol>
      <symbol id="sm-9fe">
         <name>_rd_ok</name>
         <value>0x8000d420</value>
         <object_component_ref idref="oc-1ce"/>
      </symbol>
      <symbol id="sm-a0e">
         <name>_nop</name>
         <value>0x8000ea00</value>
         <object_component_ref idref="oc-291"/>
      </symbol>
      <symbol id="sm-a0f">
         <name>_lock</name>
         <value>0x80017a8c</value>
         <object_component_ref idref="oc-16f"/>
      </symbol>
      <symbol id="sm-a10">
         <name>_unlock</name>
         <value>0x80017a90</value>
         <object_component_ref idref="oc-16f"/>
      </symbol>
      <symbol id="sm-b63">
         <name>_printfi</name>
         <value>0x80007280</value>
         <object_component_ref idref="oc-18b"/>
      </symbol>
      <symbol id="sm-b6b">
         <name>_args_main</name>
         <value>0x8000e860</value>
         <object_component_ref idref="oc-41"/>
      </symbol>
      <symbol id="sm-b7a">
         <name>atoi</name>
         <value>0x8000ca60</value>
         <object_component_ref idref="oc-396"/>
      </symbol>
      <symbol id="sm-b87">
         <name>_auto_init_elf</name>
         <value>0x8000c3c0</value>
         <object_component_ref idref="oc-3c"/>
      </symbol>
      <symbol id="sm-b92">
         <name>__TI_cpp_init</name>
         <value>0x8000a7a0</value>
         <object_component_ref idref="oc-7e"/>
      </symbol>
      <symbol id="sm-ba8">
         <name>copy_in</name>
         <value>0x8000c5c0</value>
         <object_component_ref idref="oc-74"/>
      </symbol>
      <symbol id="sm-bb2">
         <name>_ctypes_</name>
         <value>0x80017aa0</value>
         <object_component_ref idref="oc-415"/>
      </symbol>
      <symbol id="sm-bc6">
         <name>_tmpnams</name>
         <value>0x800164c8</value>
         <object_component_ref idref="oc-300"/>
      </symbol>
      <symbol id="sm-bc7">
         <name>_ftable</name>
         <value>0x80017630</value>
         <object_component_ref idref="oc-17e"/>
      </symbol>
      <symbol id="sm-bc8">
         <name>_ft_end</name>
         <value>0x80017a5c</value>
         <object_component_ref idref="oc-29a"/>
      </symbol>
      <symbol id="sm-bd8">
         <name>__errno</name>
         <value>0x80017a94</value>
         <object_component_ref idref="oc-30e"/>
      </symbol>
      <symbol id="sm-bd9">
         <name>errno</name>
         <value>0x80017a94</value>
         <object_component_ref idref="oc-30e"/>
      </symbol>
      <symbol id="sm-bda">
         <name>__c6xabi_errno_addr</name>
         <value>0x8000e9a0</value>
         <object_component_ref idref="oc-1c7"/>
      </symbol>
      <symbol id="sm-bef">
         <name>frexp</name>
         <value>0x8000af20</value>
         <object_component_ref idref="oc-34e"/>
      </symbol>
      <symbol id="sm-bf9">
         <name>__c6xabi_divul</name>
         <value>0x8000ad80</value>
         <object_component_ref idref="oc-4d8"/>
      </symbol>
      <symbol id="sm-c0f">
         <name>_subcull</name>
         <value>0x8000e340</value>
         <object_component_ref idref="oc-4f5"/>
      </symbol>
      <symbol id="sm-c10">
         <name>__c6xabi_divull</name>
         <value>0x80009860</value>
         <object_component_ref idref="oc-4dd"/>
      </symbol>
      <symbol id="sm-c18">
         <name>__c6xabi_isinf</name>
         <value>0x8000e7a0</value>
         <object_component_ref idref="oc-41f"/>
      </symbol>
      <symbol id="sm-c27">
         <name>ldexp</name>
         <value>0x8000b3c0</value>
         <object_component_ref idref="oc-353"/>
      </symbol>
      <symbol id="sm-c32">
         <name>ltoa</name>
         <value>0x8000cd00</value>
         <object_component_ref idref="oc-4ce"/>
      </symbol>
      <symbol id="sm-c40">
         <name>memccpy</name>
         <value>0x8000e460</value>
         <object_component_ref idref="oc-3a6"/>
      </symbol>
      <symbol id="sm-c4d">
         <name>modf</name>
         <value>0x8000dd40</value>
         <object_component_ref idref="oc-362"/>
      </symbol>
      <symbol id="sm-c5a">
         <name>__c6xabi_negll</name>
         <value>0x8000e9c0</value>
         <object_component_ref idref="oc-439"/>
      </symbol>
      <symbol id="sm-c72">
         <name>setvbuf</name>
         <value>0x8000a5a0</value>
         <object_component_ref idref="oc-2dc"/>
      </symbol>
      <symbol id="sm-c80">
         <name>__TI_tls_init</name>
         <value>0x8000d5a0</value>
         <object_component_ref idref="oc-79"/>
      </symbol>
      <symbol id="sm-c83">
         <name>__TI_STATIC_BASE</name>
         <value>0x80017e98</value>
      </symbol>
      <symbol id="sm-c84">
         <name>__TI_args_main</name>
         <value>0x1</value>
      </symbol>
      <symbol id="sm-c85">
         <name>__TI_INITARRAY_Base</name>
         <value>0x0</value>
      </symbol>
      <symbol id="sm-c86">
         <name>__TI_INITARRAY_Limit</name>
         <value>0x0</value>
      </symbol>
      <symbol id="sm-c87">
         <name>__TI_TLS_INIT_Base</name>
         <value>0x0</value>
      </symbol>
      <symbol id="sm-c88">
         <name>__TI_TLS_INIT_Limit</name>
         <value>0x0</value>
      </symbol>
      <symbol id="sm-c8b">
         <name>remove</name>
         <value>0x8000e2c0</value>
      </symbol>
   </symbol_table>
</link_info>
