******************************************************************************
               TMS320C6x Linker PC v7.4.16                     
******************************************************************************
>> Linked Fri Aug 19 16:14:11 2016

OUTPUT FILE NAME:   <fPGA_daul_ccd_2M_toshiba_serial_test.out>
ENTRY POINT SYMBOL: "_c_int00"  address: 8000df60


MEMORY CONFIGURATION

         name            origin    length      used     unused   attr    fill
----------------------  --------  ---------  --------  --------  ----  --------
  DSPL2ROM              00700000   00100000  00000000  00100000  RWIX
  DSPL2RAM              00800000   00040000  00000000  00040000  RWIX
  DSPL1PRAM             00e00000   00008000  00000000  00008000  RWIX
  DSPL1DRAM             00f00000   00008000  00000000  00008000  RWIX
  SHDSPL2ROM            11700000   00100000  00000000  00100000  RWIX
  SHDSPL2RAM            11800000   00040000  00000000  00040000  RWIX
  SHDSPL1PRAM           11e00000   00008000  00000000  00008000  RWIX
  SHDSPL1DRAM           11f00000   00008000  00000000  00008000  RWIX
  EMIFACS0              40000000   20000000  00000000  20000000  RWIX
  EMIFACS2              60000000   02000000  00000000  02000000  RWIX
  EMIFACS3              62000000   02000000  00000000  02000000  RWIX
  EMIFACS4              64000000   02000000  00000000  02000000  RWIX
  EMIFACS5              66000000   02000000  00000000  02000000  RWIX
  SHRAM                 80000000   00020000  00018040  00007fc0  RWIX
  DDR2                  c0000000   20000000  00000000  20000000  RWIX


SEGMENT ALLOCATION MAP

run origin  load origin   length   init length attrs members
----------  ----------- ---------- ----------- ----- -------
80000000    80000000    0000e9c0   0000e9c0    r-x
  80000000    80000000    0000e9c0   0000e9c0    r-x .text
8000e9c0    8000e9c0    00008ab0   00000000    rw-
  8000e9c0    8000e9c0    00007ab0   00000000    rw- .far
  80016470    80016470    00000800   00000000    rw- .stack
  80016c70    80016c70    00000800   00000000    rw- .sysmem
80017470    80017470    00000470   00000470    rw-
  80017470    80017470    00000470   00000470    rw- .fardata
800178e0    800178e0    000003ac   000003ac    r--
  800178e0    800178e0    000003ac   000003ac    r-- .const
80017c90    80017c90    00000120   00000000    rw-
  80017c90    80017c90    00000120   00000000    rw- .cio
80017db0    80017db0    00000084   0000004c    rw-
  80017db0    80017db0    0000004c   0000004c    rw- .neardata
  80017dfc    80017dfc    00000038   00000000    rw- .bss
80017e38    80017e38    00000210   00000210    r--
  80017e38    80017e38    00000210   00000210    r-- .cinit


SECTION ALLOCATION MAP

 output                                  attributes/
section   page    origin      length       input sections
--------  ----  ----------  ----------   ----------------
.init_array 
*          0    80000000    00000000     UNINITIALIZED

.text      0    80000000    0000e9c0     
                  80000000    00001d60     dataprocess.obj (.text)
                  80001d60    00001aa0     interrupt.obj (.text:retain)
                  80003800    00000c00     evmomapl138.obj (.text)
                  80004400    00000740     rts6740_elf.lib : pow.obj (.text:pow)
                  80004b40    00000680     ad9822.obj (.text)
                  800051c0    00000640     main.obj (.text)
                  80005800    00000620     interrupt.obj (.text)
                  80005e20    000005c0     rts6740_elf.lib : _printfi.obj (.text:_getarg_diouxp)
                  800063e0    000005a0                     : divd.obj (.text:__c6xabi_divd)
                  80006980    00000520                     : _printfi.obj (.text:_setfield)
                  80006ea0    00000480                     : strtod.obj (.text:strtod)
                  80007320    00000460                     : _printfi.obj (.text:_printfi)
                  80007780    000003c0     fpga_upp.obj (.text)
                  80007b40    000003a0     evmomapl138_uart.obj (.text)
                  80007ee0    000003a0     rts6740_elf.lib : fputs.obj (.text:fputs)
                  80008280    00000380     Io_fpga.obj (.text)
                  80008600    00000320     rts6740_elf.lib : _printfi.obj (.text:_pproc_fge)
                  80008920    000002e0                     : _printfi.obj (.text:_pproc_fwp)
                  80008c00    000002a0                     : _printfi.obj (.text:ecvt)
                  80008ea0    000002a0                     : _printfi.obj (.text:fcvt)
                  80009140    00000280                     : divf.obj (.text:__c6xabi_divf)
                  800093c0    00000280                     : memory.obj (.text:free)
                  80009640    00000260                     : imath64.obj (.text:__c6xabi_divull)
                  800098a0    00000260                     : _printfi.obj (.text:_pconv_e)
                  80009b00    00000240                     : _printfi.obj (.text:_pproc_diouxp)
                  80009d40    00000240     main.obj (.text:retain)
                  80009f80    00000220     rts6740_elf.lib : _printfi.obj (.text:_pproc_str)
                  8000a1a0    00000220                     : fputc.obj (.text:fputc)
                  8000a3c0    00000200                     : _printfi.obj (.text:_pconv_g)
                  8000a5c0    00000200                     : setvbuf.obj (.text:setvbuf)
                  8000a7c0    00000040                     : frcmpyd_div.obj (.text:__c6xabi_frcmpyd_div)
                  8000a800    00000200     intvecs.obj (.text)
                  8000aa00    000001c0     rts6740_elf.lib : _printfi.obj (.text:_mcpy)
                  8000abc0    000001c0                     : fopen.obj (.text:_openfile)
                  8000ad80    000001c0     dsp_uart.obj (.text)
                  8000af40    000001a0     rts6740_elf.lib : imath40.obj (.text:__c6xabi_divul)
                  8000b0e0    000001a0                     : frexp.obj (.text:frexp)
                  8000b280    00000180                     : trgdrv.obj (.text:HOSTrename)
                  8000b400    00000180                     : copy_decompress_rle.obj (.text:__TI_decompress_rle_core)
                  8000b580    00000180                     : ldexp.obj (.text:ldexp)
                  8000b700    00000180                     : memory.obj (.text:malloc)
                  8000b880    00000180                     : lowlev.obj (.text:open)
                  8000ba00    00000140                     : _printfi.obj (.text:_pproc_fflags)
                  8000bb40    00000140                     : lowlev.obj (.text:getdevice)
                  8000bc80    00000140     psc.obj (.text)
                  8000bdc0    00000120     rts6740_elf.lib : fclose.obj (.text:_closefile)
                  8000bee0    00000120                     : _printfi.obj (.text:_ltostr)
                  8000c000    00000120                     : fopen.obj (.text:_search_fp)
                  8000c120    00000120                     : fseek.obj (.text:fseek)
                  8000c240    00000100                     : trgdrv.obj (.text:HOSTlseek)
                  8000c340    00000100                     : autoinit.obj (.text:_auto_init_elf)
                  8000c440    00000100                     : _io_perm.obj (.text:_wrt_ok)
                  8000c540    00000100                     : cpy_tbl.obj (.text:copy_in)
                  8000c640    00000100                     : fprintf.obj (.text:fprintf)
                  8000c740    000000e0                     : trgdrv.obj (.text:HOSTopen)
                  8000c820    000000e0                     : trgdrv.obj (.text:HOSTread)
                  8000c900    000000e0                     : divi.obj (.text:__divi)
                  8000c9e0    000000e0                     : atoi.obj (.text:atoi)
                  8000cac0    000000e0                     : lowlev.obj (.text:close)
                  8000cba0    000000e0                     : copy_zero_init.obj (.text:decompress:ZI:__TI_zero_init)
                  8000cc80    000000e0                     : ltoa.obj (.text:ltoa)
                  8000cd60    000000e0                     : memset.obj (.text:memset)
                  8000ce40    000000e0                     : printf.obj (.text:printf)
                  8000cf20    000000c0                     : trgdrv.obj (.text:HOSTunlink)
                  8000cfe0    000000c0                     : trgdrv.obj (.text:HOSTwrite)
                  8000d0a0    000000c0                     : divu.obj (.text:__divu)
                  8000d160    000000c0                     : remi.obj (.text:__remi)
                  8000d220    000000c0                     : _printfi.obj (.text:_div)
                  8000d2e0    000000c0                     : fflush.obj (.text:_doflush)
                  8000d3a0    000000c0                     : exit.obj (.text:exit)
                  8000d460    000000c0                     : tls.obj (.text:tls:init:__TI_tls_init)
                  8000d520    000000a0                     : trgdrv.obj (.text:HOSTclose)
                  8000d5c0    000000a0                     : round.obj (.text:__c6xabi_nround)
                  8000d660    000000a0                     : fopen.obj (.text:_cleanup)
                  8000d700    000000a0                     : _printfi.obj (.text:_ecpy)
                  8000d7a0    000000a0                     : _printfi.obj (.text:_fcpy)
                  8000d840    000000a0                     : memory.obj (.text:_minit)
                  8000d8e0    000000a0                     : _printfi.obj (.text:_pconv_f)
                  8000d980    000000a0                     : lowlev.obj (.text:finddevice)
                  8000da20    000000a0                     : lowlev.obj (.text:lseek)
                  8000dac0    000000a0                     : memcpy64.obj (.text:memcpy)
                  8000db60    000000a0                     : memory.obj (.text:minsert)
                  8000dc00    000000a0                     : modf.obj (.text:modf)
                  8000dca0    000000a0                     : memory.obj (.text:mremove)
                  8000dd40    000000a0                     : lowlev.obj (.text:write)
                  8000dde0    00000080                     : fixdu.obj (.text:__c6xabi_fixdu)
                  8000de60    00000080                     : fixfu.obj (.text:__c6xabi_fixfu)
                  8000dee0    00000080                     : llshift.obj (.text:__c6xabi_llshl)
                  8000df60    00000080                     : boot.obj (.text:_c_int00)
                  8000dfe0    00000080                     : trgmsg.obj (.text:readmsg)
                  8000e060    00000080                     : lowlev.obj (.text:unlink)
                  8000e0e0    00000060                     : cpp_init.obj (.text:__TI_cpp_init)
                  8000e140    00000060                     : imath64.obj (.text:_subcull)
                  8000e1a0    00000060                     : fclose.obj (.text:fclose)
                  8000e200    00000060                     : fopen.obj (.text:fopen)
                  8000e260    00000060                     : memccpy.obj (.text:memccpy)
                  8000e2c0    00000060     ad9822.obj (.text:set_en)
                  8000e320    00000060     ad9822.obj (.text:set_sda)
                  8000e380    00000060     ad9822.obj (.text:set_sdadir)
                  8000e3e0    00000060     rts6740_elf.lib : sprintf.obj (.text:sprintf)
                  8000e440    00000060                     : lowlev.obj (.text:tabinit)
                  8000e4a0    00000060     ad9822.obj (.text:write_mask_reg)
                  8000e500    00000060     rts6740_elf.lib : trgmsg.obj (.text:writemsg)
                  8000e560    00000040                     : isinf.obj (.text:__c6xabi_isinf)
                  8000e5a0    00000040                     : _printfi.obj (.text:__c6xabi_isnan)
                  8000e5e0    00000040                     : isnanf.obj (.text:__c6xabi_isnanf)
                  8000e620    00000040                     : llshift.obj (.text:__c6xabi_llshru)
                  8000e660    00000040                     : args_main.obj (.text:_args_main)
                  8000e6a0    00000040                     : sprintf.obj (.text:_outs)
                  8000e6e0    00000040     ad9822.obj (.text:delay)
                  8000e720    00000040     Io_fpga.obj (.text:dsp_delay)
                  8000e760    00000040     ad9822.obj (.text:read_sda)
                  8000e7a0    00000020     rts6740_elf.lib : errno.obj (.text:__c6xabi_errno_addr)
                  8000e7c0    00000020                     : negll.obj (.text:__c6xabi_negll)
                  8000e7e0    00000020                     : trunc.obj (.text:__c6xabi_trunc)
                  8000e800    00000020                     : _lock.obj (.text:_nop)
                  8000e820    00000020                     : fprintf.obj (.text:_outc)
                  8000e840    00000020                     : printf.obj (.text:_outc)
                  8000e860    00000020                     : sprintf.obj (.text:_outc)
                  8000e880    00000020                     : fprintf.obj (.text:_outs)
                  8000e8a0    00000020                     : printf.obj (.text:_outs)
                  8000e8c0    00000020                     : exit.obj (.text:abort)
                  8000e8e0    00000020                     : atof.obj (.text:atof)
                  8000e900    00000020                     : copy_decompress_none.obj (.text:decompress:none:__TI_decompress_none)
                  8000e920    00000020                     : copy_decompress_rle.obj (.text:decompress:rle24:__TI_decompress_rle24)
                  8000e940    00000020     ad9822.obj (.text:read_reg)
                  8000e960    00000020     ad9822.obj (.text:set_scl_H)
                  8000e980    00000020     ad9822.obj (.text:set_scl_L)
                  8000e9a0    00000020     fpga_upp.obj (.text:write_reg)

.far       0    8000e9c0    00007ab0     UNINITIALIZED
                  8000e9c0    00007708     main.obj (.far)
                  800160c8    00000240     interrupt.obj (.far)
                  80016308    00000140     rts6740_elf.lib : defs.obj (.far)
                  80016448    0000001c     fpga_upp.obj (.far)
                  80016464    00000004     --HOLE--
                  80016468    00000008     rts6740_elf.lib : trgdrv.obj (.far)

.stack     0    80016470    00000800     UNINITIALIZED
                  80016470    00000008     rts6740_elf.lib : boot.obj (.stack)
                  80016478    000007f8     --HOLE--

.sysmem    0    80016c70    00000800     UNINITIALIZED
                  80016c70    00000008     rts6740_elf.lib : memory.obj (.sysmem)
                  80016c78    000007f8     --HOLE--

.fardata   0    80017470    00000470     
                  80017470    000001e0     rts6740_elf.lib : defs.obj (.fardata:_ftable)
                  80017650    000000a0                     : lowlev.obj (.fardata:_stream)
                  800176f0    00000088                     : pow.obj (.fardata:A1$1)
                  80017778    00000078                     : lowlev.obj (.fardata:_device)
                  800177f0    00000040                     : pow.obj (.fardata:A2$2)
                  80017830    00000038                     : pow.obj (.fardata:Q$4)
                  80017868    00000020                     : pow.obj (.fardata:P$3)
                  80017888    00000014     main.obj (.fardata:kalman_buffer)
                  8001789c    00000004     rts6740_elf.lib : defs.obj (.fardata)
                  800178a0    00000014     main.obj (.fardata:kalman_minus_buffer)
                  800178b4    0000000c     rts6740_elf.lib : exit.obj (.fardata)
                  800178c0    0000000c                     : memory.obj (.fardata)
                  800178cc    00000008                     : _lock.obj (.fardata)
                  800178d4    00000004                     : errno.obj (.fardata)
                  800178d8    00000004                     : fopen.obj (.fardata)
                  800178dc    00000004                     : lowlev.obj (.fardata)

.const     0    800178e0    000003ac     
                  800178e0    00000101     rts6740_elf.lib : ctype.obj (.const:.string:_ctypes_)
                  800179e1    00000003     --HOLE-- [fill = 0]
                  800179e4    000000b4     dsp_uart.obj (.const:.string)
                  80017a98    00000068     dataprocess.obj (.const:.string)
                  80017b00    00000050     rts6740_elf.lib : strtod.obj (.const:digits)
                  80017b50    0000004c     main.obj (.const:.string)
                  80017b9c    00000004     --HOLE-- [fill = 0]
                  80017ba0    00000048     rts6740_elf.lib : strtod.obj (.const:powerof10)
                  80017be8    00000040     evmomapl138.obj (.const:.string)
                  80017c28    00000023     rts6740_elf.lib : _printfi.obj (.const:.string)
                  80017c4b    00000005     --HOLE-- [fill = 0]
                  80017c50    00000014     dataprocess.obj (.const:$P$T0$1)
                  80017c64    00000004     --HOLE-- [fill = 0]
                  80017c68    00000014     dataprocess.obj (.const:$P$T1$2)
                  80017c7c    00000010     evmomapl138_uart.obj (.const:.string)

.cio       0    80017c90    00000120     UNINITIALIZED
                  80017c90    00000120     rts6740_elf.lib : trgmsg.obj (.cio)

.neardata 
*          0    80017db0    0000004c     
                  80017db0    0000004c     main.obj (.neardata)

.bss       0    80017dfc    00000038     UNINITIALIZED
                  80017dfc    00000030     main.obj (.bss)
                  80017e2c    00000008     fpga_upp.obj (.bss)

.cinit     0    80017e38    00000210     
                  80017e38    00000192     (.cinit..fardata.load) [load image, compression = rle]
                  80017fca    00000002     --HOLE-- [fill = 0]
                  80017fcc    0000003b     (.cinit..neardata.load) [load image, compression = rle]
                  80018007    00000001     --HOLE-- [fill = 0]
                  80018008    0000000c     (__TI_handler_table)
                  80018014    00000008     (.cinit..bss.load) [load image, compression = zero_init]
                  8001801c    00000008     (.cinit..far.load) [load image, compression = zero_init]
                  80018024    00000004     --HOLE-- [fill = 0]
                  80018028    00000020     (__TI_cinit_table)


LINKER GENERATED COPY TABLES

__TI_cinit_table @ 80018028 records: 4, size/record: 8, table size: 32
	.fardata: load addr=80017e38, load size=00000192 bytes, run addr=80017470, run size=00000470 bytes, compression=rle
	.neardata: load addr=80017fcc, load size=0000003b bytes, run addr=80017db0, run size=0000004c bytes, compression=rle
	.bss: load addr=80018014, load size=00000008 bytes, run addr=80017dfc, run size=00000038 bytes, compression=zero_init
	.far: load addr=8001801c, load size=00000008 bytes, run addr=8000e9c0, run size=00007ab0 bytes, compression=zero_init


LINKER GENERATED HANDLER TABLE

__TI_handler_table @ 80018008 records: 3, size/record: 4, table size: 12
	index: 0, handler: __TI_zero_init
	index: 1, handler: __TI_decompress_rle24
	index: 2, handler: __TI_decompress_none


GLOBAL SYMBOLS: SORTED ALPHABETICALLY BY Name 

address    name
--------   ----
80004f18   AD_readRegister
80004ccc   AD_writeRegister
800015a0   Array_Average
8000e8c0   C$$EXIT
8000e558   C$$IO$$
80017ddc   C_yaxis
80008328   DDRInit
80000000   Data_Average
80000078   Data_Average_Int
80008280   EMIF_init
800039c4   EVMOMAPL138_enableDsp
80003800   EVMOMAPL138_init
8000382c   EVMOMAPL138_initRAM
80003a90   EVMOMAPL138_lpscTransition
800039f0   EVMOMAPL138_pinmuxConfig
80005c98   ExcCombineAdd
80005ce0   ExcCombineRemove
80005c78   ExcGlobalEnable
80005144   GPIO_AD_init
8000d520   HOSTclose
8000c240   HOSTlseek
8000c740   HOSTopen
8000c820   HOSTread
8000b280   HOSTrename
8000cf20   HOSTunlink
8000cfe0   HOSTwrite
80005800   IntDSPINTCInit
80005bf0   IntDisable
80005bc0   IntEnable
800059b0   IntEventClear
80005af4   IntEventCombineAdd
800059e8   IntEventCombineInit
80005b98   IntEventCombineRegister
80005b48   IntEventCombineRemove
800058f0   IntEventMap
80005978   IntEventSet
80005c4c   IntGlobalDisable
80005c38   IntGlobalEnable
80005c60   IntGlobalRestore
800058a4   IntRegister
80005c24   IntReset
800058c8   IntUnRegister
80017e0c   MinValue
8000bc80   PSCModuleControl
80001784   Set_Zeros
80000104   Sum_To_Float
80000184   Sum_To_Float_4times
800016d0   Sum_To_Int
8000adb0   TEST_uart
80001050   Trans_To_File
80001120   Trans_To_File_float
80007b40   UART_init
80007e6c   UART_rxByte
80007d28   UART_txArray
80007cd8   UART_txByte
80007d90   UART_txString
80007e20   UART_txUint32
80007dd0   UART_txUint8
80007878   UPP_PINMUX
80007780   UPP_init
80007858   UPP_stop
800043f4   UTIL_isUIBoardAttached
80004288   UTIL_printMem
8000ad80   Uart_Init_edited
80017c90   __CIOBUF_
80018028   __TI_CINIT_Base
80018048   __TI_CINIT_Limit
80018008   __TI_Handler_Table_Base
80018014   __TI_Handler_Table_Limit
UNDEFED    __TI_INITARRAY_Base
UNDEFED    __TI_INITARRAY_Limit
80016c70   __TI_STACK_END
00000800   __TI_STACK_SIZE
80017db0   __TI_STATIC_BASE
00000800   __TI_SYSMEM_SIZE
UNDEFED    __TI_TLS_INIT_Base
UNDEFED    __TI_TLS_INIT_Limit
00000001   __TI_args_main
8000e0e0   __TI_cpp_init
8000e900   __TI_decompress_none
8000e920   __TI_decompress_rle24
800178bc   __TI_enable_exit_profile_output
ffffffff   __TI_pprof_out_hndl
ffffffff   __TI_prof_data_size
ffffffff   __TI_prof_data_start
8000d460   __TI_tls_init
8000cba0   __TI_zero_init
ffffffff   __binit__
800063e0   __c6xabi_divd
80009140   __c6xabi_divf
8000c900   __c6xabi_divi
8000d0a0   __c6xabi_divu
8000af40   __c6xabi_divul
80009640   __c6xabi_divull
8000e7a0   __c6xabi_errno_addr
8000dde0   __c6xabi_fixdu
8000de60   __c6xabi_fixfu
8000a7c0   __c6xabi_frcmpyd_div
8000e560   __c6xabi_isinf
8000e5e0   __c6xabi_isnanf
8000dee0   __c6xabi_llshl
8000e620   __c6xabi_llshru
8000e7c0   __c6xabi_negll
8000d5c0   __c6xabi_nround
8000d160   __c6xabi_remi
8000e7e0   __c6xabi_trunc
ffffffff   __c_args__
8000c900   __divi
8000d0a0   __divu
800178d4   __errno
8000d160   __remi
8000e660   _args_main
8000c340   _auto_init_elf
80002d58   _c674x_mask_int10_isr
80002f20   _c674x_mask_int11_isr
800030e4   _c674x_mask_int12_isr
800032a8   _c674x_mask_int13_isr
80003470   _c674x_mask_int14_isr
80003638   _c674x_mask_int15_isr
800022b0   _c674x_mask_int4_isr
80002478   _c674x_mask_int5_isr
80002640   _c674x_mask_int6_isr
80002804   _c674x_mask_int7_isr
800029c8   _c674x_mask_int8_isr
80002b90   _c674x_mask_int9_isr
80001d60   _c674x_nmi_isr
80001f24   _c674x_rsvd_int2_isr
800020e8   _c674x_rsvd_int3_isr
8000df60   _c_int00
8000d660   _cleanup
800178b4   _cleanup_ptr
8000bdc0   _closefile
800178e0   _ctypes_
8000d2e0   _doflush
800178b8   _dtors_ptr
8001789c   _ft_end
80017470   _ftable
8000a800   _intcVectorTable
800178cc   _lock
8000d840   _minit
8000e800   _nop
80007320   _printfi
80016470   _stack
8000e140   _subcull
80016c70   _sys_memory
80009d40   _test_isr
80016308   _tmpnams
800178d0   _unlock
8000c440   _wrt_ok
8000e8c0   abort
8000e8e0   atof
8000c9e0   atoi
800007e8   bi_side_search
80000974   bi_side_search_float
800013ec   bi_side_search_jump
80000aec   bi_side_search_withMinValue
ffffffff   binit
8000fd88   buffer
80013938   buffer_float_data
8000fde0   buffer_int_data
800111a8   buffer_tmp
80017df4   cc
800012e4   clear_array
8000cac0   close
80017e04   cnt
8000af24   com2str
80016448   config
80003e68   config_pll0
800040a4   config_pll1
800078f8   config_reg
80007a14   config_upp
8000c540   copy_in
80017db8   data_second_come
8000e6e0   delay
80017dec   deria_speed
80017de8   deria_threshold
80017e30   dma_over
80017de4   down_limit
8000e720   dsp_delay
800178d4   errno
8000d3a0   exit
8000e1a0   fclose
8000e200   fopen
800084a8   fpga_read_reg
800051c0   fpga_upp_test
800084d0   fpga_write_reg
8000c640   fprintf
8000a1a0   fputc
80007ee0   fputs
80017df0   frcnt
800093c0   free
8000b0e0   frexp
8000c120   fseek
80004bc8   init_9822
800011f0   interpol_trans
80017dd8   k
80000da4   kalman
80017e28   kalman_NAN_Error_cnt
80017888   kalman_buffer
80017dc0   kalman_buffer_cnt
80017dc8   kalman_loop_num
800178a0   kalman_minus_buffer
80017dcc   kalman_p
80017dd0   kalman_preData
80017dc4   kalman_ratio
80001ac4   kalman_ratio_adjust
80001b60   kalman_ratio_adjust_para
80001804   kalman_realtime
80017dd4   kalman_result
8000b580   ldexp
80017e10   leftpoint
80000f44   location
80000fd0   location_float
80017dbc   loop_num
8000da20   lseek
8000cc80   ltoa
80005240   main
8000b700   malloc
80001974   max
8000e260   memccpy
8000dac0   memcpy
8000cd60   memset
8000dc00   modf
80017e08   mylocation
8000b880   open
80017db0   para_change
80001c58   para_get
80000c50   point_nclear
8000132c   point_nclear_jump
80000cf4   point_nclear_return_minValue
80017e0e   point_notclear
80004400   pow
8000ce40   printf
800018cc   range
80017db4   ratio
80017e00   rcv_data
8000e940   read_reg
8000e760   read_sda
8000dfe0   readmsg
80017e20   receive_signal
8000e9c0   recv_adc_buffer
8000022c   region_gauss_filter
80000394   region_gauss_filter_float
8000e060   remove
80017e12   rightpoint
80017dfc   rtn
80017e24   serial_port_char
8000e2c0   set_en
8000e960   set_scl_H
8000e980   set_scl_L
8000e320   set_sda
8000e380   set_sdadir
8000a5c0   setvbuf
8000fda8   show_str
8000e3e0   sprintf
800012c0   step_location
8000af08   str2com
80001bec   str_get
80006ea0   strtod
80001a6c   sum
8000ae20   terminal_counting
80017e14   test1
80017e18   test2
80017e1c   test3
80004b40   test_AD9822_reg
800084f0   test_fpga_reg
80007a30   uPP_Isr
8000e060   unlink
80017de0   up_limit
80007ab8   upp_receive_fifo
80017e2c   upp_serialNum
8000dd40   write
8000e4a0   write_mask_reg
8000e9a0   write_reg
8000e500   writemsg
800004b0   zhixin
80000648   zhixin_downward


GLOBAL SYMBOLS: SORTED BY Symbol Address 

address    name
--------   ----
00000001   __TI_args_main
00000800   __TI_STACK_SIZE
00000800   __TI_SYSMEM_SIZE
80000000   Data_Average
80000078   Data_Average_Int
80000104   Sum_To_Float
80000184   Sum_To_Float_4times
8000022c   region_gauss_filter
80000394   region_gauss_filter_float
800004b0   zhixin
80000648   zhixin_downward
800007e8   bi_side_search
80000974   bi_side_search_float
80000aec   bi_side_search_withMinValue
80000c50   point_nclear
80000cf4   point_nclear_return_minValue
80000da4   kalman
80000f44   location
80000fd0   location_float
80001050   Trans_To_File
80001120   Trans_To_File_float
800011f0   interpol_trans
800012c0   step_location
800012e4   clear_array
8000132c   point_nclear_jump
800013ec   bi_side_search_jump
800015a0   Array_Average
800016d0   Sum_To_Int
80001784   Set_Zeros
80001804   kalman_realtime
800018cc   range
80001974   max
80001a6c   sum
80001ac4   kalman_ratio_adjust
80001b60   kalman_ratio_adjust_para
80001bec   str_get
80001c58   para_get
80001d60   _c674x_nmi_isr
80001f24   _c674x_rsvd_int2_isr
800020e8   _c674x_rsvd_int3_isr
800022b0   _c674x_mask_int4_isr
80002478   _c674x_mask_int5_isr
80002640   _c674x_mask_int6_isr
80002804   _c674x_mask_int7_isr
800029c8   _c674x_mask_int8_isr
80002b90   _c674x_mask_int9_isr
80002d58   _c674x_mask_int10_isr
80002f20   _c674x_mask_int11_isr
800030e4   _c674x_mask_int12_isr
800032a8   _c674x_mask_int13_isr
80003470   _c674x_mask_int14_isr
80003638   _c674x_mask_int15_isr
80003800   EVMOMAPL138_init
8000382c   EVMOMAPL138_initRAM
800039c4   EVMOMAPL138_enableDsp
800039f0   EVMOMAPL138_pinmuxConfig
80003a90   EVMOMAPL138_lpscTransition
80003e68   config_pll0
800040a4   config_pll1
80004288   UTIL_printMem
800043f4   UTIL_isUIBoardAttached
80004400   pow
80004b40   test_AD9822_reg
80004bc8   init_9822
80004ccc   AD_writeRegister
80004f18   AD_readRegister
80005144   GPIO_AD_init
800051c0   fpga_upp_test
80005240   main
80005800   IntDSPINTCInit
800058a4   IntRegister
800058c8   IntUnRegister
800058f0   IntEventMap
80005978   IntEventSet
800059b0   IntEventClear
800059e8   IntEventCombineInit
80005af4   IntEventCombineAdd
80005b48   IntEventCombineRemove
80005b98   IntEventCombineRegister
80005bc0   IntEnable
80005bf0   IntDisable
80005c24   IntReset
80005c38   IntGlobalEnable
80005c4c   IntGlobalDisable
80005c60   IntGlobalRestore
80005c78   ExcGlobalEnable
80005c98   ExcCombineAdd
80005ce0   ExcCombineRemove
800063e0   __c6xabi_divd
80006ea0   strtod
80007320   _printfi
80007780   UPP_init
80007858   UPP_stop
80007878   UPP_PINMUX
800078f8   config_reg
80007a14   config_upp
80007a30   uPP_Isr
80007ab8   upp_receive_fifo
80007b40   UART_init
80007cd8   UART_txByte
80007d28   UART_txArray
80007d90   UART_txString
80007dd0   UART_txUint8
80007e20   UART_txUint32
80007e6c   UART_rxByte
80007ee0   fputs
80008280   EMIF_init
80008328   DDRInit
800084a8   fpga_read_reg
800084d0   fpga_write_reg
800084f0   test_fpga_reg
80009140   __c6xabi_divf
800093c0   free
80009640   __c6xabi_divull
80009d40   _test_isr
8000a1a0   fputc
8000a5c0   setvbuf
8000a7c0   __c6xabi_frcmpyd_div
8000a800   _intcVectorTable
8000ad80   Uart_Init_edited
8000adb0   TEST_uart
8000ae20   terminal_counting
8000af08   str2com
8000af24   com2str
8000af40   __c6xabi_divul
8000b0e0   frexp
8000b280   HOSTrename
8000b580   ldexp
8000b700   malloc
8000b880   open
8000bc80   PSCModuleControl
8000bdc0   _closefile
8000c120   fseek
8000c240   HOSTlseek
8000c340   _auto_init_elf
8000c440   _wrt_ok
8000c540   copy_in
8000c640   fprintf
8000c740   HOSTopen
8000c820   HOSTread
8000c900   __c6xabi_divi
8000c900   __divi
8000c9e0   atoi
8000cac0   close
8000cba0   __TI_zero_init
8000cc80   ltoa
8000cd60   memset
8000ce40   printf
8000cf20   HOSTunlink
8000cfe0   HOSTwrite
8000d0a0   __c6xabi_divu
8000d0a0   __divu
8000d160   __c6xabi_remi
8000d160   __remi
8000d2e0   _doflush
8000d3a0   exit
8000d460   __TI_tls_init
8000d520   HOSTclose
8000d5c0   __c6xabi_nround
8000d660   _cleanup
8000d840   _minit
8000da20   lseek
8000dac0   memcpy
8000dc00   modf
8000dd40   write
8000dde0   __c6xabi_fixdu
8000de60   __c6xabi_fixfu
8000dee0   __c6xabi_llshl
8000df60   _c_int00
8000dfe0   readmsg
8000e060   remove
8000e060   unlink
8000e0e0   __TI_cpp_init
8000e140   _subcull
8000e1a0   fclose
8000e200   fopen
8000e260   memccpy
8000e2c0   set_en
8000e320   set_sda
8000e380   set_sdadir
8000e3e0   sprintf
8000e4a0   write_mask_reg
8000e500   writemsg
8000e558   C$$IO$$
8000e560   __c6xabi_isinf
8000e5e0   __c6xabi_isnanf
8000e620   __c6xabi_llshru
8000e660   _args_main
8000e6e0   delay
8000e720   dsp_delay
8000e760   read_sda
8000e7a0   __c6xabi_errno_addr
8000e7c0   __c6xabi_negll
8000e7e0   __c6xabi_trunc
8000e800   _nop
8000e8c0   C$$EXIT
8000e8c0   abort
8000e8e0   atof
8000e900   __TI_decompress_none
8000e920   __TI_decompress_rle24
8000e940   read_reg
8000e960   set_scl_H
8000e980   set_scl_L
8000e9a0   write_reg
8000e9c0   recv_adc_buffer
8000fd88   buffer
8000fda8   show_str
8000fde0   buffer_int_data
800111a8   buffer_tmp
80013938   buffer_float_data
80016308   _tmpnams
80016448   config
80016470   _stack
80016c70   __TI_STACK_END
80016c70   _sys_memory
80017470   _ftable
80017888   kalman_buffer
8001789c   _ft_end
800178a0   kalman_minus_buffer
800178b4   _cleanup_ptr
800178b8   _dtors_ptr
800178bc   __TI_enable_exit_profile_output
800178cc   _lock
800178d0   _unlock
800178d4   __errno
800178d4   errno
800178e0   _ctypes_
80017c90   __CIOBUF_
80017db0   __TI_STATIC_BASE
80017db0   para_change
80017db4   ratio
80017db8   data_second_come
80017dbc   loop_num
80017dc0   kalman_buffer_cnt
80017dc4   kalman_ratio
80017dc8   kalman_loop_num
80017dcc   kalman_p
80017dd0   kalman_preData
80017dd4   kalman_result
80017dd8   k
80017ddc   C_yaxis
80017de0   up_limit
80017de4   down_limit
80017de8   deria_threshold
80017dec   deria_speed
80017df0   frcnt
80017df4   cc
80017dfc   rtn
80017e00   rcv_data
80017e04   cnt
80017e08   mylocation
80017e0c   MinValue
80017e0e   point_notclear
80017e10   leftpoint
80017e12   rightpoint
80017e14   test1
80017e18   test2
80017e1c   test3
80017e20   receive_signal
80017e24   serial_port_char
80017e28   kalman_NAN_Error_cnt
80017e2c   upp_serialNum
80017e30   dma_over
80018008   __TI_Handler_Table_Base
80018014   __TI_Handler_Table_Limit
80018028   __TI_CINIT_Base
80018048   __TI_CINIT_Limit
ffffffff   __TI_pprof_out_hndl
ffffffff   __TI_prof_data_size
ffffffff   __TI_prof_data_start
ffffffff   __binit__
ffffffff   __c_args__
ffffffff   binit
UNDEFED    __TI_INITARRAY_Base
UNDEFED    __TI_INITARRAY_Limit
UNDEFED    __TI_TLS_INIT_Base
UNDEFED    __TI_TLS_INIT_Limit

[277 symbols]
