******************************************************************************
               TMS320C6x Linker PC v7.4.16                     
******************************************************************************
>> Linked Sun Aug 07 18:04:39 2016

OUTPUT FILE NAME:   <fPGA_daul_ccd_2M_toshiba.out>
ENTRY POINT SYMBOL: "_c_int00"  address: 8000d4e0


MEMORY CONFIGURATION

         name            origin    length      used     unused   attr    fill
----------------------  --------  ---------  --------  --------  ----  --------
  DSPL2ROM              00700000   00100000  00000000  00100000  RWIX
  DSPL2RAM              00800000   00040000  00000000  00040000  RWIX
  DSPL1PRAM             00e00000   00008000  00000000  00008000  RWIX
  DSPL1DRAM             00f00000   00008000  00000000  00008000  RWIX
  SHDSPL2ROM            11700000   00100000  00000000  00100000  RWIX
  SHDSPL2RAM            11800000   00040000  00000000  00040000  RWIX
  SHDSPL1PRAM           11e00000   00008000  00000000  00008000  RWIX
  SHDSPL1DRAM           11f00000   00008000  00000000  00008000  RWIX
  EMIFACS0              40000000   20000000  00000000  20000000  RWIX
  EMIFACS2              60000000   02000000  00000000  02000000  RWIX
  EMIFACS3              62000000   02000000  00000000  02000000  RWIX
  EMIFACS4              64000000   02000000  00000000  02000000  RWIX
  EMIFACS5              66000000   02000000  00000000  02000000  RWIX
  SHRAM                 80000000   00020000  00017244  00008dbc  RWIX
  DDR2                  c0000000   20000000  00000000  20000000  RWIX


SEGMENT ALLOCATION MAP

run origin  load origin   length   init length attrs members
----------  ----------- ---------- ----------- ----- -------
80000000    80000000    0000df60   0000df60    r-x
  80000000    80000000    0000df60   0000df60    r-x .text
8000df60    8000df60    00008a90   00000000    rw-
  8000df60    8000df60    00007a90   00000000    rw- .far
  800159f0    800159f0    00000800   00000000    rw- .stack
  800161f0    800161f0    00000800   00000000    rw- .sysmem
800169f0    800169f0    00000348   00000348    rw-
  800169f0    800169f0    00000348   00000348    rw- .fardata
80016d38    80016d38    000002d4   000002d4    r--
  80016d38    80016d38    000002d4   000002d4    r-- .const
80017010    80017010    00000120   00000000    rw-
  80017010    80017010    00000120   00000000    rw- .cio
80017130    80017130    00000048   00000028    rw-
  80017130    80017130    00000028   00000028    rw- .neardata
  80017158    80017158    00000020   00000000    rw- .bss
80017178    80017178    000000d0   000000d0    r--
  80017178    80017178    000000d0   000000d0    r-- .cinit


SECTION ALLOCATION MAP

 output                                  attributes/
section   page    origin      length       input sections
--------  ----  ----------  ----------   ----------------
.init_array 
*          0    80000000    00000000     UNINITIALIZED

.text      0    80000000    0000df60     
                  80000000    00001aa0     interrupt.obj (.text:retain)
                  80001aa0    00001a80     dataprocess.obj (.text)
                  80003520    00000c00     evmomapl138.obj (.text)
                  80004120    00000800     main.obj (.text)
                  80004920    00000680     ad9822.obj (.text)
                  80004fa0    000005e0     interrupt.obj (.text)
                  80005580    000005c0     rts6740_elf.lib : _printfi.obj (.text:_getarg_diouxp)
                  80005b40    000005a0                     : divd.obj (.text:__c6xabi_divd)
                  800060e0    00000520                     : _printfi.obj (.text:_setfield)
                  80006600    000004c0                     : fwrite.obj (.text:fwrite)
                  80006ac0    00000460                     : _printfi.obj (.text:_printfi)
                  80006f20    000003c0     fpga_upp.obj (.text)
                  800072e0    000003a0     evmomapl138_uart.obj (.text)
                  80007680    000003a0     rts6740_elf.lib : fputs.obj (.text:fputs)
                  80007a20    00000380     Io_fpga.obj (.text)
                  80007da0    00000320     rts6740_elf.lib : _printfi.obj (.text:_pproc_fge)
                  800080c0    000002e0                     : _printfi.obj (.text:_pproc_fwp)
                  800083a0    000002c0                     : fread.obj (.text:fread)
                  80008660    000002a0                     : _printfi.obj (.text:ecvt)
                  80008900    000002a0                     : _printfi.obj (.text:fcvt)
                  80008ba0    00000280                     : divf.obj (.text:__c6xabi_divf)
                  80008e20    00000280                     : memory.obj (.text:free)
                  800090a0    00000260                     : imath64.obj (.text:__c6xabi_divull)
                  80009300    00000260                     : _printfi.obj (.text:_pconv_e)
                  80009560    00000240                     : _printfi.obj (.text:_pproc_diouxp)
                  800097a0    00000220                     : _printfi.obj (.text:_pproc_str)
                  800099c0    00000220                     : fputc.obj (.text:fputc)
                  80009be0    00000200                     : _printfi.obj (.text:_pconv_g)
                  80009de0    00000200                     : setvbuf.obj (.text:setvbuf)
                  80009fe0    00000020                     : errno.obj (.text:__c6xabi_errno_addr)
                  8000a000    00000200     intvecs.obj (.text)
                  8000a200    000001c0     rts6740_elf.lib : _printfi.obj (.text:_mcpy)
                  8000a3c0    000001c0                     : fopen.obj (.text:_openfile)
                  8000a580    000001a0                     : imath40.obj (.text:__c6xabi_divul)
                  8000a720    00000180                     : trgdrv.obj (.text:HOSTrename)
                  8000a8a0    00000180                     : copy_decompress_rle.obj (.text:__TI_decompress_rle_core)
                  8000aa20    00000180                     : memory.obj (.text:malloc)
                  8000aba0    00000180                     : lowlev.obj (.text:open)
                  8000ad20    00000140                     : _printfi.obj (.text:_pproc_fflags)
                  8000ae60    00000140                     : lowlev.obj (.text:getdevice)
                  8000afa0    00000140     psc.obj (.text)
                  8000b0e0    00000120     rts6740_elf.lib : _bufread.obj (.text:_buff_read)
                  8000b200    00000120                     : fclose.obj (.text:_closefile)
                  8000b320    00000120                     : _printfi.obj (.text:_ltostr)
                  8000b440    00000120                     : fopen.obj (.text:_search_fp)
                  8000b560    00000120                     : fseek.obj (.text:fseek)
                  8000b680    00000120                     : ftell.obj (.text:ftell)
                  8000b7a0    00000100                     : trgdrv.obj (.text:HOSTlseek)
                  8000b8a0    00000100                     : autoinit.obj (.text:_auto_init_elf)
                  8000b9a0    00000100                     : _io_perm.obj (.text:_wrt_ok)
                  8000baa0    00000100                     : cpy_tbl.obj (.text:copy_in)
                  8000bba0    00000100                     : fprintf.obj (.text:fprintf)
                  8000bca0    000000e0                     : trgdrv.obj (.text:HOSTopen)
                  8000bd80    000000e0                     : trgdrv.obj (.text:HOSTread)
                  8000be60    000000e0                     : divi.obj (.text:__divi)
                  8000bf40    000000e0                     : atoi.obj (.text:atoi)
                  8000c020    000000e0                     : lowlev.obj (.text:close)
                  8000c100    000000e0                     : copy_zero_init.obj (.text:decompress:ZI:__TI_zero_init)
                  8000c1e0    000000e0                     : ltoa.obj (.text:ltoa)
                  8000c2c0    000000e0                     : memset.obj (.text:memset)
                  8000c3a0    000000e0                     : printf.obj (.text:printf)
                  8000c480    000000c0                     : trgdrv.obj (.text:HOSTunlink)
                  8000c540    000000c0                     : trgdrv.obj (.text:HOSTwrite)
                  8000c600    000000c0                     : divu.obj (.text:__divu)
                  8000c6c0    000000c0                     : remi.obj (.text:__remi)
                  8000c780    000000c0                     : _printfi.obj (.text:_div)
                  8000c840    000000c0                     : fflush.obj (.text:_doflush)
                  8000c900    000000c0                     : _io_perm.obj (.text:_rd_ok)
                  8000c9c0    000000c0                     : exit.obj (.text:exit)
                  8000ca80    000000c0                     : tls.obj (.text:tls:init:__TI_tls_init)
                  8000cb40    000000a0                     : trgdrv.obj (.text:HOSTclose)
                  8000cbe0    000000a0                     : fopen.obj (.text:_cleanup)
                  8000cc80    000000a0                     : _printfi.obj (.text:_ecpy)
                  8000cd20    000000a0                     : _printfi.obj (.text:_fcpy)
                  8000cdc0    000000a0                     : memory.obj (.text:_minit)
                  8000ce60    000000a0                     : _printfi.obj (.text:_pconv_f)
                  8000cf00    000000a0                     : lowlev.obj (.text:finddevice)
                  8000cfa0    000000a0                     : lowlev.obj (.text:lseek)
                  8000d040    000000a0                     : memcpy64.obj (.text:memcpy)
                  8000d0e0    000000a0                     : memory.obj (.text:minsert)
                  8000d180    000000a0                     : memory.obj (.text:mremove)
                  8000d220    000000a0                     : lowlev.obj (.text:read)
                  8000d2c0    000000a0                     : lowlev.obj (.text:write)
                  8000d360    00000080                     : fixdu.obj (.text:__c6xabi_fixdu)
                  8000d3e0    00000080                     : fixfu.obj (.text:__c6xabi_fixfu)
                  8000d460    00000080                     : llshift.obj (.text:__c6xabi_llshl)
                  8000d4e0    00000080                     : boot.obj (.text:_c_int00)
                  8000d560    00000080     dsp_Uart.obj (.text)
                  8000d5e0    00000080     rts6740_elf.lib : trgmsg.obj (.text:readmsg)
                  8000d660    00000080                     : lowlev.obj (.text:unlink)
                  8000d6e0    00000060                     : cpp_init.obj (.text:__TI_cpp_init)
                  8000d740    00000060                     : imath64.obj (.text:_subcull)
                  8000d7a0    00000060                     : fclose.obj (.text:fclose)
                  8000d800    00000060                     : fopen.obj (.text:fopen)
                  8000d860    00000060                     : memccpy.obj (.text:memccpy)
                  8000d8c0    00000060     ad9822.obj (.text:set_en)
                  8000d920    00000060     ad9822.obj (.text:set_sda)
                  8000d980    00000060     ad9822.obj (.text:set_sdadir)
                  8000d9e0    00000060     rts6740_elf.lib : sprintf.obj (.text:sprintf)
                  8000da40    00000060                     : lowlev.obj (.text:tabinit)
                  8000daa0    00000060     ad9822.obj (.text:write_mask_reg)
                  8000db00    00000060     rts6740_elf.lib : trgmsg.obj (.text:writemsg)
                  8000db60    00000040                     : frcmpyd_div.obj (.text:__c6xabi_frcmpyd_div)
                  8000dba0    00000040                     : isinf.obj (.text:__c6xabi_isinf)
                  8000dbe0    00000040                     : _printfi.obj (.text:__c6xabi_isnan)
                  8000dc20    00000040                     : llshift.obj (.text:__c6xabi_llshru)
                  8000dc60    00000040                     : args_main.obj (.text:_args_main)
                  8000dca0    00000040                     : sprintf.obj (.text:_outs)
                  8000dce0    00000040     ad9822.obj (.text:delay)
                  8000dd20    00000040     Io_fpga.obj (.text:dsp_delay)
                  8000dd60    00000040     ad9822.obj (.text:read_sda)
                  8000dda0    00000020     rts6740_elf.lib : negll.obj (.text:__c6xabi_negll)
                  8000ddc0    00000020                     : _lock.obj (.text:_nop)
                  8000dde0    00000020                     : fprintf.obj (.text:_outc)
                  8000de00    00000020                     : printf.obj (.text:_outc)
                  8000de20    00000020                     : sprintf.obj (.text:_outc)
                  8000de40    00000020                     : fprintf.obj (.text:_outs)
                  8000de60    00000020                     : printf.obj (.text:_outs)
                  8000de80    00000020                     : exit.obj (.text:abort)
                  8000dea0    00000020                     : copy_decompress_none.obj (.text:decompress:none:__TI_decompress_none)
                  8000dec0    00000020                     : copy_decompress_rle.obj (.text:decompress:rle24:__TI_decompress_rle24)
                  8000dee0    00000020     ad9822.obj (.text:read_reg)
                  8000df00    00000020     ad9822.obj (.text:set_scl_H)
                  8000df20    00000020     ad9822.obj (.text:set_scl_L)
                  8000df40    00000020     fpga_upp.obj (.text:write_reg)

.far       0    8000df60    00007a90     UNINITIALIZED
                  8000df60    000076e8     main.obj (.far)
                  80015648    00000240     interrupt.obj (.far)
                  80015888    00000140     rts6740_elf.lib : defs.obj (.far)
                  800159c8    0000001c     fpga_upp.obj (.far)
                  800159e4    00000004     --HOLE--
                  800159e8    00000008     rts6740_elf.lib : trgdrv.obj (.far)

.stack     0    800159f0    00000800     UNINITIALIZED
                  800159f0    00000008     rts6740_elf.lib : boot.obj (.stack)
                  800159f8    000007f8     --HOLE--

.sysmem    0    800161f0    00000800     UNINITIALIZED
                  800161f0    00000008     rts6740_elf.lib : memory.obj (.sysmem)
                  800161f8    000007f8     --HOLE--

.fardata   0    800169f0    00000348     
                  800169f0    000001e0     rts6740_elf.lib : defs.obj (.fardata:_ftable)
                  80016bd0    000000a0                     : lowlev.obj (.fardata:_stream)
                  80016c70    00000078                     : lowlev.obj (.fardata:_device)
                  80016ce8    00000010     main.obj (.fardata:kalman_buffer)
                  80016cf8    00000010     main.obj (.fardata:kalman_minus_buffer)
                  80016d08    0000000c     rts6740_elf.lib : exit.obj (.fardata)
                  80016d14    0000000c                     : memory.obj (.fardata)
                  80016d20    00000008                     : _lock.obj (.fardata)
                  80016d28    00000004                     : defs.obj (.fardata)
                  80016d2c    00000004                     : errno.obj (.fardata)
                  80016d30    00000004                     : fopen.obj (.fardata)
                  80016d34    00000004                     : lowlev.obj (.fardata)

.const     0    80016d38    000002d4     
                  80016d38    00000101     rts6740_elf.lib : ctype.obj (.const:.string:_ctypes_)
                  80016e39    00000003     --HOLE-- [fill = 0]
                  80016e3c    00000098     main.obj (.const:.string)
                  80016ed4    00000068     dataprocess.obj (.const:.string)
                  80016f3c    00000040     evmomapl138.obj (.const:.string)
                  80016f7c    00000030     dsp_Uart.obj (.const:.string)
                  80016fac    00000023     rts6740_elf.lib : _printfi.obj (.const:.string)
                  80016fcf    00000001     --HOLE-- [fill = 0]
                  80016fd0    00000014     dataprocess.obj (.const:$P$T0$1)
                  80016fe4    00000004     --HOLE-- [fill = 0]
                  80016fe8    00000014     dataprocess.obj (.const:$P$T1$2)
                  80016ffc    00000010     evmomapl138_uart.obj (.const:.string)

.cio       0    80017010    00000120     UNINITIALIZED
                  80017010    00000120     rts6740_elf.lib : trgmsg.obj (.cio)

.neardata 
*          0    80017130    00000028     
                  80017130    00000028     main.obj (.neardata)

.bss       0    80017158    00000020     UNINITIALIZED
                  80017158    00000018     main.obj (.bss)
                  80017170    00000008     fpga_upp.obj (.bss)

.cinit     0    80017178    000000d0     
                  80017178    00000072     (.cinit..fardata.load) [load image, compression = rle]
                  800171ea    00000002     --HOLE-- [fill = 0]
                  800171ec    0000001d     (.cinit..neardata.load) [load image, compression = rle]
                  80017209    00000003     --HOLE-- [fill = 0]
                  8001720c    0000000c     (__TI_handler_table)
                  80017218    00000008     (.cinit..bss.load) [load image, compression = zero_init]
                  80017220    00000008     (.cinit..far.load) [load image, compression = zero_init]
                  80017228    00000020     (__TI_cinit_table)


LINKER GENERATED COPY TABLES

__TI_cinit_table @ 80017228 records: 4, size/record: 8, table size: 32
	.fardata: load addr=80017178, load size=00000072 bytes, run addr=800169f0, run size=00000348 bytes, compression=rle
	.neardata: load addr=800171ec, load size=0000001d bytes, run addr=80017130, run size=00000028 bytes, compression=rle
	.bss: load addr=80017218, load size=00000008 bytes, run addr=80017158, run size=00000020 bytes, compression=zero_init
	.far: load addr=80017220, load size=00000008 bytes, run addr=8000df60, run size=00007a90 bytes, compression=zero_init


LINKER GENERATED HANDLER TABLE

__TI_handler_table @ 8001720c records: 3, size/record: 4, table size: 12
	index: 0, handler: __TI_zero_init
	index: 1, handler: __TI_decompress_rle24
	index: 2, handler: __TI_decompress_none


GLOBAL SYMBOLS: SORTED ALPHABETICALLY BY Name 

address    name
--------   ----
80004cf8   AD_readRegister
80004aac   AD_writeRegister
80003040   Array_Average
8000de80   C$$EXIT
8000db58   C$$IO$$
80007ac8   DDRInit
80001aa0   Data_Average
80001b18   Data_Average_Int
80007a20   EMIF_init
800036e4   EVMOMAPL138_enableDsp
80003520   EVMOMAPL138_init
8000354c   EVMOMAPL138_initRAM
800037b0   EVMOMAPL138_lpscTransition
80003710   EVMOMAPL138_pinmuxConfig
800053f8   ExcCombineAdd
80005440   ExcCombineRemove
800053d8   ExcGlobalEnable
80004f24   GPIO_AD_init
8000cb40   HOSTclose
8000b7a0   HOSTlseek
8000bca0   HOSTopen
8000bd80   HOSTread
8000a720   HOSTrename
8000c480   HOSTunlink
8000c540   HOSTwrite
80004fa0   IntDSPINTCInit
80005350   IntDisable
80005320   IntEnable
80005118   IntEventClear
80005254   IntEventCombineAdd
80005150   IntEventCombineInit
800052f8   IntEventCombineRegister
800052a8   IntEventCombineRemove
8000505c   IntEventMap
800050e4   IntEventSet
800053ac   IntGlobalDisable
80005398   IntGlobalEnable
800053c0   IntGlobalRestore
80005010   IntRegister
80005384   IntReset
80005034   IntUnRegister
800042b0   Loadfromfile
8001715c   MinValue
8000afa0   PSCModuleControl
80003224   Set_Zeros
80001ba4   Sum_To_Float
80001c24   Sum_To_Float_4times
80003170   Sum_To_Int
8000d560   TEST_uart
80002af0   Trans_To_File
80002bc0   Trans_To_File_float
800072e0   UART_init
8000760c   UART_rxByte
800074c8   UART_txArray
80007478   UART_txByte
80007530   UART_txString
800075c0   UART_txUint32
80007570   UART_txUint8
80007018   UPP_PINMUX
80006f20   UPP_init
80006ff8   UPP_stop
80004114   UTIL_isUIBoardAttached
80003fa8   UTIL_printMem
80017010   __CIOBUF_
80017228   __TI_CINIT_Base
80017248   __TI_CINIT_Limit
8001720c   __TI_Handler_Table_Base
80017218   __TI_Handler_Table_Limit
UNDEFED    __TI_INITARRAY_Base
UNDEFED    __TI_INITARRAY_Limit
800161f0   __TI_STACK_END
00000800   __TI_STACK_SIZE
80017130   __TI_STATIC_BASE
00000800   __TI_SYSMEM_SIZE
UNDEFED    __TI_TLS_INIT_Base
UNDEFED    __TI_TLS_INIT_Limit
00000001   __TI_args_main
8000d6e0   __TI_cpp_init
8000dea0   __TI_decompress_none
8000dec0   __TI_decompress_rle24
80016d10   __TI_enable_exit_profile_output
ffffffff   __TI_pprof_out_hndl
ffffffff   __TI_prof_data_size
ffffffff   __TI_prof_data_start
8000ca80   __TI_tls_init
8000c100   __TI_zero_init
ffffffff   __binit__
80005b40   __c6xabi_divd
80008ba0   __c6xabi_divf
8000be60   __c6xabi_divi
8000c600   __c6xabi_divu
8000a580   __c6xabi_divul
800090a0   __c6xabi_divull
80009fe0   __c6xabi_errno_addr
8000d360   __c6xabi_fixdu
8000d3e0   __c6xabi_fixfu
8000db60   __c6xabi_frcmpyd_div
8000dba0   __c6xabi_isinf
8000d460   __c6xabi_llshl
8000dc20   __c6xabi_llshru
8000dda0   __c6xabi_negll
8000c6c0   __c6xabi_remi
ffffffff   __c_args__
8000be60   __divi
8000c600   __divu
80016d2c   __errno
8000c6c0   __remi
8000dc60   _args_main
8000b8a0   _auto_init_elf
8000b0e0   _buff_read
80000ff8   _c674x_mask_int10_isr
800011c0   _c674x_mask_int11_isr
80001384   _c674x_mask_int12_isr
80001548   _c674x_mask_int13_isr
80001710   _c674x_mask_int14_isr
800018d8   _c674x_mask_int15_isr
80000550   _c674x_mask_int4_isr
80000718   _c674x_mask_int5_isr
800008e0   _c674x_mask_int6_isr
80000aa4   _c674x_mask_int7_isr
80000c68   _c674x_mask_int8_isr
80000e30   _c674x_mask_int9_isr
80000000   _c674x_nmi_isr
800001c4   _c674x_rsvd_int2_isr
80000388   _c674x_rsvd_int3_isr
8000d4e0   _c_int00
8000cbe0   _cleanup
80016d08   _cleanup_ptr
8000b200   _closefile
80016d38   _ctypes_
8000c840   _doflush
80016d0c   _dtors_ptr
80016d28   _ft_end
800169f0   _ftable
8000a000   _intcVectorTable
80016d20   _lock
8000cdc0   _minit
8000ddc0   _nop
80006ac0   _printfi
8000c900   _rd_ok
800159f0   _stack
8000d740   _subcull
800161f0   _sys_memory
80015888   _tmpnams
80016d24   _unlock
8000b9a0   _wrt_ok
8000de80   abort
8000bf40   atoi
80002288   bi_side_search
80002414   bi_side_search_float
80002e8c   bi_side_search_jump
8000258c   bi_side_search_withMinValue
ffffffff   binit
80012eb8   buffer_float_data
8000f360   buffer_int_data
80010728   buffer_tmp
80002d84   clear_array
8000c020   close
800159c8   config
80003b88   config_pll0
80003dc4   config_pll1
80007098   config_reg
800071b4   config_upp
8000baa0   copy_in
80017134   data_second_come
8000dce0   delay
80017174   dma_over
8000dd20   dsp_delay
80016d2c   errno
8000c9c0   exit
8000d7a0   fclose
8000d800   fopen
80007c48   fpga_read_reg
80004120   fpga_upp_test
80007c70   fpga_write_reg
8000bba0   fprintf
800099c0   fputc
80007680   fputs
800083a0   fread
80008e20   free
8000b560   fseek
8000b680   ftell
80006600   fwrite
800049a8   init_9822
80002c90   interpol_trans
80002844   kalman
80016ce8   kalman_buffer
8001713c   kalman_buffer_cnt
80017144   kalman_loop_num
80016cf8   kalman_minus_buffer
80017148   kalman_p
8001714c   kalman_preData
80017140   kalman_ratio
800032a4   kalman_realtime
80017150   kalman_result
80017160   leftpoint
800029e4   location
80002a70   location_float
80017138   loop_num
8000cfa0   lseek
8000c1e0   ltoa
800043b0   main
8000aa20   malloc
80003414   max
8000d860   memccpy
8000d040   memcpy
8000c2c0   memset
80017158   mylocation
8000aba0   open
800026f0   point_nclear
80002dcc   point_nclear_jump
80002794   point_nclear_return_minValue
8001715e   point_notclear
80004348   print_reg
8000c3a0   printf
8000336c   range
80017130   ratio
8000d220   read
8000dee0   read_reg
8000dd60   read_sda
8000d5e0   readmsg
8000df60   recv_adc_buffer
80001ccc   region_gauss_filter
80001e34   region_gauss_filter_float
8000d660   remove
80017162   rightpoint
800041a0   savetofile
8000d8c0   set_en
8000df00   set_scl_H
8000df20   set_scl_L
8000d920   set_sda
8000d980   set_sdadir
80009de0   setvbuf
8000f328   show_str
8000d9e0   sprintf
80002d60   step_location
8000d5b8   str2com
80017164   test1
80017168   test2
8001716c   test3
80004920   test_AD9822_reg
80007c90   test_fpga_reg
800071d0   uPP_Isr
8000d660   unlink
80007258   upp_receive_fifo
80017170   upp_serialNum
8000d2c0   write
8000daa0   write_mask_reg
8000df40   write_reg
8000db00   writemsg
80001f50   zhixin
800020e8   zhixin_downward


GLOBAL SYMBOLS: SORTED BY Symbol Address 

address    name
--------   ----
00000001   __TI_args_main
00000800   __TI_STACK_SIZE
00000800   __TI_SYSMEM_SIZE
80000000   _c674x_nmi_isr
800001c4   _c674x_rsvd_int2_isr
80000388   _c674x_rsvd_int3_isr
80000550   _c674x_mask_int4_isr
80000718   _c674x_mask_int5_isr
800008e0   _c674x_mask_int6_isr
80000aa4   _c674x_mask_int7_isr
80000c68   _c674x_mask_int8_isr
80000e30   _c674x_mask_int9_isr
80000ff8   _c674x_mask_int10_isr
800011c0   _c674x_mask_int11_isr
80001384   _c674x_mask_int12_isr
80001548   _c674x_mask_int13_isr
80001710   _c674x_mask_int14_isr
800018d8   _c674x_mask_int15_isr
80001aa0   Data_Average
80001b18   Data_Average_Int
80001ba4   Sum_To_Float
80001c24   Sum_To_Float_4times
80001ccc   region_gauss_filter
80001e34   region_gauss_filter_float
80001f50   zhixin
800020e8   zhixin_downward
80002288   bi_side_search
80002414   bi_side_search_float
8000258c   bi_side_search_withMinValue
800026f0   point_nclear
80002794   point_nclear_return_minValue
80002844   kalman
800029e4   location
80002a70   location_float
80002af0   Trans_To_File
80002bc0   Trans_To_File_float
80002c90   interpol_trans
80002d60   step_location
80002d84   clear_array
80002dcc   point_nclear_jump
80002e8c   bi_side_search_jump
80003040   Array_Average
80003170   Sum_To_Int
80003224   Set_Zeros
800032a4   kalman_realtime
8000336c   range
80003414   max
80003520   EVMOMAPL138_init
8000354c   EVMOMAPL138_initRAM
800036e4   EVMOMAPL138_enableDsp
80003710   EVMOMAPL138_pinmuxConfig
800037b0   EVMOMAPL138_lpscTransition
80003b88   config_pll0
80003dc4   config_pll1
80003fa8   UTIL_printMem
80004114   UTIL_isUIBoardAttached
80004120   fpga_upp_test
800041a0   savetofile
800042b0   Loadfromfile
80004348   print_reg
800043b0   main
80004920   test_AD9822_reg
800049a8   init_9822
80004aac   AD_writeRegister
80004cf8   AD_readRegister
80004f24   GPIO_AD_init
80004fa0   IntDSPINTCInit
80005010   IntRegister
80005034   IntUnRegister
8000505c   IntEventMap
800050e4   IntEventSet
80005118   IntEventClear
80005150   IntEventCombineInit
80005254   IntEventCombineAdd
800052a8   IntEventCombineRemove
800052f8   IntEventCombineRegister
80005320   IntEnable
80005350   IntDisable
80005384   IntReset
80005398   IntGlobalEnable
800053ac   IntGlobalDisable
800053c0   IntGlobalRestore
800053d8   ExcGlobalEnable
800053f8   ExcCombineAdd
80005440   ExcCombineRemove
80005b40   __c6xabi_divd
80006600   fwrite
80006ac0   _printfi
80006f20   UPP_init
80006ff8   UPP_stop
80007018   UPP_PINMUX
80007098   config_reg
800071b4   config_upp
800071d0   uPP_Isr
80007258   upp_receive_fifo
800072e0   UART_init
80007478   UART_txByte
800074c8   UART_txArray
80007530   UART_txString
80007570   UART_txUint8
800075c0   UART_txUint32
8000760c   UART_rxByte
80007680   fputs
80007a20   EMIF_init
80007ac8   DDRInit
80007c48   fpga_read_reg
80007c70   fpga_write_reg
80007c90   test_fpga_reg
800083a0   fread
80008ba0   __c6xabi_divf
80008e20   free
800090a0   __c6xabi_divull
800099c0   fputc
80009de0   setvbuf
80009fe0   __c6xabi_errno_addr
8000a000   _intcVectorTable
8000a580   __c6xabi_divul
8000a720   HOSTrename
8000aa20   malloc
8000aba0   open
8000afa0   PSCModuleControl
8000b0e0   _buff_read
8000b200   _closefile
8000b560   fseek
8000b680   ftell
8000b7a0   HOSTlseek
8000b8a0   _auto_init_elf
8000b9a0   _wrt_ok
8000baa0   copy_in
8000bba0   fprintf
8000bca0   HOSTopen
8000bd80   HOSTread
8000be60   __c6xabi_divi
8000be60   __divi
8000bf40   atoi
8000c020   close
8000c100   __TI_zero_init
8000c1e0   ltoa
8000c2c0   memset
8000c3a0   printf
8000c480   HOSTunlink
8000c540   HOSTwrite
8000c600   __c6xabi_divu
8000c600   __divu
8000c6c0   __c6xabi_remi
8000c6c0   __remi
8000c840   _doflush
8000c900   _rd_ok
8000c9c0   exit
8000ca80   __TI_tls_init
8000cb40   HOSTclose
8000cbe0   _cleanup
8000cdc0   _minit
8000cfa0   lseek
8000d040   memcpy
8000d220   read
8000d2c0   write
8000d360   __c6xabi_fixdu
8000d3e0   __c6xabi_fixfu
8000d460   __c6xabi_llshl
8000d4e0   _c_int00
8000d560   TEST_uart
8000d5b8   str2com
8000d5e0   readmsg
8000d660   remove
8000d660   unlink
8000d6e0   __TI_cpp_init
8000d740   _subcull
8000d7a0   fclose
8000d800   fopen
8000d860   memccpy
8000d8c0   set_en
8000d920   set_sda
8000d980   set_sdadir
8000d9e0   sprintf
8000daa0   write_mask_reg
8000db00   writemsg
8000db58   C$$IO$$
8000db60   __c6xabi_frcmpyd_div
8000dba0   __c6xabi_isinf
8000dc20   __c6xabi_llshru
8000dc60   _args_main
8000dce0   delay
8000dd20   dsp_delay
8000dd60   read_sda
8000dda0   __c6xabi_negll
8000ddc0   _nop
8000de80   C$$EXIT
8000de80   abort
8000dea0   __TI_decompress_none
8000dec0   __TI_decompress_rle24
8000dee0   read_reg
8000df00   set_scl_H
8000df20   set_scl_L
8000df40   write_reg
8000df60   recv_adc_buffer
8000f328   show_str
8000f360   buffer_int_data
80010728   buffer_tmp
80012eb8   buffer_float_data
80015888   _tmpnams
800159c8   config
800159f0   _stack
800161f0   __TI_STACK_END
800161f0   _sys_memory
800169f0   _ftable
80016ce8   kalman_buffer
80016cf8   kalman_minus_buffer
80016d08   _cleanup_ptr
80016d0c   _dtors_ptr
80016d10   __TI_enable_exit_profile_output
80016d20   _lock
80016d24   _unlock
80016d28   _ft_end
80016d2c   __errno
80016d2c   errno
80016d38   _ctypes_
80017010   __CIOBUF_
80017130   __TI_STATIC_BASE
80017130   ratio
80017134   data_second_come
80017138   loop_num
8001713c   kalman_buffer_cnt
80017140   kalman_ratio
80017144   kalman_loop_num
80017148   kalman_p
8001714c   kalman_preData
80017150   kalman_result
80017158   mylocation
8001715c   MinValue
8001715e   point_notclear
80017160   leftpoint
80017162   rightpoint
80017164   test1
80017168   test2
8001716c   test3
80017170   upp_serialNum
80017174   dma_over
8001720c   __TI_Handler_Table_Base
80017218   __TI_Handler_Table_Limit
80017228   __TI_CINIT_Base
80017248   __TI_CINIT_Limit
ffffffff   __TI_pprof_out_hndl
ffffffff   __TI_prof_data_size
ffffffff   __TI_prof_data_start
ffffffff   __binit__
ffffffff   __c_args__
ffffffff   binit
UNDEFED    __TI_INITARRAY_Base
UNDEFED    __TI_INITARRAY_Limit
UNDEFED    __TI_TLS_INIT_Base
UNDEFED    __TI_TLS_INIT_Limit

[252 symbols]
