<?xml version="1.0"?>
<link_info>
   <banner>TMS320C6x Linker PC v7.4.16</banner>
   <copyright>Copyright (c) 1996-2015 Texas Instruments Incorporated</copyright>
   <link_time>0x577f1954</link_time>
   <output_file>HZZD-ME138_Io_fpga.out</output_file>
   <entry_point>
      <name>_c_int00</name>
      <address>0x8000a440</address>
   </entry_point>
   <input_file_list>
      <input_file id="fl-2">
         <path>.\drivers\</path>
         <kind>object</kind>
         <file>cpsw.obj</file>
         <name>cpsw.obj</name>
      </input_file>
      <input_file id="fl-3">
         <path>.\drivers\</path>
         <kind>object</kind>
         <file>dcan.obj</file>
         <name>dcan.obj</name>
      </input_file>
      <input_file id="fl-4">
         <path>.\drivers\</path>
         <kind>object</kind>
         <file>dmtimer.obj</file>
         <name>dmtimer.obj</name>
      </input_file>
      <input_file id="fl-5">
         <path>.\drivers\</path>
         <kind>object</kind>
         <file>ecap.obj</file>
         <name>ecap.obj</name>
      </input_file>
      <input_file id="fl-6">
         <path>.\drivers\</path>
         <kind>object</kind>
         <file>edma.obj</file>
         <name>edma.obj</name>
      </input_file>
      <input_file id="fl-7">
         <path>.\drivers\</path>
         <kind>object</kind>
         <file>ehrpwm.obj</file>
         <name>ehrpwm.obj</name>
      </input_file>
      <input_file id="fl-8">
         <path>.\drivers\</path>
         <kind>object</kind>
         <file>elm.obj</file>
         <name>elm.obj</name>
      </input_file>
      <input_file id="fl-9">
         <path>.\drivers\</path>
         <kind>object</kind>
         <file>emac.obj</file>
         <name>emac.obj</name>
      </input_file>
      <input_file id="fl-a">
         <path>.\drivers\</path>
         <kind>object</kind>
         <file>emifa.obj</file>
         <name>emifa.obj</name>
      </input_file>
      <input_file id="fl-b">
         <path>.\drivers\</path>
         <kind>object</kind>
         <file>evmomapl138_nand.obj</file>
         <name>evmomapl138_nand.obj</name>
      </input_file>
      <input_file id="fl-c">
         <path>.\drivers\</path>
         <kind>object</kind>
         <file>evmomapl138_uart.obj</file>
         <name>evmomapl138_uart.obj</name>
      </input_file>
      <input_file id="fl-d">
         <path>.\drivers\</path>
         <kind>object</kind>
         <file>gpio_v2.obj</file>
         <name>gpio_v2.obj</name>
      </input_file>
      <input_file id="fl-e">
         <path>.\drivers\</path>
         <kind>object</kind>
         <file>gpmc.obj</file>
         <name>gpmc.obj</name>
      </input_file>
      <input_file id="fl-f">
         <path>.\drivers\</path>
         <kind>object</kind>
         <file>hsi2c.obj</file>
         <name>hsi2c.obj</name>
      </input_file>
      <input_file id="fl-10">
         <path>.\drivers\</path>
         <kind>object</kind>
         <file>lan8710a.obj</file>
         <name>lan8710a.obj</name>
      </input_file>
      <input_file id="fl-11">
         <path>.\drivers\</path>
         <kind>object</kind>
         <file>lidd.obj</file>
         <name>lidd.obj</name>
      </input_file>
      <input_file id="fl-12">
         <path>.\drivers\</path>
         <kind>object</kind>
         <file>mcasp.obj</file>
         <name>mcasp.obj</name>
      </input_file>
      <input_file id="fl-13">
         <path>.\drivers\</path>
         <kind>object</kind>
         <file>mcspi.obj</file>
         <name>mcspi.obj</name>
      </input_file>
      <input_file id="fl-14">
         <path>.\drivers\</path>
         <kind>object</kind>
         <file>mdio.obj</file>
         <name>mdio.obj</name>
      </input_file>
      <input_file id="fl-15">
         <path>.\drivers\</path>
         <kind>object</kind>
         <file>phy.obj</file>
         <name>phy.obj</name>
      </input_file>
      <input_file id="fl-16">
         <path>.\drivers\</path>
         <kind>object</kind>
         <file>psc.obj</file>
         <name>psc.obj</name>
      </input_file>
      <input_file id="fl-17">
         <path>.\drivers\</path>
         <kind>object</kind>
         <file>raster.obj</file>
         <name>raster.obj</name>
      </input_file>
      <input_file id="fl-18">
         <path>.\drivers\</path>
         <kind>object</kind>
         <file>rtc.obj</file>
         <name>rtc.obj</name>
      </input_file>
      <input_file id="fl-19">
         <path>.\drivers\</path>
         <kind>object</kind>
         <file>spi.obj</file>
         <name>spi.obj</name>
      </input_file>
      <input_file id="fl-1a">
         <path>.\drivers\</path>
         <kind>object</kind>
         <file>timer.obj</file>
         <name>timer.obj</name>
      </input_file>
      <input_file id="fl-1b">
         <path>.\drivers\</path>
         <kind>object</kind>
         <file>tsc_adc.obj</file>
         <name>tsc_adc.obj</name>
      </input_file>
      <input_file id="fl-1c">
         <path>.\drivers\</path>
         <kind>object</kind>
         <file>uart.obj</file>
         <name>uart.obj</name>
      </input_file>
      <input_file id="fl-1d">
         <path>.\drivers\</path>
         <kind>object</kind>
         <file>vpif.obj</file>
         <name>vpif.obj</name>
      </input_file>
      <input_file id="fl-1e">
         <path>.\drivers\</path>
         <kind>object</kind>
         <file>watchdog.obj</file>
         <name>watchdog.obj</name>
      </input_file>
      <input_file id="fl-1f">
         <path>.\inc\</path>
         <kind>object</kind>
         <file>evmomapl138.obj</file>
         <name>evmomapl138.obj</name>
      </input_file>
      <input_file id="fl-20">
         <path>.\inc\</path>
         <kind>object</kind>
         <file>evmomapl138_uPP.obj</file>
         <name>evmomapl138_uPP.obj</name>
      </input_file>
      <input_file id="fl-21">
         <path>.\src\</path>
         <kind>object</kind>
         <file>Io_fpga.obj</file>
         <name>Io_fpga.obj</name>
      </input_file>
      <input_file id="fl-22">
         <path>.\src\</path>
         <kind>object</kind>
         <file>Nand_Flash.obj</file>
         <name>Nand_Flash.obj</name>
      </input_file>
      <input_file id="fl-23">
         <path>.\src\</path>
         <kind>object</kind>
         <file>ad9822.obj</file>
         <name>ad9822.obj</name>
      </input_file>
      <input_file id="fl-24">
         <path>.\src\</path>
         <kind>object</kind>
         <file>dsp_Uart.obj</file>
         <name>dsp_Uart.obj</name>
      </input_file>
      <input_file id="fl-25">
         <path>.\src\</path>
         <kind>object</kind>
         <file>fpga_config.obj</file>
         <name>fpga_config.obj</name>
      </input_file>
      <input_file id="fl-26">
         <path>.\src\</path>
         <kind>object</kind>
         <file>fpga_upp.obj</file>
         <name>fpga_upp.obj</name>
      </input_file>
      <input_file id="fl-27">
         <path>.\src\</path>
         <kind>object</kind>
         <file>main.obj</file>
         <name>main.obj</name>
      </input_file>
      <input_file id="fl-28">
         <path>.\system_config\c674x\</path>
         <kind>object</kind>
         <file>cache.obj</file>
         <name>cache.obj</name>
      </input_file>
      <input_file id="fl-29">
         <path>.\system_config\c674x\</path>
         <kind>object</kind>
         <file>interrupt.obj</file>
         <name>interrupt.obj</name>
      </input_file>
      <input_file id="fl-2a">
         <path>.\system_config\c674x\</path>
         <kind>object</kind>
         <file>intvecs.obj</file>
         <name>intvecs.obj</name>
      </input_file>
      <input_file id="fl-a5">
         <path>C:\ti\ccsv6\tools\compiler\c6000_7.4.16\lib\</path>
         <kind>archive</kind>
         <file>rts6740_elf.lib</file>
         <name>boot.obj</name>
      </input_file>
      <input_file id="fl-a6">
         <path>C:\ti\ccsv6\tools\compiler\c6000_7.4.16\lib\</path>
         <kind>archive</kind>
         <file>rts6740_elf.lib</file>
         <name>copy_decompress_none.obj</name>
      </input_file>
      <input_file id="fl-a7">
         <path>C:\ti\ccsv6\tools\compiler\c6000_7.4.16\lib\</path>
         <kind>archive</kind>
         <file>rts6740_elf.lib</file>
         <name>copy_decompress_rle.obj</name>
      </input_file>
      <input_file id="fl-a8">
         <path>C:\ti\ccsv6\tools\compiler\c6000_7.4.16\lib\</path>
         <kind>archive</kind>
         <file>rts6740_elf.lib</file>
         <name>copy_zero_init.obj</name>
      </input_file>
      <input_file id="fl-a9">
         <path>C:\ti\ccsv6\tools\compiler\c6000_7.4.16\lib\</path>
         <kind>archive</kind>
         <file>rts6740_elf.lib</file>
         <name>divu.obj</name>
      </input_file>
      <input_file id="fl-aa">
         <path>C:\ti\ccsv6\tools\compiler\c6000_7.4.16\lib\</path>
         <kind>archive</kind>
         <file>rts6740_elf.lib</file>
         <name>exit.obj</name>
      </input_file>
      <input_file id="fl-ab">
         <path>C:\ti\ccsv6\tools\compiler\c6000_7.4.16\lib\</path>
         <kind>archive</kind>
         <file>rts6740_elf.lib</file>
         <name>fclose.obj</name>
      </input_file>
      <input_file id="fl-ac">
         <path>C:\ti\ccsv6\tools\compiler\c6000_7.4.16\lib\</path>
         <kind>archive</kind>
         <file>rts6740_elf.lib</file>
         <name>fflush.obj</name>
      </input_file>
      <input_file id="fl-ad">
         <path>C:\ti\ccsv6\tools\compiler\c6000_7.4.16\lib\</path>
         <kind>archive</kind>
         <file>rts6740_elf.lib</file>
         <name>fopen.obj</name>
      </input_file>
      <input_file id="fl-ae">
         <path>C:\ti\ccsv6\tools\compiler\c6000_7.4.16\lib\</path>
         <kind>archive</kind>
         <file>rts6740_elf.lib</file>
         <name>fwrite.obj</name>
      </input_file>
      <input_file id="fl-af">
         <path>C:\ti\ccsv6\tools\compiler\c6000_7.4.16\lib\</path>
         <kind>archive</kind>
         <file>rts6740_elf.lib</file>
         <name>lowlev.obj</name>
      </input_file>
      <input_file id="fl-b0">
         <path>C:\ti\ccsv6\tools\compiler\c6000_7.4.16\lib\</path>
         <kind>archive</kind>
         <file>rts6740_elf.lib</file>
         <name>memcmp.obj</name>
      </input_file>
      <input_file id="fl-b1">
         <path>C:\ti\ccsv6\tools\compiler\c6000_7.4.16\lib\</path>
         <kind>archive</kind>
         <file>rts6740_elf.lib</file>
         <name>memcpy64.obj</name>
      </input_file>
      <input_file id="fl-b2">
         <path>C:\ti\ccsv6\tools\compiler\c6000_7.4.16\lib\</path>
         <kind>archive</kind>
         <file>rts6740_elf.lib</file>
         <name>memory.obj</name>
      </input_file>
      <input_file id="fl-b3">
         <path>C:\ti\ccsv6\tools\compiler\c6000_7.4.16\lib\</path>
         <kind>archive</kind>
         <file>rts6740_elf.lib</file>
         <name>memset.obj</name>
      </input_file>
      <input_file id="fl-b4">
         <path>C:\ti\ccsv6\tools\compiler\c6000_7.4.16\lib\</path>
         <kind>archive</kind>
         <file>rts6740_elf.lib</file>
         <name>printf.obj</name>
      </input_file>
      <input_file id="fl-b5">
         <path>C:\ti\ccsv6\tools\compiler\c6000_7.4.16\lib\</path>
         <kind>archive</kind>
         <file>rts6740_elf.lib</file>
         <name>remi.obj</name>
      </input_file>
      <input_file id="fl-b6">
         <path>C:\ti\ccsv6\tools\compiler\c6000_7.4.16\lib\</path>
         <kind>archive</kind>
         <file>rts6740_elf.lib</file>
         <name>remove.obj</name>
      </input_file>
      <input_file id="fl-b7">
         <path>C:\ti\ccsv6\tools\compiler\c6000_7.4.16\lib\</path>
         <kind>archive</kind>
         <file>rts6740_elf.lib</file>
         <name>sprintf.obj</name>
      </input_file>
      <input_file id="fl-b8">
         <path>C:\ti\ccsv6\tools\compiler\c6000_7.4.16\lib\</path>
         <kind>archive</kind>
         <file>rts6740_elf.lib</file>
         <name>trgdrv.obj</name>
      </input_file>
      <input_file id="fl-b9">
         <path>C:\ti\ccsv6\tools\compiler\c6000_7.4.16\lib\</path>
         <kind>archive</kind>
         <file>rts6740_elf.lib</file>
         <name>trgmsg.obj</name>
      </input_file>
      <input_file id="fl-ba">
         <path>C:\ti\ccsv6\tools\compiler\c6000_7.4.16\lib\</path>
         <kind>archive</kind>
         <file>rts6740_elf.lib</file>
         <name>_io_perm.obj</name>
      </input_file>
      <input_file id="fl-bb">
         <path>C:\ti\ccsv6\tools\compiler\c6000_7.4.16\lib\</path>
         <kind>archive</kind>
         <file>rts6740_elf.lib</file>
         <name>_lock.obj</name>
      </input_file>
      <input_file id="fl-bc">
         <path>C:\ti\ccsv6\tools\compiler\c6000_7.4.16\lib\</path>
         <kind>archive</kind>
         <file>rts6740_elf.lib</file>
         <name>_printfi.obj</name>
      </input_file>
      <input_file id="fl-bd">
         <path>C:\ti\ccsv6\tools\compiler\c6000_7.4.16\lib\</path>
         <kind>archive</kind>
         <file>rts6740_elf.lib</file>
         <name>args_main.obj</name>
      </input_file>
      <input_file id="fl-be">
         <path>C:\ti\ccsv6\tools\compiler\c6000_7.4.16\lib\</path>
         <kind>archive</kind>
         <file>rts6740_elf.lib</file>
         <name>atoi.obj</name>
      </input_file>
      <input_file id="fl-bf">
         <path>C:\ti\ccsv6\tools\compiler\c6000_7.4.16\lib\</path>
         <kind>archive</kind>
         <file>rts6740_elf.lib</file>
         <name>autoinit.obj</name>
      </input_file>
      <input_file id="fl-c0">
         <path>C:\ti\ccsv6\tools\compiler\c6000_7.4.16\lib\</path>
         <kind>archive</kind>
         <file>rts6740_elf.lib</file>
         <name>cpp_init.obj</name>
      </input_file>
      <input_file id="fl-c1">
         <path>C:\ti\ccsv6\tools\compiler\c6000_7.4.16\lib\</path>
         <kind>archive</kind>
         <file>rts6740_elf.lib</file>
         <name>cpy_tbl.obj</name>
      </input_file>
      <input_file id="fl-c2">
         <path>C:\ti\ccsv6\tools\compiler\c6000_7.4.16\lib\</path>
         <kind>archive</kind>
         <file>rts6740_elf.lib</file>
         <name>ctype.obj</name>
      </input_file>
      <input_file id="fl-c3">
         <path>C:\ti\ccsv6\tools\compiler\c6000_7.4.16\lib\</path>
         <kind>archive</kind>
         <file>rts6740_elf.lib</file>
         <name>defs.obj</name>
      </input_file>
      <input_file id="fl-c4">
         <path>C:\ti\ccsv6\tools\compiler\c6000_7.4.16\lib\</path>
         <kind>archive</kind>
         <file>rts6740_elf.lib</file>
         <name>divd.obj</name>
      </input_file>
      <input_file id="fl-c5">
         <path>C:\ti\ccsv6\tools\compiler\c6000_7.4.16\lib\</path>
         <kind>archive</kind>
         <file>rts6740_elf.lib</file>
         <name>fputc.obj</name>
      </input_file>
      <input_file id="fl-c6">
         <path>C:\ti\ccsv6\tools\compiler\c6000_7.4.16\lib\</path>
         <kind>archive</kind>
         <file>rts6740_elf.lib</file>
         <name>fputs.obj</name>
      </input_file>
      <input_file id="fl-c7">
         <path>C:\ti\ccsv6\tools\compiler\c6000_7.4.16\lib\</path>
         <kind>archive</kind>
         <file>rts6740_elf.lib</file>
         <name>frcmpyd_div.obj</name>
      </input_file>
      <input_file id="fl-c8">
         <path>C:\ti\ccsv6\tools\compiler\c6000_7.4.16\lib\</path>
         <kind>archive</kind>
         <file>rts6740_elf.lib</file>
         <name>fseek.obj</name>
      </input_file>
      <input_file id="fl-c9">
         <path>C:\ti\ccsv6\tools\compiler\c6000_7.4.16\lib\</path>
         <kind>archive</kind>
         <file>rts6740_elf.lib</file>
         <name>imath40.obj</name>
      </input_file>
      <input_file id="fl-ca">
         <path>C:\ti\ccsv6\tools\compiler\c6000_7.4.16\lib\</path>
         <kind>archive</kind>
         <file>rts6740_elf.lib</file>
         <name>imath64.obj</name>
      </input_file>
      <input_file id="fl-cb">
         <path>C:\ti\ccsv6\tools\compiler\c6000_7.4.16\lib\</path>
         <kind>archive</kind>
         <file>rts6740_elf.lib</file>
         <name>isinf.obj</name>
      </input_file>
      <input_file id="fl-cc">
         <path>C:\ti\ccsv6\tools\compiler\c6000_7.4.16\lib\</path>
         <kind>archive</kind>
         <file>rts6740_elf.lib</file>
         <name>llshift.obj</name>
      </input_file>
      <input_file id="fl-cd">
         <path>C:\ti\ccsv6\tools\compiler\c6000_7.4.16\lib\</path>
         <kind>archive</kind>
         <file>rts6740_elf.lib</file>
         <name>ltoa.obj</name>
      </input_file>
      <input_file id="fl-ce">
         <path>C:\ti\ccsv6\tools\compiler\c6000_7.4.16\lib\</path>
         <kind>archive</kind>
         <file>rts6740_elf.lib</file>
         <name>memccpy.obj</name>
      </input_file>
      <input_file id="fl-cf">
         <path>C:\ti\ccsv6\tools\compiler\c6000_7.4.16\lib\</path>
         <kind>archive</kind>
         <file>rts6740_elf.lib</file>
         <name>negll.obj</name>
      </input_file>
      <input_file id="fl-d0">
         <path>C:\ti\ccsv6\tools\compiler\c6000_7.4.16\lib\</path>
         <kind>archive</kind>
         <file>rts6740_elf.lib</file>
         <name>setvbuf.obj</name>
      </input_file>
      <input_file id="fl-d1">
         <path>C:\ti\ccsv6\tools\compiler\c6000_7.4.16\lib\</path>
         <kind>archive</kind>
         <file>rts6740_elf.lib</file>
         <name>tls.obj</name>
      </input_file>
      <input_file id="fl-d2">
         <path>C:\ti\ccsv6\tools\compiler\c6000_7.4.16\lib\</path>
         <kind>archive</kind>
         <file>rts6740_elf.lib</file>
         <name>tls_get_tp.obj</name>
      </input_file>
      <input_file id="fl-d3">
         <path>C:\ti\ccsv6\tools\compiler\c6000_7.4.16\lib\</path>
         <kind>archive</kind>
         <file>rts6740_elf.lib</file>
         <name>abs.obj</name>
      </input_file>
   </input_file_list>
   <object_component_list>
      <object_component id="oc-30">
         <name>.text:retain</name>
         <load_address>0x80000000</load_address>
         <run_address>0x80000000</run_address>
         <size>0x1aa0</size>
         <input_file_ref idref="fl-29"/>
      </object_component>
      <object_component id="oc-dd">
         <name>.text</name>
         <load_address>0x80001aa0</load_address>
         <run_address>0x80001aa0</run_address>
         <size>0xae0</size>
         <input_file_ref idref="fl-1f"/>
      </object_component>
      <object_component id="oc-e3">
         <name>.text</name>
         <load_address>0x80002580</load_address>
         <run_address>0x80002580</run_address>
         <size>0x680</size>
         <input_file_ref idref="fl-23"/>
      </object_component>
      <object_component id="oc-13e">
         <name>.text</name>
         <load_address>0x80002c00</load_address>
         <run_address>0x80002c00</run_address>
         <size>0x5e0</size>
         <input_file_ref idref="fl-29"/>
      </object_component>
      <object_component id="oc-351">
         <name>.text:_getarg_diouxp</name>
         <load_address>0x800031e0</load_address>
         <run_address>0x800031e0</run_address>
         <size>0x5c0</size>
         <input_file_ref idref="fl-bc"/>
      </object_component>
      <object_component id="oc-3c3">
         <name>.text:__c6xabi_divd</name>
         <load_address>0x800037a0</load_address>
         <run_address>0x800037a0</run_address>
         <size>0x5a0</size>
         <input_file_ref idref="fl-c4"/>
      </object_component>
      <object_component id="oc-243">
         <name>.text:_setfield</name>
         <load_address>0x80003d40</load_address>
         <run_address>0x80003d40</run_address>
         <size>0x520</size>
         <input_file_ref idref="fl-bc"/>
      </object_component>
      <object_component id="oc-129">
         <name>.text:fwrite</name>
         <load_address>0x80004260</load_address>
         <run_address>0x80004260</run_address>
         <size>0x4c0</size>
         <input_file_ref idref="fl-ae"/>
      </object_component>
      <object_component id="oc-172">
         <name>.text:_printfi</name>
         <load_address>0x80004720</load_address>
         <run_address>0x80004720</run_address>
         <size>0x460</size>
         <input_file_ref idref="fl-bc"/>
      </object_component>
      <object_component id="oc-22d">
         <name>.text:fputs</name>
         <load_address>0x80004b80</load_address>
         <run_address>0x80004b80</run_address>
         <size>0x3a0</size>
         <input_file_ref idref="fl-c6"/>
      </object_component>
      <object_component id="oc-c4">
         <name>.text</name>
         <load_address>0x80004f20</load_address>
         <run_address>0x80004f20</run_address>
         <size>0x380</size>
         <input_file_ref idref="fl-26"/>
      </object_component>
      <object_component id="oc-2c9">
         <name>.text:_pproc_fge</name>
         <load_address>0x800052a0</load_address>
         <run_address>0x800052a0</run_address>
         <size>0x320</size>
         <input_file_ref idref="fl-bc"/>
      </object_component>
      <object_component id="oc-23e">
         <name>.text:_pproc_fwp</name>
         <load_address>0x800055c0</load_address>
         <run_address>0x800055c0</run_address>
         <size>0x2e0</size>
         <input_file_ref idref="fl-bc"/>
      </object_component>
      <object_component id="oc-3a8">
         <name>.text:ecvt</name>
         <load_address>0x800058a0</load_address>
         <run_address>0x800058a0</run_address>
         <size>0x2a0</size>
         <input_file_ref idref="fl-bc"/>
      </object_component>
      <object_component id="oc-3b8">
         <name>.text:fcvt</name>
         <load_address>0x80005b40</load_address>
         <run_address>0x80005b40</run_address>
         <size>0x2a0</size>
         <input_file_ref idref="fl-bc"/>
      </object_component>
      <object_component id="oc-297">
         <name>.text:free</name>
         <load_address>0x80005de0</load_address>
         <run_address>0x80005de0</run_address>
         <size>0x280</size>
         <input_file_ref idref="fl-b2"/>
      </object_component>
      <object_component id="oc-415">
         <name>.text:__c6xabi_divull</name>
         <load_address>0x80006060</load_address>
         <run_address>0x80006060</run_address>
         <size>0x260</size>
         <input_file_ref idref="fl-ca"/>
      </object_component>
      <object_component id="oc-34b">
         <name>.text:_pconv_e</name>
         <load_address>0x800062c0</load_address>
         <run_address>0x800062c0</run_address>
         <size>0x260</size>
         <input_file_ref idref="fl-bc"/>
      </object_component>
      <object_component id="oc-2ce">
         <name>.text:_pproc_diouxp</name>
         <load_address>0x80006520</load_address>
         <run_address>0x80006520</run_address>
         <size>0x240</size>
         <input_file_ref idref="fl-bc"/>
      </object_component>
      <object_component id="oc-248">
         <name>.text:_pproc_str</name>
         <load_address>0x80006760</load_address>
         <run_address>0x80006760</run_address>
         <size>0x220</size>
         <input_file_ref idref="fl-bc"/>
      </object_component>
      <object_component id="oc-233">
         <name>.text:fputc</name>
         <load_address>0x80006980</load_address>
         <run_address>0x80006980</run_address>
         <size>0x220</size>
         <input_file_ref idref="fl-c5"/>
      </object_component>
      <object_component id="oc-ca">
         <name>.text</name>
         <load_address>0x80006ba0</load_address>
         <run_address>0x80006ba0</run_address>
         <size>0x200</size>
         <input_file_ref idref="fl-21"/>
      </object_component>
      <object_component id="oc-341">
         <name>.text:_pconv_g</name>
         <load_address>0x80006da0</load_address>
         <run_address>0x80006da0</run_address>
         <size>0x200</size>
         <input_file_ref idref="fl-bc"/>
      </object_component>
      <object_component id="oc-7e">
         <name>.text:__TI_cpp_init</name>
         <load_address>0x80006fa0</load_address>
         <run_address>0x80006fa0</run_address>
         <size>0x60</size>
         <input_file_ref idref="fl-c0"/>
      </object_component>
      <object_component id="oc-18">
         <name>.text</name>
         <load_address>0x80007000</load_address>
         <run_address>0x80007000</run_address>
         <size>0x200</size>
         <input_file_ref idref="fl-2a"/>
      </object_component>
      <object_component id="oc-84">
         <name>.text</name>
         <load_address>0x80007200</load_address>
         <run_address>0x80007200</run_address>
         <size>0x200</size>
         <input_file_ref idref="fl-27"/>
      </object_component>
      <object_component id="oc-282">
         <name>.text:setvbuf</name>
         <load_address>0x80007400</load_address>
         <run_address>0x80007400</run_address>
         <size>0x200</size>
         <input_file_ref idref="fl-d0"/>
      </object_component>
      <object_component id="oc-3b2">
         <name>.text:_mcpy</name>
         <load_address>0x80007600</load_address>
         <run_address>0x80007600</run_address>
         <size>0x1c0</size>
         <input_file_ref idref="fl-bc"/>
      </object_component>
      <object_component id="oc-1e3">
         <name>.text:_openfile</name>
         <load_address>0x800077c0</load_address>
         <run_address>0x800077c0</run_address>
         <size>0x1c0</size>
         <input_file_ref idref="fl-ad"/>
      </object_component>
      <object_component id="oc-410">
         <name>.text:__c6xabi_divul</name>
         <load_address>0x80007980</load_address>
         <run_address>0x80007980</run_address>
         <size>0x1a0</size>
         <input_file_ref idref="fl-c9"/>
      </object_component>
      <object_component id="oc-e9">
         <name>.text</name>
         <load_address>0x80007b20</load_address>
         <run_address>0x80007b20</run_address>
         <size>0x1a0</size>
         <input_file_ref idref="fl-25"/>
      </object_component>
      <object_component id="oc-396">
         <name>.text:HOSTrename</name>
         <load_address>0x80007cc0</load_address>
         <run_address>0x80007cc0</run_address>
         <size>0x180</size>
         <input_file_ref idref="fl-b8"/>
      </object_component>
      <object_component id="oc-5e">
         <name>.text:__TI_decompress_rle_core</name>
         <load_address>0x80007e40</load_address>
         <run_address>0x80007e40</run_address>
         <size>0x180</size>
         <input_file_ref idref="fl-a7"/>
      </object_component>
      <object_component id="oc-138">
         <name>.text</name>
         <load_address>0x80007fc0</load_address>
         <run_address>0x80007fc0</run_address>
         <size>0x180</size>
         <input_file_ref idref="fl-20"/>
      </object_component>
      <object_component id="oc-2f9">
         <name>.text:malloc</name>
         <load_address>0x80008140</load_address>
         <run_address>0x80008140</run_address>
         <size>0x180</size>
         <input_file_ref idref="fl-b2"/>
      </object_component>
      <object_component id="oc-270">
         <name>.text:open</name>
         <load_address>0x800082c0</load_address>
         <run_address>0x800082c0</run_address>
         <size>0x180</size>
         <input_file_ref idref="fl-af"/>
      </object_component>
      <object_component id="oc-239">
         <name>.text:_pproc_fflags</name>
         <load_address>0x80008440</load_address>
         <run_address>0x80008440</run_address>
         <size>0x140</size>
         <input_file_ref idref="fl-bc"/>
      </object_component>
      <object_component id="oc-2ec">
         <name>.text:getdevice</name>
         <load_address>0x80008580</load_address>
         <run_address>0x80008580</run_address>
         <size>0x140</size>
         <input_file_ref idref="fl-af"/>
      </object_component>
      <object_component id="oc-211">
         <name>.text:_closefile</name>
         <load_address>0x800086c0</load_address>
         <run_address>0x800086c0</run_address>
         <size>0x120</size>
         <input_file_ref idref="fl-ab"/>
      </object_component>
      <object_component id="oc-35b">
         <name>.text:_ltostr</name>
         <load_address>0x800087e0</load_address>
         <run_address>0x800087e0</run_address>
         <size>0x120</size>
         <input_file_ref idref="fl-bc"/>
      </object_component>
      <object_component id="oc-1de">
         <name>.text:_search_fp</name>
         <load_address>0x80008900</load_address>
         <run_address>0x80008900</run_address>
         <size>0x120</size>
         <input_file_ref idref="fl-ad"/>
      </object_component>
      <object_component id="oc-27d">
         <name>.text:fseek</name>
         <load_address>0x80008a20</load_address>
         <run_address>0x80008a20</run_address>
         <size>0x120</size>
         <input_file_ref idref="fl-c8"/>
      </object_component>
      <object_component id="oc-38c">
         <name>.text:HOSTlseek</name>
         <load_address>0x80008b40</load_address>
         <run_address>0x80008b40</run_address>
         <size>0x100</size>
         <input_file_ref idref="fl-b8"/>
      </object_component>
      <object_component id="oc-3c">
         <name>.text:_auto_init_elf</name>
         <load_address>0x80008c40</load_address>
         <run_address>0x80008c40</run_address>
         <size>0x100</size>
         <input_file_ref idref="fl-bf"/>
      </object_component>
      <object_component id="oc-1ea">
         <name>.text:_wrt_ok</name>
         <load_address>0x80008d40</load_address>
         <run_address>0x80008d40</run_address>
         <size>0x100</size>
         <input_file_ref idref="fl-ba"/>
      </object_component>
      <object_component id="oc-74">
         <name>.text:copy_in</name>
         <load_address>0x80008e40</load_address>
         <run_address>0x80008e40</run_address>
         <size>0x100</size>
         <input_file_ref idref="fl-c1"/>
      </object_component>
      <object_component id="oc-378">
         <name>.text:HOSTopen</name>
         <load_address>0x80008f40</load_address>
         <run_address>0x80008f40</run_address>
         <size>0xe0</size>
         <input_file_ref idref="fl-b8"/>
      </object_component>
      <object_component id="oc-382">
         <name>.text:HOSTread</name>
         <load_address>0x80009020</load_address>
         <run_address>0x80009020</run_address>
         <size>0xe0</size>
         <input_file_ref idref="fl-b8"/>
      </object_component>
      <object_component id="oc-2c3">
         <name>.text:atoi</name>
         <load_address>0x80009100</load_address>
         <run_address>0x80009100</run_address>
         <size>0xe0</size>
         <input_file_ref idref="fl-be"/>
      </object_component>
      <object_component id="oc-29c">
         <name>.text:close</name>
         <load_address>0x800091e0</load_address>
         <run_address>0x800091e0</run_address>
         <size>0xe0</size>
         <input_file_ref idref="fl-af"/>
      </object_component>
      <object_component id="oc-26">
         <name>.text:decompress:ZI:__TI_zero_init</name>
         <load_address>0x800092c0</load_address>
         <run_address>0x800092c0</run_address>
         <size>0xe0</size>
         <input_file_ref idref="fl-a8"/>
      </object_component>
      <object_component id="oc-3f6">
         <name>.text:ltoa</name>
         <load_address>0x800093a0</load_address>
         <run_address>0x800093a0</run_address>
         <size>0xe0</size>
         <input_file_ref idref="fl-cd"/>
      </object_component>
      <object_component id="oc-265">
         <name>.text:memset</name>
         <load_address>0x80009480</load_address>
         <run_address>0x80009480</run_address>
         <size>0xe0</size>
         <input_file_ref idref="fl-b3"/>
      </object_component>
      <object_component id="oc-d8">
         <name>.text:printf</name>
         <load_address>0x80009560</load_address>
         <run_address>0x80009560</run_address>
         <size>0xe0</size>
         <input_file_ref idref="fl-b4"/>
      </object_component>
      <object_component id="oc-391">
         <name>.text:HOSTunlink</name>
         <load_address>0x80009640</load_address>
         <run_address>0x80009640</run_address>
         <size>0xc0</size>
         <input_file_ref idref="fl-b8"/>
      </object_component>
      <object_component id="oc-387">
         <name>.text:HOSTwrite</name>
         <load_address>0x80009700</load_address>
         <run_address>0x80009700</run_address>
         <size>0xc0</size>
         <input_file_ref idref="fl-b8"/>
      </object_component>
      <object_component id="oc-1f4">
         <name>.text:__divu</name>
         <load_address>0x800097c0</load_address>
         <run_address>0x800097c0</run_address>
         <size>0xc0</size>
         <input_file_ref idref="fl-a9"/>
      </object_component>
      <object_component id="oc-ef">
         <name>.text:__remi</name>
         <load_address>0x80009880</load_address>
         <run_address>0x80009880</run_address>
         <size>0xc0</size>
         <input_file_ref idref="fl-b5"/>
      </object_component>
      <object_component id="oc-3d5">
         <name>.text:_div</name>
         <load_address>0x80009940</load_address>
         <run_address>0x80009940</run_address>
         <size>0xc0</size>
         <input_file_ref idref="fl-bc"/>
      </object_component>
      <object_component id="oc-1ef">
         <name>.text:_doflush</name>
         <load_address>0x80009a00</load_address>
         <run_address>0x80009a00</run_address>
         <size>0xc0</size>
         <input_file_ref idref="fl-ac"/>
      </object_component>
      <object_component id="oc-46">
         <name>.text:exit</name>
         <load_address>0x80009ac0</load_address>
         <run_address>0x80009ac0</run_address>
         <size>0xc0</size>
         <input_file_ref idref="fl-aa"/>
      </object_component>
      <object_component id="oc-79">
         <name>.text:tls:init:__TI_tls_init</name>
         <load_address>0x80009b80</load_address>
         <run_address>0x80009b80</run_address>
         <size>0xc0</size>
         <input_file_ref idref="fl-d1"/>
      </object_component>
      <object_component id="oc-37d">
         <name>.text:HOSTclose</name>
         <load_address>0x80009c40</load_address>
         <run_address>0x80009c40</run_address>
         <size>0xa0</size>
         <input_file_ref idref="fl-b8"/>
      </object_component>
      <object_component id="oc-26b">
         <name>.text:_cleanup</name>
         <load_address>0x80009ce0</load_address>
         <run_address>0x80009ce0</run_address>
         <size>0xa0</size>
         <input_file_ref idref="fl-ad"/>
      </object_component>
      <object_component id="oc-3ad">
         <name>.text:_ecpy</name>
         <load_address>0x80009d80</load_address>
         <run_address>0x80009d80</run_address>
         <size>0xa0</size>
         <input_file_ref idref="fl-bc"/>
      </object_component>
      <object_component id="oc-3bd">
         <name>.text:_fcpy</name>
         <load_address>0x80009e20</load_address>
         <run_address>0x80009e20</run_address>
         <size>0xa0</size>
         <input_file_ref idref="fl-bc"/>
      </object_component>
      <object_component id="oc-370">
         <name>.text:_minit</name>
         <load_address>0x80009ec0</load_address>
         <run_address>0x80009ec0</run_address>
         <size>0xa0</size>
         <input_file_ref idref="fl-b2"/>
      </object_component>
      <object_component id="oc-346">
         <name>.text:_pconv_f</name>
         <load_address>0x80009f60</load_address>
         <run_address>0x80009f60</run_address>
         <size>0xa0</size>
         <input_file_ref idref="fl-bc"/>
      </object_component>
      <object_component id="oc-367">
         <name>.text:finddevice</name>
         <load_address>0x8000a000</load_address>
         <run_address>0x8000a000</run_address>
         <size>0xa0</size>
         <input_file_ref idref="fl-af"/>
      </object_component>
      <object_component id="oc-2f2">
         <name>.text:lseek</name>
         <load_address>0x8000a0a0</load_address>
         <run_address>0x8000a0a0</run_address>
         <size>0xa0</size>
         <input_file_ref idref="fl-af"/>
      </object_component>
      <object_component id="oc-4d">
         <name>.text:memcpy</name>
         <load_address>0x8000a140</load_address>
         <run_address>0x8000a140</run_address>
         <size>0xa0</size>
         <input_file_ref idref="fl-b1"/>
      </object_component>
      <object_component id="oc-31d">
         <name>.text:minsert</name>
         <load_address>0x8000a1e0</load_address>
         <run_address>0x8000a1e0</run_address>
         <size>0xa0</size>
         <input_file_ref idref="fl-b2"/>
      </object_component>
      <object_component id="oc-318">
         <name>.text:mremove</name>
         <load_address>0x8000a280</load_address>
         <run_address>0x8000a280</run_address>
         <size>0xa0</size>
         <input_file_ref idref="fl-b2"/>
      </object_component>
      <object_component id="oc-1f9">
         <name>.text:write</name>
         <load_address>0x8000a320</load_address>
         <run_address>0x8000a320</run_address>
         <size>0xa0</size>
         <input_file_ref idref="fl-af"/>
      </object_component>
      <object_component id="oc-434">
         <name>.text:__c6xabi_llshl</name>
         <load_address>0x8000a3c0</load_address>
         <run_address>0x8000a3c0</run_address>
         <size>0x80</size>
         <input_file_ref idref="fl-cc"/>
      </object_component>
      <object_component id="oc-17">
         <name>.text:_c_int00</name>
         <load_address>0x8000a440</load_address>
         <run_address>0x8000a440</run_address>
         <size>0x80</size>
         <input_file_ref idref="fl-a5"/>
      </object_component>
      <object_component id="oc-3e7">
         <name>.text:readmsg</name>
         <load_address>0x8000a4c0</load_address>
         <run_address>0x8000a4c0</run_address>
         <size>0x80</size>
         <input_file_ref idref="fl-b9"/>
      </object_component>
      <object_component id="oc-2a1">
         <name>.text:unlink</name>
         <load_address>0x8000a540</load_address>
         <run_address>0x8000a540</run_address>
         <size>0x80</size>
         <input_file_ref idref="fl-af"/>
      </object_component>
      <object_component id="oc-439">
         <name>.text:_subcull</name>
         <load_address>0x8000a5c0</load_address>
         <run_address>0x8000a5c0</run_address>
         <size>0x60</size>
         <input_file_ref idref="fl-ca"/>
      </object_component>
      <object_component id="oc-133">
         <name>.text:fclose</name>
         <load_address>0x8000a620</load_address>
         <run_address>0x8000a620</run_address>
         <size>0x60</size>
         <input_file_ref idref="fl-ab"/>
      </object_component>
      <object_component id="oc-124">
         <name>.text:fopen</name>
         <load_address>0x8000a680</load_address>
         <run_address>0x8000a680</run_address>
         <size>0x60</size>
         <input_file_ref idref="fl-ad"/>
      </object_component>
      <object_component id="oc-2d3">
         <name>.text:memccpy</name>
         <load_address>0x8000a6e0</load_address>
         <run_address>0x8000a6e0</run_address>
         <size>0x60</size>
         <input_file_ref idref="fl-ce"/>
      </object_component>
      <object_component id="oc-19b">
         <name>.text:set_en</name>
         <load_address>0x8000a740</load_address>
         <run_address>0x8000a740</run_address>
         <size>0x60</size>
         <input_file_ref idref="fl-23"/>
      </object_component>
      <object_component id="oc-1a3">
         <name>.text:set_sda</name>
         <load_address>0x8000a7a0</load_address>
         <run_address>0x8000a7a0</run_address>
         <size>0x60</size>
         <input_file_ref idref="fl-23"/>
      </object_component>
      <object_component id="oc-193">
         <name>.text:set_sdadir</name>
         <load_address>0x8000a800</load_address>
         <run_address>0x8000a800</run_address>
         <size>0x60</size>
         <input_file_ref idref="fl-23"/>
      </object_component>
      <object_component id="oc-12e">
         <name>.text:sprintf</name>
         <load_address>0x8000a860</load_address>
         <run_address>0x8000a860</run_address>
         <size>0x60</size>
         <input_file_ref idref="fl-b7"/>
      </object_component>
      <object_component id="oc-2e7">
         <name>.text:tabinit</name>
         <load_address>0x8000a8c0</load_address>
         <run_address>0x8000a8c0</run_address>
         <size>0x60</size>
         <input_file_ref idref="fl-af"/>
      </object_component>
      <object_component id="oc-1b3">
         <name>.text:write_mask_reg</name>
         <load_address>0x8000a920</load_address>
         <run_address>0x8000a920</run_address>
         <size>0x60</size>
         <input_file_ref idref="fl-23"/>
      </object_component>
      <object_component id="oc-3e2">
         <name>.text:writemsg</name>
         <load_address>0x8000a980</load_address>
         <run_address>0x8000a980</run_address>
         <size>0x60</size>
         <input_file_ref idref="fl-b9"/>
      </object_component>
      <object_component id="oc-405">
         <name>.text:__c6xabi_frcmpyd_div</name>
         <load_address>0x8000a9e0</load_address>
         <run_address>0x8000a9e0</run_address>
         <size>0x40</size>
         <input_file_ref idref="fl-c7"/>
      </object_component>
      <object_component id="oc-33c">
         <name>.text:__c6xabi_isinf</name>
         <load_address>0x8000aa20</load_address>
         <run_address>0x8000aa20</run_address>
         <size>0x40</size>
         <input_file_ref idref="fl-cb"/>
      </object_component>
      <object_component id="oc-337">
         <name>.text:__c6xabi_isnan</name>
         <load_address>0x8000aa60</load_address>
         <run_address>0x8000aa60</run_address>
         <size>0x40</size>
         <input_file_ref idref="fl-bc"/>
      </object_component>
      <object_component id="oc-400">
         <name>.text:__c6xabi_llshru</name>
         <load_address>0x8000aaa0</load_address>
         <run_address>0x8000aaa0</run_address>
         <size>0x40</size>
         <input_file_ref idref="fl-cc"/>
      </object_component>
      <object_component id="oc-41">
         <name>.text:_args_main</name>
         <load_address>0x8000aae0</load_address>
         <run_address>0x8000aae0</run_address>
         <size>0x40</size>
         <input_file_ref idref="fl-bd"/>
      </object_component>
      <object_component id="oc-20a">
         <name>.text:_outs</name>
         <load_address>0x8000ab20</load_address>
         <run_address>0x8000ab20</run_address>
         <size>0x40</size>
         <input_file_ref idref="fl-b7"/>
      </object_component>
      <object_component id="oc-17b">
         <name>.text:delay</name>
         <load_address>0x8000ab60</load_address>
         <run_address>0x8000ab60</run_address>
         <size>0x40</size>
         <input_file_ref idref="fl-23"/>
      </object_component>
      <object_component id="oc-d0">
         <name>.text:dsp_delay</name>
         <load_address>0x8000aba0</load_address>
         <run_address>0x8000aba0</run_address>
         <size>0x40</size>
         <input_file_ref idref="fl-27"/>
      </object_component>
      <object_component id="oc-1cc">
         <name>.text:read_DONE</name>
         <load_address>0x8000abe0</load_address>
         <run_address>0x8000abe0</run_address>
         <size>0x40</size>
         <input_file_ref idref="fl-25"/>
      </object_component>
      <object_component id="oc-1ab">
         <name>.text:read_sda</name>
         <load_address>0x8000ac20</load_address>
         <run_address>0x8000ac20</run_address>
         <size>0x40</size>
         <input_file_ref idref="fl-23"/>
      </object_component>
      <object_component id="oc-356">
         <name>.text:__c6xabi_negll</name>
         <load_address>0x8000ac60</load_address>
         <run_address>0x8000ac60</run_address>
         <size>0x20</size>
         <input_file_ref idref="fl-cf"/>
      </object_component>
      <object_component id="oc-222">
         <name>.text:_nop</name>
         <load_address>0x8000ac80</load_address>
         <run_address>0x8000ac80</run_address>
         <size>0x20</size>
         <input_file_ref idref="fl-bb"/>
      </object_component>
      <object_component id="oc-16d">
         <name>.text:_outc</name>
         <load_address>0x8000aca0</load_address>
         <run_address>0x8000aca0</run_address>
         <size>0x20</size>
         <input_file_ref idref="fl-b4"/>
      </object_component>
      <object_component id="oc-205">
         <name>.text:_outc</name>
         <load_address>0x8000acc0</load_address>
         <run_address>0x8000acc0</run_address>
         <size>0x20</size>
         <input_file_ref idref="fl-b7"/>
      </object_component>
      <object_component id="oc-168">
         <name>.text:_outs</name>
         <load_address>0x8000ace0</load_address>
         <run_address>0x8000ace0</run_address>
         <size>0x20</size>
         <input_file_ref idref="fl-b4"/>
      </object_component>
      <object_component id="oc-93">
         <name>.text:abort</name>
         <load_address>0x8000ad00</load_address>
         <run_address>0x8000ad00</run_address>
         <size>0x20</size>
         <input_file_ref idref="fl-aa"/>
      </object_component>
      <object_component id="oc-21">
         <name>.text:decompress:none:__TI_decompress_none</name>
         <load_address>0x8000ad20</load_address>
         <run_address>0x8000ad20</run_address>
         <size>0x20</size>
         <input_file_ref idref="fl-a6"/>
      </object_component>
      <object_component id="oc-2b">
         <name>.text:decompress:rle24:__TI_decompress_rle24</name>
         <load_address>0x8000ad40</load_address>
         <run_address>0x8000ad40</run_address>
         <size>0x20</size>
         <input_file_ref idref="fl-a7"/>
      </object_component>
      <object_component id="oc-14c">
         <name>.text:read_reg</name>
         <load_address>0x8000ad60</load_address>
         <run_address>0x8000ad60</run_address>
         <size>0x20</size>
         <input_file_ref idref="fl-23"/>
      </object_component>
      <object_component id="oc-1c4">
         <name>.text:set_GCLK_H</name>
         <load_address>0x8000ad80</load_address>
         <run_address>0x8000ad80</run_address>
         <size>0x20</size>
         <input_file_ref idref="fl-25"/>
      </object_component>
      <object_component id="oc-1bc">
         <name>.text:set_GCLK_L</name>
         <load_address>0x8000ada0</load_address>
         <run_address>0x8000ada0</run_address>
         <size>0x20</size>
         <input_file_ref idref="fl-25"/>
      </object_component>
      <object_component id="oc-18b">
         <name>.text:set_scl_H</name>
         <load_address>0x8000adc0</load_address>
         <run_address>0x8000adc0</run_address>
         <size>0x20</size>
         <input_file_ref idref="fl-23"/>
      </object_component>
      <object_component id="oc-183">
         <name>.text:set_scl_L</name>
         <load_address>0x8000ade0</load_address>
         <run_address>0x8000ade0</run_address>
         <size>0x20</size>
         <input_file_ref idref="fl-23"/>
      </object_component>
      <object_component id="oc-144">
         <name>.text:write_reg</name>
         <load_address>0x8000ae00</load_address>
         <run_address>0x8000ae00</run_address>
         <size>0x20</size>
         <input_file_ref idref="fl-26"/>
      </object_component>
      <object_component id="oc-36">
         <name>.stack</name>
         <uninitialized>true</uninitialized>
         <run_address>0x80011490</run_address>
         <size>0x8</size>
         <input_file_ref idref="fl-a5"/>
      </object_component>
      <object_component id="oc-475">
         <name>.stack</name>
         <uninitialized>true</uninitialized>
         <run_address>0x80011490</run_address>
         <size>0x0</size>
      </object_component>
      <object_component id="oc-f8">
         <name>.bss</name>
         <uninitialized>true</uninitialized>
         <run_address>0x80012a80</run_address>
         <size>0x8</size>
         <input_file_ref idref="fl-26"/>
      </object_component>
      <object_component id="oc-41d">
         <name>.cio</name>
         <uninitialized>true</uninitialized>
         <run_address>0x80012960</run_address>
         <size>0x120</size>
         <input_file_ref idref="fl-b9"/>
      </object_component>
      <object_component id="oc-332">
         <name>.const:.string:_ctypes_</name>
         <load_address>0x800127b8</load_address>
         <run_address>0x800127b8</run_address>
         <size>0x101</size>
         <input_file_ref idref="fl-c2"/>
      </object_component>
      <object_component id="oc-123">
         <name>.const:.string</name>
         <load_address>0x800128bc</load_address>
         <run_address>0x800128bc</run_address>
         <size>0x34</size>
         <input_file_ref idref="fl-26"/>
      </object_component>
      <object_component id="oc-f7">
         <name>.const:.string</name>
         <load_address>0x800128f0</load_address>
         <run_address>0x800128f0</run_address>
         <size>0x30</size>
         <input_file_ref idref="fl-27"/>
      </object_component>
      <object_component id="oc-2d8">
         <name>.const:.string</name>
         <load_address>0x80012920</load_address>
         <run_address>0x80012920</run_address>
         <size>0x23</size>
         <input_file_ref idref="fl-bc"/>
      </object_component>
      <object_component id="oc-160">
         <name>.const:.string</name>
         <load_address>0x80012944</load_address>
         <run_address>0x80012944</run_address>
         <size>0x18</size>
         <input_file_ref idref="fl-21"/>
      </object_component>
      <object_component id="oc-39">
         <name>.sysmem</name>
         <uninitialized>true</uninitialized>
         <run_address>0x80011c90</run_address>
         <size>0x8</size>
         <input_file_ref idref="fl-b2"/>
      </object_component>
      <object_component id="oc-476">
         <name>.sysmem</name>
         <uninitialized>true</uninitialized>
         <run_address>0x80011c90</run_address>
         <size>0x0</size>
      </object_component>
      <object_component id="oc-6a">
         <name>.far</name>
         <uninitialized>true</uninitialized>
         <run_address>0x80011108</run_address>
         <size>0x240</size>
         <input_file_ref idref="fl-29"/>
      </object_component>
      <object_component id="oc-f4">
         <name>.far</name>
         <uninitialized>true</uninitialized>
         <run_address>0x8000ae20</run_address>
         <size>0x62e8</size>
         <input_file_ref idref="fl-27"/>
      </object_component>
      <object_component id="oc-2a6">
         <name>.far</name>
         <uninitialized>true</uninitialized>
         <run_address>0x80011348</run_address>
         <size>0x140</size>
         <input_file_ref idref="fl-c3"/>
      </object_component>
      <object_component id="oc-3df">
         <name>.far</name>
         <uninitialized>true</uninitialized>
         <run_address>0x80011488</run_address>
         <size>0x8</size>
         <input_file_ref idref="fl-b8"/>
      </object_component>
      <object_component id="oc-474">
         <name>.cinit..fardata.load</name>
         <load_address>0x80012a88</load_address>
         <run_address>0x80012a88</run_address>
         <size>0x72</size>
      </object_component>
      <object_component id="oc-470">
         <name>__TI_handler_table</name>
         <load_address>0x80012afc</load_address>
         <run_address>0x80012afc</run_address>
         <size>0xc</size>
      </object_component>
      <object_component id="oc-472">
         <name>.cinit..bss.load</name>
         <load_address>0x80012b08</load_address>
         <run_address>0x80012b08</run_address>
         <size>0x8</size>
      </object_component>
      <object_component id="oc-473">
         <name>.cinit..far.load</name>
         <load_address>0x80012b10</load_address>
         <run_address>0x80012b10</run_address>
         <size>0x8</size>
      </object_component>
      <object_component id="oc-471">
         <name>__TI_cinit_table</name>
         <load_address>0x80012b18</load_address>
         <run_address>0x80012b18</run_address>
         <size>0x18</size>
      </object_component>
      <object_component id="oc-90">
         <name>.fardata</name>
         <load_address>0x80012788</load_address>
         <run_address>0x80012788</run_address>
         <size>0xc</size>
         <input_file_ref idref="fl-aa"/>
      </object_component>
      <object_component id="oc-162">
         <name>.fardata</name>
         <load_address>0x800127a0</load_address>
         <run_address>0x800127a0</run_address>
         <size>0x8</size>
         <input_file_ref idref="fl-bb"/>
      </object_component>
      <object_component id="oc-165">
         <name>.fardata:_ftable</name>
         <load_address>0x80012490</load_address>
         <run_address>0x80012490</run_address>
         <size>0x1e0</size>
         <input_file_ref idref="fl-c3"/>
      </object_component>
      <object_component id="oc-261">
         <name>.fardata</name>
         <load_address>0x800127ac</load_address>
         <run_address>0x800127ac</run_address>
         <size>0x4</size>
         <input_file_ref idref="fl-ad"/>
      </object_component>
      <object_component id="oc-262">
         <name>.fardata</name>
         <load_address>0x800127a8</load_address>
         <run_address>0x800127a8</run_address>
         <size>0x4</size>
         <input_file_ref idref="fl-c3"/>
      </object_component>
      <object_component id="oc-28c">
         <name>.fardata:_stream</name>
         <load_address>0x80012670</load_address>
         <run_address>0x80012670</run_address>
         <size>0xa0</size>
         <input_file_ref idref="fl-af"/>
      </object_component>
      <object_component id="oc-304">
         <name>.fardata:_device</name>
         <load_address>0x80012710</load_address>
         <run_address>0x80012710</run_address>
         <size>0x78</size>
         <input_file_ref idref="fl-af"/>
      </object_component>
      <object_component id="oc-315">
         <name>.fardata</name>
         <load_address>0x80012794</load_address>
         <run_address>0x80012794</run_address>
         <size>0xc</size>
         <input_file_ref idref="fl-b2"/>
      </object_component>
      <object_component id="oc-365">
         <name>.fardata</name>
         <load_address>0x800127b0</load_address>
         <run_address>0x800127b0</run_address>
         <size>0x4</size>
         <input_file_ref idref="fl-af"/>
      </object_component>
      <object_component id="oc-19">
         <name>.debug_info</name>
         <load_address>0x0</load_address>
         <run_address>0x0</run_address>
         <size>0xf3</size>
         <input_file_ref idref="fl-2a"/>
      </object_component>
      <object_component id="oc-1d">
         <name>.debug_info</name>
         <load_address>0xf3</load_address>
         <run_address>0xf3</run_address>
         <size>0x111</size>
         <input_file_ref idref="fl-a5"/>
      </object_component>
      <object_component id="oc-22">
         <name>.debug_info</name>
         <load_address>0x204</load_address>
         <run_address>0x204</run_address>
         <size>0x150</size>
         <input_file_ref idref="fl-a6"/>
      </object_component>
      <object_component id="oc-27">
         <name>.debug_info</name>
         <load_address>0x354</load_address>
         <run_address>0x354</run_address>
         <size>0x191</size>
         <input_file_ref idref="fl-a8"/>
      </object_component>
      <object_component id="oc-2c">
         <name>.debug_info</name>
         <load_address>0x4e5</load_address>
         <run_address>0x4e5</run_address>
         <size>0x16d</size>
         <input_file_ref idref="fl-a7"/>
      </object_component>
      <object_component id="oc-31">
         <name>.debug_info</name>
         <load_address>0x652</load_address>
         <run_address>0x652</run_address>
         <size>0x9a7</size>
         <input_file_ref idref="fl-29"/>
      </object_component>
      <object_component id="oc-37">
         <name>.debug_info</name>
         <load_address>0xff9</load_address>
         <run_address>0xff9</run_address>
         <size>0xa8</size>
         <input_file_ref idref="fl-a5"/>
      </object_component>
      <object_component id="oc-3a">
         <name>.debug_info</name>
         <load_address>0x10a1</load_address>
         <run_address>0x10a1</run_address>
         <size>0xb4</size>
         <input_file_ref idref="fl-b2"/>
      </object_component>
      <object_component id="oc-3d">
         <name>.debug_info</name>
         <load_address>0x1155</load_address>
         <run_address>0x1155</run_address>
         <size>0x191</size>
         <input_file_ref idref="fl-bf"/>
      </object_component>
      <object_component id="oc-42">
         <name>.debug_info</name>
         <load_address>0x12e6</load_address>
         <run_address>0x12e6</run_address>
         <size>0xf7</size>
         <input_file_ref idref="fl-bd"/>
      </object_component>
      <object_component id="oc-47">
         <name>.debug_info</name>
         <load_address>0x13dd</load_address>
         <run_address>0x13dd</run_address>
         <size>0x10d</size>
         <input_file_ref idref="fl-aa"/>
      </object_component>
      <object_component id="oc-4e">
         <name>.debug_info</name>
         <load_address>0x14ea</load_address>
         <run_address>0x14ea</run_address>
         <size>0xd5</size>
         <input_file_ref idref="fl-b1"/>
      </object_component>
      <object_component id="oc-53">
         <name>.debug_info</name>
         <load_address>0x15bf</load_address>
         <run_address>0x15bf</run_address>
         <size>0x53</size>
         <input_file_ref idref="fl-a6"/>
      </object_component>
      <object_component id="oc-59">
         <name>.debug_info</name>
         <load_address>0x1612</load_address>
         <run_address>0x1612</run_address>
         <size>0x53</size>
         <input_file_ref idref="fl-a8"/>
      </object_component>
      <object_component id="oc-5f">
         <name>.debug_info</name>
         <load_address>0x1665</load_address>
         <run_address>0x1665</run_address>
         <size>0x2f3</size>
         <input_file_ref idref="fl-a7"/>
      </object_component>
      <object_component id="oc-64">
         <name>.debug_info</name>
         <load_address>0x1958</load_address>
         <run_address>0x1958</run_address>
         <size>0x1d8</size>
         <input_file_ref idref="fl-a7"/>
      </object_component>
      <object_component id="oc-65">
         <name>.debug_info</name>
         <load_address>0x1b30</load_address>
         <run_address>0x1b30</run_address>
         <size>0x46</size>
         <input_file_ref idref="fl-a7"/>
      </object_component>
      <object_component id="oc-6b">
         <name>.debug_info</name>
         <load_address>0x1b76</load_address>
         <run_address>0x1b76</run_address>
         <size>0x103</size>
         <input_file_ref idref="fl-29"/>
      </object_component>
      <object_component id="oc-70">
         <name>.debug_info</name>
         <load_address>0x1c79</load_address>
         <run_address>0x1c79</run_address>
         <size>0xfd</size>
         <input_file_ref idref="fl-a5"/>
      </object_component>
      <object_component id="oc-73">
         <name>.debug_info</name>
         <load_address>0x1d76</load_address>
         <run_address>0x1d76</run_address>
         <size>0x16b</size>
         <input_file_ref idref="fl-b2"/>
      </object_component>
      <object_component id="oc-75">
         <name>.debug_info</name>
         <load_address>0x1ee1</load_address>
         <run_address>0x1ee1</run_address>
         <size>0x18f</size>
         <input_file_ref idref="fl-c1"/>
      </object_component>
      <object_component id="oc-7a">
         <name>.debug_info</name>
         <load_address>0x2070</load_address>
         <run_address>0x2070</run_address>
         <size>0x165</size>
         <input_file_ref idref="fl-d1"/>
      </object_component>
      <object_component id="oc-7f">
         <name>.debug_info</name>
         <load_address>0x21d5</load_address>
         <run_address>0x21d5</run_address>
         <size>0x160</size>
         <input_file_ref idref="fl-c0"/>
      </object_component>
      <object_component id="oc-85">
         <name>.debug_info</name>
         <load_address>0x2335</load_address>
         <run_address>0x2335</run_address>
         <size>0x515</size>
         <input_file_ref idref="fl-27"/>
      </object_component>
      <object_component id="oc-8b">
         <name>.debug_info</name>
         <load_address>0x284a</load_address>
         <run_address>0x284a</run_address>
         <size>0x94</size>
         <input_file_ref idref="fl-a5"/>
      </object_component>
      <object_component id="oc-91">
         <name>.debug_info</name>
         <load_address>0x28de</load_address>
         <run_address>0x28de</run_address>
         <size>0x128</size>
         <input_file_ref idref="fl-aa"/>
      </object_component>
      <object_component id="oc-94">
         <name>.debug_info</name>
         <load_address>0x2a06</load_address>
         <run_address>0x2a06</run_address>
         <size>0x11f</size>
         <input_file_ref idref="fl-aa"/>
      </object_component>
      <object_component id="oc-99">
         <name>.debug_info</name>
         <load_address>0x2b25</load_address>
         <run_address>0x2b25</run_address>
         <size>0x8d</size>
         <input_file_ref idref="fl-a6"/>
      </object_component>
      <object_component id="oc-9f">
         <name>.debug_info</name>
         <load_address>0x2bb2</load_address>
         <run_address>0x2bb2</run_address>
         <size>0x46</size>
         <input_file_ref idref="fl-a6"/>
      </object_component>
      <object_component id="oc-a4">
         <name>.debug_info</name>
         <load_address>0x2bf8</load_address>
         <run_address>0x2bf8</run_address>
         <size>0xe6</size>
         <input_file_ref idref="fl-a6"/>
      </object_component>
      <object_component id="oc-a5">
         <name>.debug_info</name>
         <load_address>0x2cde</load_address>
         <run_address>0x2cde</run_address>
         <size>0x2c</size>
         <input_file_ref idref="fl-a7"/>
      </object_component>
      <object_component id="oc-aa">
         <name>.debug_info</name>
         <load_address>0x2d0a</load_address>
         <run_address>0x2d0a</run_address>
         <size>0x1ce</size>
         <input_file_ref idref="fl-a8"/>
      </object_component>
      <object_component id="oc-b0">
         <name>.debug_info</name>
         <load_address>0x2ed8</load_address>
         <run_address>0x2ed8</run_address>
         <size>0x1ba</size>
         <input_file_ref idref="fl-29"/>
      </object_component>
      <object_component id="oc-b5">
         <name>.debug_info</name>
         <load_address>0x3092</load_address>
         <run_address>0x3092</run_address>
         <size>0x110</size>
         <input_file_ref idref="fl-aa"/>
      </object_component>
      <object_component id="oc-ba">
         <name>.debug_info</name>
         <load_address>0x31a2</load_address>
         <run_address>0x31a2</run_address>
         <size>0x70</size>
         <input_file_ref idref="fl-b2"/>
      </object_component>
      <object_component id="oc-c0">
         <name>.debug_info</name>
         <load_address>0x3212</load_address>
         <run_address>0x3212</run_address>
         <size>0x141</size>
         <input_file_ref idref="fl-c1"/>
      </object_component>
      <object_component id="oc-c2">
         <name>.debug_info</name>
         <load_address>0x3353</load_address>
         <run_address>0x3353</run_address>
         <size>0x254</size>
         <input_file_ref idref="fl-d1"/>
      </object_component>
      <object_component id="oc-c5">
         <name>.debug_info</name>
         <load_address>0x35a7</load_address>
         <run_address>0x35a7</run_address>
         <size>0x6f0</size>
         <input_file_ref idref="fl-26"/>
      </object_component>
      <object_component id="oc-cb">
         <name>.debug_info</name>
         <load_address>0x3c97</load_address>
         <run_address>0x3c97</run_address>
         <size>0x5a1</size>
         <input_file_ref idref="fl-21"/>
      </object_component>
      <object_component id="oc-d1">
         <name>.debug_info</name>
         <load_address>0x4238</load_address>
         <run_address>0x4238</run_address>
         <size>0x9c</size>
         <input_file_ref idref="fl-27"/>
      </object_component>
      <object_component id="oc-d9">
         <name>.debug_info</name>
         <load_address>0x42d4</load_address>
         <run_address>0x42d4</run_address>
         <size>0x128</size>
         <input_file_ref idref="fl-b4"/>
      </object_component>
      <object_component id="oc-de">
         <name>.debug_info</name>
         <load_address>0x43fc</load_address>
         <run_address>0x43fc</run_address>
         <size>0x14e3</size>
         <input_file_ref idref="fl-1f"/>
      </object_component>
      <object_component id="oc-e4">
         <name>.debug_info</name>
         <load_address>0x58df</load_address>
         <run_address>0x58df</run_address>
         <size>0xdcf</size>
         <input_file_ref idref="fl-23"/>
      </object_component>
      <object_component id="oc-ea">
         <name>.debug_info</name>
         <load_address>0x66ae</load_address>
         <run_address>0x66ae</run_address>
         <size>0x4a8</size>
         <input_file_ref idref="fl-25"/>
      </object_component>
      <object_component id="oc-f0">
         <name>.debug_info</name>
         <load_address>0x6b56</load_address>
         <run_address>0x6b56</run_address>
         <size>0xc8</size>
         <input_file_ref idref="fl-b5"/>
      </object_component>
      <object_component id="oc-f5">
         <name>.debug_info</name>
         <load_address>0x6c1e</load_address>
         <run_address>0x6c1e</run_address>
         <size>0xec</size>
         <input_file_ref idref="fl-27"/>
      </object_component>
      <object_component id="oc-f9">
         <name>.debug_info</name>
         <load_address>0x6d0a</load_address>
         <run_address>0x6d0a</run_address>
         <size>0xf2</size>
         <input_file_ref idref="fl-26"/>
      </object_component>
      <object_component id="oc-fc">
         <name>.debug_info</name>
         <load_address>0x6dfc</load_address>
         <run_address>0x6dfc</run_address>
         <size>0x1d9</size>
         <input_file_ref idref="fl-b"/>
      </object_component>
      <object_component id="oc-101">
         <name>.debug_info</name>
         <load_address>0x6fd5</load_address>
         <run_address>0x6fd5</run_address>
         <size>0x8f</size>
         <input_file_ref idref="fl-7"/>
      </object_component>
      <object_component id="oc-108">
         <name>.debug_info</name>
         <load_address>0x7064</load_address>
         <run_address>0x7064</run_address>
         <size>0x12c</size>
         <input_file_ref idref="fl-aa"/>
      </object_component>
      <object_component id="oc-110">
         <name>.debug_info</name>
         <load_address>0x7190</load_address>
         <run_address>0x7190</run_address>
         <size>0x8d</size>
         <input_file_ref idref="fl-28"/>
      </object_component>
      <object_component id="oc-115">
         <name>.debug_info</name>
         <load_address>0x721d</load_address>
         <run_address>0x721d</run_address>
         <size>0x2c</size>
         <input_file_ref idref="fl-26"/>
      </object_component>
      <object_component id="oc-11c">
         <name>.debug_info</name>
         <load_address>0x7249</load_address>
         <run_address>0x7249</run_address>
         <size>0xcd</size>
         <input_file_ref idref="fl-c1"/>
      </object_component>
      <object_component id="oc-125">
         <name>.debug_info</name>
         <load_address>0x7316</load_address>
         <run_address>0x7316</run_address>
         <size>0x137</size>
         <input_file_ref idref="fl-ad"/>
      </object_component>
      <object_component id="oc-12a">
         <name>.debug_info</name>
         <load_address>0x744d</load_address>
         <run_address>0x744d</run_address>
         <size>0x437</size>
         <input_file_ref idref="fl-ae"/>
      </object_component>
      <object_component id="oc-12f">
         <name>.debug_info</name>
         <load_address>0x7884</load_address>
         <run_address>0x7884</run_address>
         <size>0x129</size>
         <input_file_ref idref="fl-b7"/>
      </object_component>
      <object_component id="oc-134">
         <name>.debug_info</name>
         <load_address>0x79ad</load_address>
         <run_address>0x79ad</run_address>
         <size>0x113</size>
         <input_file_ref idref="fl-ab"/>
      </object_component>
      <object_component id="oc-139">
         <name>.debug_info</name>
         <load_address>0x7ac0</load_address>
         <run_address>0x7ac0</run_address>
         <size>0x28d</size>
         <input_file_ref idref="fl-20"/>
      </object_component>
      <object_component id="oc-13f">
         <name>.debug_info</name>
         <load_address>0x7d4d</load_address>
         <run_address>0x7d4d</run_address>
         <size>0x18c4</size>
         <input_file_ref idref="fl-29"/>
      </object_component>
      <object_component id="oc-145">
         <name>.debug_info</name>
         <load_address>0x9611</load_address>
         <run_address>0x9611</run_address>
         <size>0x92</size>
         <input_file_ref idref="fl-26"/>
      </object_component>
      <object_component id="oc-14d">
         <name>.debug_info</name>
         <load_address>0x96a3</load_address>
         <run_address>0x96a3</run_address>
         <size>0x77</size>
         <input_file_ref idref="fl-23"/>
      </object_component>
      <object_component id="oc-155">
         <name>.debug_info</name>
         <load_address>0x971a</load_address>
         <run_address>0x971a</run_address>
         <size>0x3b1</size>
         <input_file_ref idref="fl-26"/>
      </object_component>
      <object_component id="oc-156">
         <name>.debug_info</name>
         <load_address>0x9acb</load_address>
         <run_address>0x9acb</run_address>
         <size>0x94</size>
         <input_file_ref idref="fl-6"/>
      </object_component>
      <object_component id="oc-15b">
         <name>.debug_info</name>
         <load_address>0x9b5f</load_address>
         <run_address>0x9b5f</run_address>
         <size>0xd0b</size>
         <input_file_ref idref="fl-26"/>
      </object_component>
      <object_component id="oc-163">
         <name>.debug_info</name>
         <load_address>0xa86a</load_address>
         <run_address>0xa86a</run_address>
         <size>0xc6</size>
         <input_file_ref idref="fl-bb"/>
      </object_component>
      <object_component id="oc-166">
         <name>.debug_info</name>
         <load_address>0xa930</load_address>
         <run_address>0xa930</run_address>
         <size>0xaa</size>
         <input_file_ref idref="fl-c3"/>
      </object_component>
      <object_component id="oc-169">
         <name>.debug_info</name>
         <load_address>0xa9da</load_address>
         <run_address>0xa9da</run_address>
         <size>0x10c</size>
         <input_file_ref idref="fl-b4"/>
      </object_component>
      <object_component id="oc-16e">
         <name>.debug_info</name>
         <load_address>0xaae6</load_address>
         <run_address>0xaae6</run_address>
         <size>0xfd</size>
         <input_file_ref idref="fl-b4"/>
      </object_component>
      <object_component id="oc-173">
         <name>.debug_info</name>
         <load_address>0xabe3</load_address>
         <run_address>0xabe3</run_address>
         <size>0x419</size>
         <input_file_ref idref="fl-bc"/>
      </object_component>
      <object_component id="oc-178">
         <name>.debug_info</name>
         <load_address>0xaffc</load_address>
         <run_address>0xaffc</run_address>
         <size>0x1e4</size>
         <input_file_ref idref="fl-b4"/>
      </object_component>
      <object_component id="oc-17a">
         <name>.debug_info</name>
         <load_address>0xb1e0</load_address>
         <run_address>0xb1e0</run_address>
         <size>0x1af</size>
         <input_file_ref idref="fl-1f"/>
      </object_component>
      <object_component id="oc-17c">
         <name>.debug_info</name>
         <load_address>0xb38f</load_address>
         <run_address>0xb38f</run_address>
         <size>0x9c</size>
         <input_file_ref idref="fl-23"/>
      </object_component>
      <object_component id="oc-184">
         <name>.debug_info</name>
         <load_address>0xb42b</load_address>
         <run_address>0xb42b</run_address>
         <size>0x54</size>
         <input_file_ref idref="fl-23"/>
      </object_component>
      <object_component id="oc-18c">
         <name>.debug_info</name>
         <load_address>0xb47f</load_address>
         <run_address>0xb47f</run_address>
         <size>0x54</size>
         <input_file_ref idref="fl-23"/>
      </object_component>
      <object_component id="oc-194">
         <name>.debug_info</name>
         <load_address>0xb4d3</load_address>
         <run_address>0xb4d3</run_address>
         <size>0x8a</size>
         <input_file_ref idref="fl-23"/>
      </object_component>
      <object_component id="oc-19c">
         <name>.debug_info</name>
         <load_address>0xb55d</load_address>
         <run_address>0xb55d</run_address>
         <size>0x73</size>
         <input_file_ref idref="fl-23"/>
      </object_component>
      <object_component id="oc-1a4">
         <name>.debug_info</name>
         <load_address>0xb5d0</load_address>
         <run_address>0xb5d0</run_address>
         <size>0x76</size>
         <input_file_ref idref="fl-23"/>
      </object_component>
      <object_component id="oc-1ac">
         <name>.debug_info</name>
         <load_address>0xb646</load_address>
         <run_address>0xb646</run_address>
         <size>0x6b</size>
         <input_file_ref idref="fl-23"/>
      </object_component>
      <object_component id="oc-1b4">
         <name>.debug_info</name>
         <load_address>0xb6b1</load_address>
         <run_address>0xb6b1</run_address>
         <size>0xc1</size>
         <input_file_ref idref="fl-23"/>
      </object_component>
      <object_component id="oc-1bd">
         <name>.debug_info</name>
         <load_address>0xb772</load_address>
         <run_address>0xb772</run_address>
         <size>0x54</size>
         <input_file_ref idref="fl-25"/>
      </object_component>
      <object_component id="oc-1c5">
         <name>.debug_info</name>
         <load_address>0xb7c6</load_address>
         <run_address>0xb7c6</run_address>
         <size>0x54</size>
         <input_file_ref idref="fl-25"/>
      </object_component>
      <object_component id="oc-1cd">
         <name>.debug_info</name>
         <load_address>0xb81a</load_address>
         <run_address>0xb81a</run_address>
         <size>0x68</size>
         <input_file_ref idref="fl-25"/>
      </object_component>
      <object_component id="oc-1d5">
         <name>.debug_info</name>
         <load_address>0xb882</load_address>
         <run_address>0xb882</run_address>
         <size>0xc4</size>
         <input_file_ref idref="fl-25"/>
      </object_component>
      <object_component id="oc-1d9">
         <name>.debug_info</name>
         <load_address>0xb946</load_address>
         <run_address>0xb946</run_address>
         <size>0x33a</size>
         <input_file_ref idref="fl-27"/>
      </object_component>
      <object_component id="oc-1df">
         <name>.debug_info</name>
         <load_address>0xbc80</load_address>
         <run_address>0xbc80</run_address>
         <size>0x19a</size>
         <input_file_ref idref="fl-ad"/>
      </object_component>
      <object_component id="oc-1e4">
         <name>.debug_info</name>
         <load_address>0xbe1a</load_address>
         <run_address>0xbe1a</run_address>
         <size>0x13b</size>
         <input_file_ref idref="fl-ad"/>
      </object_component>
      <object_component id="oc-1e9">
         <name>.debug_info</name>
         <load_address>0xbf55</load_address>
         <run_address>0xbf55</run_address>
         <size>0x1fa</size>
         <input_file_ref idref="fl-ad"/>
      </object_component>
      <object_component id="oc-1eb">
         <name>.debug_info</name>
         <load_address>0xc14f</load_address>
         <run_address>0xc14f</run_address>
         <size>0x116</size>
         <input_file_ref idref="fl-ba"/>
      </object_component>
      <object_component id="oc-1f0">
         <name>.debug_info</name>
         <load_address>0xc265</load_address>
         <run_address>0xc265</run_address>
         <size>0x104</size>
         <input_file_ref idref="fl-ac"/>
      </object_component>
      <object_component id="oc-1f5">
         <name>.debug_info</name>
         <load_address>0xc369</load_address>
         <run_address>0xc369</run_address>
         <size>0xc8</size>
         <input_file_ref idref="fl-a9"/>
      </object_component>
      <object_component id="oc-1fa">
         <name>.debug_info</name>
         <load_address>0xc431</load_address>
         <run_address>0xc431</run_address>
         <size>0x134</size>
         <input_file_ref idref="fl-af"/>
      </object_component>
      <object_component id="oc-1ff">
         <name>.debug_info</name>
         <load_address>0xc565</load_address>
         <run_address>0xc565</run_address>
         <size>0xc8</size>
         <input_file_ref idref="fl-ab"/>
      </object_component>
      <object_component id="oc-204">
         <name>.debug_info</name>
         <load_address>0xc62d</load_address>
         <run_address>0xc62d</run_address>
         <size>0x1b6</size>
         <input_file_ref idref="fl-ae"/>
      </object_component>
      <object_component id="oc-206">
         <name>.debug_info</name>
         <load_address>0xc7e3</load_address>
         <run_address>0xc7e3</run_address>
         <size>0xff</size>
         <input_file_ref idref="fl-b7"/>
      </object_component>
      <object_component id="oc-20b">
         <name>.debug_info</name>
         <load_address>0xc8e2</load_address>
         <run_address>0xc8e2</run_address>
         <size>0x11b</size>
         <input_file_ref idref="fl-b7"/>
      </object_component>
      <object_component id="oc-210">
         <name>.debug_info</name>
         <load_address>0xc9fd</load_address>
         <run_address>0xc9fd</run_address>
         <size>0x16b</size>
         <input_file_ref idref="fl-b7"/>
      </object_component>
      <object_component id="oc-212">
         <name>.debug_info</name>
         <load_address>0xcb68</load_address>
         <run_address>0xcb68</run_address>
         <size>0x147</size>
         <input_file_ref idref="fl-ab"/>
      </object_component>
      <object_component id="oc-217">
         <name>.debug_info</name>
         <load_address>0xccaf</load_address>
         <run_address>0xccaf</run_address>
         <size>0x1d3</size>
         <input_file_ref idref="fl-ab"/>
      </object_component>
      <object_component id="oc-219">
         <name>.debug_info</name>
[...]
         <name>upp_serialNum</name>
         <value>0x80012a80</value>
         <object_component_ref idref="oc-f8"/>
      </symbol>
      <symbol id="sm-2d3">
         <name>config_upp</name>
         <value>0x80005030</value>
         <object_component_ref idref="oc-c4"/>
      </symbol>
      <symbol id="sm-2d4">
         <name>dma_over</name>
         <value>0x80012a84</value>
         <object_component_ref idref="oc-f8"/>
      </symbol>
      <symbol id="sm-2d5">
         <name>write_reg</name>
         <value>0x8000ae00</value>
         <object_component_ref idref="oc-144"/>
      </symbol>
      <symbol id="sm-2d6">
         <name>savetofile</name>
         <value>0x80004f20</value>
         <object_component_ref idref="oc-c4"/>
      </symbol>
      <symbol id="sm-320">
         <name>recv_adc_buffer</name>
         <value>0x8000ae20</value>
         <object_component_ref idref="oc-f4"/>
      </symbol>
      <symbol id="sm-321">
         <name>fpga_upp_test</name>
         <value>0x80007200</value>
         <object_component_ref idref="oc-84"/>
      </symbol>
      <symbol id="sm-322">
         <name>main</name>
         <value>0x80007274</value>
         <object_component_ref idref="oc-84"/>
      </symbol>
      <symbol id="sm-323">
         <name>dsp_delay</name>
         <value>0x8000aba0</value>
         <object_component_ref idref="oc-d0"/>
      </symbol>
      <symbol id="sm-324">
         <name>light</name>
         <value>0x8000fd40</value>
         <object_component_ref idref="oc-f4"/>
      </symbol>
      <symbol id="sm-38f">
         <name>IntEventCombineRegister</name>
         <value>0x80002f58</value>
         <object_component_ref idref="oc-13e"/>
      </symbol>
      <symbol id="sm-390">
         <name>IntEventMap</name>
         <value>0x80002cbc</value>
         <object_component_ref idref="oc-13e"/>
      </symbol>
      <symbol id="sm-391">
         <name>_c674x_mask_int9_isr</name>
         <value>0x80000e30</value>
         <object_component_ref idref="oc-30"/>
      </symbol>
      <symbol id="sm-392">
         <name>IntUnRegister</name>
         <value>0x80002c94</value>
         <object_component_ref idref="oc-13e"/>
      </symbol>
      <symbol id="sm-393">
         <name>IntEnable</name>
         <value>0x80002f80</value>
         <object_component_ref idref="oc-13e"/>
      </symbol>
      <symbol id="sm-394">
         <name>_c674x_mask_int8_isr</name>
         <value>0x80000c68</value>
         <object_component_ref idref="oc-30"/>
      </symbol>
      <symbol id="sm-395">
         <name>IntGlobalRestore</name>
         <value>0x80003020</value>
         <object_component_ref idref="oc-13e"/>
      </symbol>
      <symbol id="sm-396">
         <name>_c674x_mask_int11_isr</name>
         <value>0x800011c0</value>
         <object_component_ref idref="oc-30"/>
      </symbol>
      <symbol id="sm-397">
         <name>IntGlobalEnable</name>
         <value>0x80002ff8</value>
         <object_component_ref idref="oc-13e"/>
      </symbol>
      <symbol id="sm-398">
         <name>IntEventClear</name>
         <value>0x80002d78</value>
         <object_component_ref idref="oc-13e"/>
      </symbol>
      <symbol id="sm-399">
         <name>_c674x_mask_int7_isr</name>
         <value>0x80000aa4</value>
         <object_component_ref idref="oc-30"/>
      </symbol>
      <symbol id="sm-39a">
         <name>_c674x_mask_int10_isr</name>
         <value>0x80000ff8</value>
         <object_component_ref idref="oc-30"/>
      </symbol>
      <symbol id="sm-39b">
         <name>_c674x_mask_int6_isr</name>
         <value>0x800008e0</value>
         <object_component_ref idref="oc-30"/>
      </symbol>
      <symbol id="sm-39c">
         <name>ExcCombineRemove</name>
         <value>0x800030a0</value>
         <object_component_ref idref="oc-13e"/>
      </symbol>
      <symbol id="sm-39d">
         <name>_c674x_mask_int13_isr</name>
         <value>0x80001548</value>
         <object_component_ref idref="oc-30"/>
      </symbol>
      <symbol id="sm-39e">
         <name>IntDisable</name>
         <value>0x80002fb0</value>
         <object_component_ref idref="oc-13e"/>
      </symbol>
      <symbol id="sm-39f">
         <name>IntRegister</name>
         <value>0x80002c70</value>
         <object_component_ref idref="oc-13e"/>
      </symbol>
      <symbol id="sm-3a0">
         <name>ExcCombineAdd</name>
         <value>0x80003058</value>
         <object_component_ref idref="oc-13e"/>
      </symbol>
      <symbol id="sm-3a1">
         <name>IntGlobalDisable</name>
         <value>0x8000300c</value>
         <object_component_ref idref="oc-13e"/>
      </symbol>
      <symbol id="sm-3a2">
         <name>_c674x_rsvd_int3_isr</name>
         <value>0x80000388</value>
         <object_component_ref idref="oc-30"/>
      </symbol>
      <symbol id="sm-3a3">
         <name>_c674x_nmi_isr</name>
         <value>0x80000000</value>
         <object_component_ref idref="oc-30"/>
      </symbol>
      <symbol id="sm-3a4">
         <name>_c674x_mask_int5_isr</name>
         <value>0x80000718</value>
         <object_component_ref idref="oc-30"/>
      </symbol>
      <symbol id="sm-3a5">
         <name>_c674x_mask_int12_isr</name>
         <value>0x80001384</value>
         <object_component_ref idref="oc-30"/>
      </symbol>
      <symbol id="sm-3a6">
         <name>ExcGlobalEnable</name>
         <value>0x80003038</value>
         <object_component_ref idref="oc-13e"/>
      </symbol>
      <symbol id="sm-3a7">
         <name>_c674x_rsvd_int2_isr</name>
         <value>0x800001c4</value>
         <object_component_ref idref="oc-30"/>
      </symbol>
      <symbol id="sm-3a8">
         <name>_c674x_mask_int4_isr</name>
         <value>0x80000550</value>
         <object_component_ref idref="oc-30"/>
      </symbol>
      <symbol id="sm-3a9">
         <name>IntDSPINTCInit</name>
         <value>0x80002c00</value>
         <object_component_ref idref="oc-13e"/>
      </symbol>
      <symbol id="sm-3aa">
         <name>IntEventCombineInit</name>
         <value>0x80002db0</value>
         <object_component_ref idref="oc-13e"/>
      </symbol>
      <symbol id="sm-3ab">
         <name>_c674x_mask_int15_isr</name>
         <value>0x800018d8</value>
         <object_component_ref idref="oc-30"/>
      </symbol>
      <symbol id="sm-3ac">
         <name>IntEventSet</name>
         <value>0x80002d44</value>
         <object_component_ref idref="oc-13e"/>
      </symbol>
      <symbol id="sm-3ad">
         <name>IntEventCombineAdd</name>
         <value>0x80002eb4</value>
         <object_component_ref idref="oc-13e"/>
      </symbol>
      <symbol id="sm-3ae">
         <name>_c674x_mask_int14_isr</name>
         <value>0x80001710</value>
         <object_component_ref idref="oc-30"/>
      </symbol>
      <symbol id="sm-3af">
         <name>IntEventCombineRemove</name>
         <value>0x80002f08</value>
         <object_component_ref idref="oc-13e"/>
      </symbol>
      <symbol id="sm-3b0">
         <name>IntReset</name>
         <value>0x80002fe4</value>
         <object_component_ref idref="oc-13e"/>
      </symbol>
      <symbol id="sm-3b8">
         <name>_intcVectorTable</name>
         <value>0x80007000</value>
         <object_component_ref idref="oc-18"/>
      </symbol>
      <symbol id="sm-3d5">
         <name>_c_int00</name>
         <value>0x8000a440</value>
         <object_component_ref idref="oc-17"/>
      </symbol>
      <symbol id="sm-3d6">
         <name>_stack</name>
         <value>0x80011490</value>
         <object_component_ref idref="oc-36"/>
      </symbol>
      <symbol id="sm-3f0">
         <name>__TI_decompress_none</name>
         <value>0x8000ad20</value>
         <object_component_ref idref="oc-21"/>
      </symbol>
      <symbol id="sm-413">
         <name>__TI_decompress_rle24</name>
         <value>0x8000ad40</value>
         <object_component_ref idref="oc-2b"/>
      </symbol>
      <symbol id="sm-424">
         <name>__TI_zero_init</name>
         <value>0x800092c0</value>
         <object_component_ref idref="oc-26"/>
      </symbol>
      <symbol id="sm-42d">
         <name>__c6xabi_divu</name>
         <value>0x800097c0</value>
         <object_component_ref idref="oc-1f4"/>
      </symbol>
      <symbol id="sm-42e">
         <name>__divu</name>
         <value>0x800097c0</value>
         <object_component_ref idref="oc-1f4"/>
      </symbol>
      <symbol id="sm-450">
         <name>C$$EXIT</name>
         <value>0x8000ad00</value>
         <object_component_ref idref="oc-93"/>
      </symbol>
      <symbol id="sm-451">
         <name>_dtors_ptr</name>
         <value>0x8001278c</value>
         <object_component_ref idref="oc-90"/>
      </symbol>
      <symbol id="sm-452">
         <name>abort</name>
         <value>0x8000ad00</value>
         <object_component_ref idref="oc-93"/>
      </symbol>
      <symbol id="sm-453">
         <name>_cleanup_ptr</name>
         <value>0x80012788</value>
         <object_component_ref idref="oc-90"/>
      </symbol>
      <symbol id="sm-454">
         <name>exit</name>
         <value>0x80009ac0</value>
         <object_component_ref idref="oc-46"/>
      </symbol>
      <symbol id="sm-455">
         <name>__TI_enable_exit_profile_output</name>
         <value>0x80012790</value>
         <object_component_ref idref="oc-90"/>
      </symbol>
      <symbol id="sm-47f">
         <name>_closefile</name>
         <value>0x800086c0</value>
         <object_component_ref idref="oc-211"/>
      </symbol>
      <symbol id="sm-480">
         <name>fclose</name>
         <value>0x8000a620</value>
         <object_component_ref idref="oc-133"/>
      </symbol>
      <symbol id="sm-48e">
         <name>_doflush</name>
         <value>0x80009a00</value>
         <object_component_ref idref="oc-1ef"/>
      </symbol>
      <symbol id="sm-4c6">
         <name>fopen</name>
         <value>0x8000a680</value>
         <object_component_ref idref="oc-124"/>
      </symbol>
      <symbol id="sm-4c7">
         <name>_cleanup</name>
         <value>0x80009ce0</value>
         <object_component_ref idref="oc-26b"/>
      </symbol>
      <symbol id="sm-4f2">
         <name>fwrite</name>
         <value>0x80004260</value>
         <object_component_ref idref="oc-129"/>
      </symbol>
      <symbol id="sm-569">
         <name>open</name>
         <value>0x800082c0</value>
         <object_component_ref idref="oc-270"/>
      </symbol>
      <symbol id="sm-56a">
         <name>lseek</name>
         <value>0x8000a0a0</value>
         <object_component_ref idref="oc-2f2"/>
      </symbol>
      <symbol id="sm-56b">
         <name>write</name>
         <value>0x8000a320</value>
         <object_component_ref idref="oc-1f9"/>
      </symbol>
      <symbol id="sm-56c">
         <name>close</name>
         <value>0x800091e0</value>
         <object_component_ref idref="oc-29c"/>
      </symbol>
      <symbol id="sm-56d">
         <name>unlink</name>
         <value>0x8000a540</value>
         <object_component_ref idref="oc-2a1"/>
      </symbol>
      <symbol id="sm-576">
         <name>memcpy</name>
         <value>0x8000a140</value>
         <object_component_ref idref="oc-4d"/>
      </symbol>
      <symbol id="sm-5cd">
         <name>_sys_memory</name>
         <value>0x80011c90</value>
         <object_component_ref idref="oc-39"/>
      </symbol>
      <symbol id="sm-5ce">
         <name>free</name>
         <value>0x80005de0</value>
         <object_component_ref idref="oc-297"/>
      </symbol>
      <symbol id="sm-5cf">
         <name>malloc</name>
         <value>0x80008140</value>
         <object_component_ref idref="oc-2f9"/>
      </symbol>
      <symbol id="sm-5d0">
         <name>_minit</name>
         <value>0x80009ec0</value>
         <object_component_ref idref="oc-370"/>
      </symbol>
      <symbol id="sm-5dc">
         <name>memset</name>
         <value>0x80009480</value>
         <object_component_ref idref="oc-265"/>
      </symbol>
      <symbol id="sm-5fa">
         <name>printf</name>
         <value>0x80009560</value>
         <object_component_ref idref="oc-d8"/>
      </symbol>
      <symbol id="sm-603">
         <name>__remi</name>
         <value>0x80009880</value>
         <object_component_ref idref="oc-ef"/>
      </symbol>
      <symbol id="sm-604">
         <name>__c6xabi_remi</name>
         <value>0x80009880</value>
         <object_component_ref idref="oc-ef"/>
      </symbol>
      <symbol id="sm-623">
         <name>sprintf</name>
         <value>0x8000a860</value>
         <object_component_ref idref="oc-12e"/>
      </symbol>
      <symbol id="sm-668">
         <name>HOSTrename</name>
         <value>0x80007cc0</value>
         <object_component_ref idref="oc-396"/>
      </symbol>
      <symbol id="sm-669">
         <name>HOSTclose</name>
         <value>0x80009c40</value>
         <object_component_ref idref="oc-37d"/>
      </symbol>
      <symbol id="sm-66a">
         <name>HOSTunlink</name>
         <value>0x80009640</value>
         <object_component_ref idref="oc-391"/>
      </symbol>
      <symbol id="sm-66b">
         <name>HOSTlseek</name>
         <value>0x80008b40</value>
         <object_component_ref idref="oc-38c"/>
      </symbol>
      <symbol id="sm-66c">
         <name>HOSTopen</name>
         <value>0x80008f40</value>
         <object_component_ref idref="oc-378"/>
      </symbol>
      <symbol id="sm-66d">
         <name>HOSTwrite</name>
         <value>0x80009700</value>
         <object_component_ref idref="oc-387"/>
      </symbol>
      <symbol id="sm-66e">
         <name>HOSTread</name>
         <value>0x80009020</value>
         <object_component_ref idref="oc-382"/>
      </symbol>
      <symbol id="sm-686">
         <name>writemsg</name>
         <value>0x8000a980</value>
         <object_component_ref idref="oc-3e2"/>
      </symbol>
      <symbol id="sm-687">
         <name>C$$IO$$</name>
         <value>0x8000a9d8</value>
         <object_component_ref idref="oc-3e2"/>
      </symbol>
      <symbol id="sm-688">
         <name>__CIOBUF_</name>
         <value>0x80012960</value>
         <object_component_ref idref="oc-41d"/>
      </symbol>
      <symbol id="sm-689">
         <name>readmsg</name>
         <value>0x8000a4c0</value>
         <object_component_ref idref="oc-3e7"/>
      </symbol>
      <symbol id="sm-699">
         <name>_wrt_ok</name>
         <value>0x80008d40</value>
         <object_component_ref idref="oc-1ea"/>
      </symbol>
      <symbol id="sm-6a9">
         <name>_nop</name>
         <value>0x8000ac80</value>
         <object_component_ref idref="oc-222"/>
      </symbol>
      <symbol id="sm-6aa">
         <name>_lock</name>
         <value>0x800127a0</value>
         <object_component_ref idref="oc-162"/>
      </symbol>
      <symbol id="sm-6ab">
         <name>_unlock</name>
         <value>0x800127a4</value>
         <object_component_ref idref="oc-162"/>
      </symbol>
      <symbol id="sm-7fe">
         <name>_printfi</name>
         <value>0x80004720</value>
         <object_component_ref idref="oc-172"/>
      </symbol>
      <symbol id="sm-806">
         <name>_args_main</name>
         <value>0x8000aae0</value>
         <object_component_ref idref="oc-41"/>
      </symbol>
      <symbol id="sm-815">
         <name>atoi</name>
         <value>0x80009100</value>
         <object_component_ref idref="oc-2c3"/>
      </symbol>
      <symbol id="sm-822">
         <name>_auto_init_elf</name>
         <value>0x80008c40</value>
         <object_component_ref idref="oc-3c"/>
      </symbol>
      <symbol id="sm-82d">
         <name>__TI_cpp_init</name>
         <value>0x80006fa0</value>
         <object_component_ref idref="oc-7e"/>
      </symbol>
      <symbol id="sm-843">
         <name>copy_in</name>
         <value>0x80008e40</value>
         <object_component_ref idref="oc-74"/>
      </symbol>
      <symbol id="sm-84d">
         <name>_ctypes_</name>
         <value>0x800127b8</value>
         <object_component_ref idref="oc-332"/>
      </symbol>
      <symbol id="sm-861">
         <name>_tmpnams</name>
         <value>0x80011348</value>
         <object_component_ref idref="oc-2a6"/>
      </symbol>
      <symbol id="sm-862">
         <name>_ftable</name>
         <value>0x80012490</value>
         <object_component_ref idref="oc-165"/>
      </symbol>
      <symbol id="sm-863">
         <name>_ft_end</name>
         <value>0x800127a8</value>
         <object_component_ref idref="oc-262"/>
      </symbol>
      <symbol id="sm-878">
         <name>__c6xabi_divd</name>
         <value>0x800037a0</value>
         <object_component_ref idref="oc-3c3"/>
      </symbol>
      <symbol id="sm-894">
         <name>fputc</name>
         <value>0x80006980</value>
         <object_component_ref idref="oc-233"/>
      </symbol>
      <symbol id="sm-8b4">
         <name>fputs</name>
         <value>0x80004b80</value>
         <object_component_ref idref="oc-22d"/>
      </symbol>
      <symbol id="sm-8bc">
         <name>__c6xabi_frcmpyd_div</name>
         <value>0x8000a9e0</value>
         <object_component_ref idref="oc-405"/>
      </symbol>
      <symbol id="sm-8ce">
         <name>fseek</name>
         <value>0x80008a20</value>
         <object_component_ref idref="oc-27d"/>
      </symbol>
      <symbol id="sm-8d8">
         <name>__c6xabi_divul</name>
         <value>0x80007980</value>
         <object_component_ref idref="oc-410"/>
      </symbol>
      <symbol id="sm-8ee">
         <name>_subcull</name>
         <value>0x8000a5c0</value>
         <object_component_ref idref="oc-439"/>
      </symbol>
      <symbol id="sm-8ef">
         <name>__c6xabi_divull</name>
         <value>0x80006060</value>
         <object_component_ref idref="oc-415"/>
      </symbol>
      <symbol id="sm-8f7">
         <name>__c6xabi_isinf</name>
         <value>0x8000aa20</value>
         <object_component_ref idref="oc-33c"/>
      </symbol>
      <symbol id="sm-90f">
         <name>__c6xabi_llshru</name>
         <value>0x8000aaa0</value>
         <object_component_ref idref="oc-400"/>
      </symbol>
      <symbol id="sm-910">
         <name>__c6xabi_llshl</name>
         <value>0x8000a3c0</value>
         <object_component_ref idref="oc-434"/>
      </symbol>
      <symbol id="sm-91b">
         <name>ltoa</name>
         <value>0x800093a0</value>
         <object_component_ref idref="oc-3f6"/>
      </symbol>
      <symbol id="sm-929">
         <name>memccpy</name>
         <value>0x8000a6e0</value>
         <object_component_ref idref="oc-2d3"/>
      </symbol>
      <symbol id="sm-936">
         <name>__c6xabi_negll</name>
         <value>0x8000ac60</value>
         <object_component_ref idref="oc-356"/>
      </symbol>
      <symbol id="sm-94e">
         <name>setvbuf</name>
         <value>0x80007400</value>
         <object_component_ref idref="oc-282"/>
      </symbol>
      <symbol id="sm-95c">
         <name>__TI_tls_init</name>
         <value>0x80009b80</value>
         <object_component_ref idref="oc-79"/>
      </symbol>
      <symbol id="sm-95f">
         <name>__TI_STATIC_BASE</name>
         <value>0x80012a80</value>
      </symbol>
      <symbol id="sm-960">
         <name>__TI_args_main</name>
         <value>0x1</value>
      </symbol>
      <symbol id="sm-961">
         <name>__TI_INITARRAY_Base</name>
         <value>0x0</value>
      </symbol>
      <symbol id="sm-962">
         <name>__TI_INITARRAY_Limit</name>
         <value>0x0</value>
      </symbol>
      <symbol id="sm-963">
         <name>__TI_TLS_INIT_Base</name>
         <value>0x0</value>
      </symbol>
      <symbol id="sm-964">
         <name>__TI_TLS_INIT_Limit</name>
         <value>0x0</value>
      </symbol>
      <symbol id="sm-967">
         <name>remove</name>
         <value>0x8000a540</value>
      </symbol>
   </symbol_table>
</link_info>
