******************************************************************************
               TMS320C6x Linker PC v7.4.16                     
******************************************************************************
>> Linked Fri Jul 08 11:09:08 2016

OUTPUT FILE NAME:   <HZZD-ME138_Io_fpga.out>
ENTRY POINT SYMBOL: "_c_int00"  address: 8000a440


MEMORY CONFIGURATION

         name            origin    length      used     unused   attr    fill
----------------------  --------  ---------  --------  --------  ----  --------
  DSPL2ROM              00700000   00100000  00000000  00100000  RWIX
  DSPL2RAM              00800000   00040000  00000000  00040000  RWIX
  DSPL1PRAM             00e00000   00008000  00000000  00008000  RWIX
  DSPL1DRAM             00f00000   00008000  00000000  00008000  RWIX
  SHDSPL2ROM            11700000   00100000  00000000  00100000  RWIX
  SHDSPL2RAM            11800000   00040000  00000000  00040000  RWIX
  SHDSPL1PRAM           11e00000   00008000  00000000  00008000  RWIX
  SHDSPL1DRAM           11f00000   00008000  00000000  00008000  RWIX
  EMIFACS0              40000000   20000000  00000000  20000000  RWIX
  EMIFACS2              60000000   02000000  00000000  02000000  RWIX
  EMIFACS3              62000000   02000000  00000000  02000000  RWIX
  EMIFACS4              64000000   02000000  00000000  02000000  RWIX
  EMIFACS5              66000000   02000000  00000000  02000000  RWIX
  SHRAM                 80000000   00020000  00012b28  0000d4d8  RWIX
  DDR2                  c0000000   20000000  00000000  20000000  RWIX


SEGMENT ALLOCATION MAP

run origin  load origin   length   init length attrs members
----------  ----------- ---------- ----------- ----- -------
80000000    80000000    0000ae20   0000ae20    r-x
  80000000    80000000    0000ae20   0000ae20    r-x .text
8000ae20    8000ae20    00007670   00000000    rw-
  8000ae20    8000ae20    00006670   00000000    rw- .far
  80011490    80011490    00000800   00000000    rw- .stack
  80011c90    80011c90    00000800   00000000    rw- .sysmem
80012490    80012490    00000324   00000324    rw-
  80012490    80012490    00000324   00000324    rw- .fardata
800127b8    800127b8    000001a4   000001a4    r--
  800127b8    800127b8    000001a4   000001a4    r-- .const
80012960    80012960    00000128   00000000    rw-
  80012960    80012960    00000120   00000000    rw- .cio
  80012a80    80012a80    00000008   00000000    rw- .bss
80012a88    80012a88    000000a8   000000a8    r--
  80012a88    80012a88    000000a8   000000a8    r-- .cinit


SECTION ALLOCATION MAP

 output                                  attributes/
section   page    origin      length       input sections
--------  ----  ----------  ----------   ----------------
.init_array 
*          0    80000000    00000000     UNINITIALIZED

.text      0    80000000    0000ae20     
                  80000000    00001aa0     interrupt.obj (.text:retain)
                  80001aa0    00000ae0     evmomapl138.obj (.text)
                  80002580    00000680     ad9822.obj (.text)
                  80002c00    000005e0     interrupt.obj (.text)
                  800031e0    000005c0     rts6740_elf.lib : _printfi.obj (.text:_getarg_diouxp)
                  800037a0    000005a0                     : divd.obj (.text:__c6xabi_divd)
                  80003d40    00000520                     : _printfi.obj (.text:_setfield)
                  80004260    000004c0                     : fwrite.obj (.text:fwrite)
                  80004720    00000460                     : _printfi.obj (.text:_printfi)
                  80004b80    000003a0                     : fputs.obj (.text:fputs)
                  80004f20    00000380     fpga_upp.obj (.text)
                  800052a0    00000320     rts6740_elf.lib : _printfi.obj (.text:_pproc_fge)
                  800055c0    000002e0                     : _printfi.obj (.text:_pproc_fwp)
                  800058a0    000002a0                     : _printfi.obj (.text:ecvt)
                  80005b40    000002a0                     : _printfi.obj (.text:fcvt)
                  80005de0    00000280                     : memory.obj (.text:free)
                  80006060    00000260                     : imath64.obj (.text:__c6xabi_divull)
                  800062c0    00000260                     : _printfi.obj (.text:_pconv_e)
                  80006520    00000240                     : _printfi.obj (.text:_pproc_diouxp)
                  80006760    00000220                     : _printfi.obj (.text:_pproc_str)
                  80006980    00000220                     : fputc.obj (.text:fputc)
                  80006ba0    00000200     Io_fpga.obj (.text)
                  80006da0    00000200     rts6740_elf.lib : _printfi.obj (.text:_pconv_g)
                  80006fa0    00000060                     : cpp_init.obj (.text:__TI_cpp_init)
                  80007000    00000200     intvecs.obj (.text)
                  80007200    00000200     main.obj (.text)
                  80007400    00000200     rts6740_elf.lib : setvbuf.obj (.text:setvbuf)
                  80007600    000001c0                     : _printfi.obj (.text:_mcpy)
                  800077c0    000001c0                     : fopen.obj (.text:_openfile)
                  80007980    000001a0                     : imath40.obj (.text:__c6xabi_divul)
                  80007b20    000001a0     fpga_config.obj (.text)
                  80007cc0    00000180     rts6740_elf.lib : trgdrv.obj (.text:HOSTrename)
                  80007e40    00000180                     : copy_decompress_rle.obj (.text:__TI_decompress_rle_core)
                  80007fc0    00000180     evmomapl138_uPP.obj (.text)
                  80008140    00000180     rts6740_elf.lib : memory.obj (.text:malloc)
                  800082c0    00000180                     : lowlev.obj (.text:open)
                  80008440    00000140                     : _printfi.obj (.text:_pproc_fflags)
                  80008580    00000140                     : lowlev.obj (.text:getdevice)
                  800086c0    00000120                     : fclose.obj (.text:_closefile)
                  800087e0    00000120                     : _printfi.obj (.text:_ltostr)
                  80008900    00000120                     : fopen.obj (.text:_search_fp)
                  80008a20    00000120                     : fseek.obj (.text:fseek)
                  80008b40    00000100                     : trgdrv.obj (.text:HOSTlseek)
                  80008c40    00000100                     : autoinit.obj (.text:_auto_init_elf)
                  80008d40    00000100                     : _io_perm.obj (.text:_wrt_ok)
                  80008e40    00000100                     : cpy_tbl.obj (.text:copy_in)
                  80008f40    000000e0                     : trgdrv.obj (.text:HOSTopen)
                  80009020    000000e0                     : trgdrv.obj (.text:HOSTread)
                  80009100    000000e0                     : atoi.obj (.text:atoi)
                  800091e0    000000e0                     : lowlev.obj (.text:close)
                  800092c0    000000e0                     : copy_zero_init.obj (.text:decompress:ZI:__TI_zero_init)
                  800093a0    000000e0                     : ltoa.obj (.text:ltoa)
                  80009480    000000e0                     : memset.obj (.text:memset)
                  80009560    000000e0                     : printf.obj (.text:printf)
                  80009640    000000c0                     : trgdrv.obj (.text:HOSTunlink)
                  80009700    000000c0                     : trgdrv.obj (.text:HOSTwrite)
                  800097c0    000000c0                     : divu.obj (.text:__divu)
                  80009880    000000c0                     : remi.obj (.text:__remi)
                  80009940    000000c0                     : _printfi.obj (.text:_div)
                  80009a00    000000c0                     : fflush.obj (.text:_doflush)
                  80009ac0    000000c0                     : exit.obj (.text:exit)
                  80009b80    000000c0                     : tls.obj (.text:tls:init:__TI_tls_init)
                  80009c40    000000a0                     : trgdrv.obj (.text:HOSTclose)
                  80009ce0    000000a0                     : fopen.obj (.text:_cleanup)
                  80009d80    000000a0                     : _printfi.obj (.text:_ecpy)
                  80009e20    000000a0                     : _printfi.obj (.text:_fcpy)
                  80009ec0    000000a0                     : memory.obj (.text:_minit)
                  80009f60    000000a0                     : _printfi.obj (.text:_pconv_f)
                  8000a000    000000a0                     : lowlev.obj (.text:finddevice)
                  8000a0a0    000000a0                     : lowlev.obj (.text:lseek)
                  8000a140    000000a0                     : memcpy64.obj (.text:memcpy)
                  8000a1e0    000000a0                     : memory.obj (.text:minsert)
                  8000a280    000000a0                     : memory.obj (.text:mremove)
                  8000a320    000000a0                     : lowlev.obj (.text:write)
                  8000a3c0    00000080                     : llshift.obj (.text:__c6xabi_llshl)
                  8000a440    00000080                     : boot.obj (.text:_c_int00)
                  8000a4c0    00000080                     : trgmsg.obj (.text:readmsg)
                  8000a540    00000080                     : lowlev.obj (.text:unlink)
                  8000a5c0    00000060                     : imath64.obj (.text:_subcull)
                  8000a620    00000060                     : fclose.obj (.text:fclose)
                  8000a680    00000060                     : fopen.obj (.text:fopen)
                  8000a6e0    00000060                     : memccpy.obj (.text:memccpy)
                  8000a740    00000060     ad9822.obj (.text:set_en)
                  8000a7a0    00000060     ad9822.obj (.text:set_sda)
                  8000a800    00000060     ad9822.obj (.text:set_sdadir)
                  8000a860    00000060     rts6740_elf.lib : sprintf.obj (.text:sprintf)
                  8000a8c0    00000060                     : lowlev.obj (.text:tabinit)
                  8000a920    00000060     ad9822.obj (.text:write_mask_reg)
                  8000a980    00000060     rts6740_elf.lib : trgmsg.obj (.text:writemsg)
                  8000a9e0    00000040                     : frcmpyd_div.obj (.text:__c6xabi_frcmpyd_div)
                  8000aa20    00000040                     : isinf.obj (.text:__c6xabi_isinf)
                  8000aa60    00000040                     : _printfi.obj (.text:__c6xabi_isnan)
                  8000aaa0    00000040                     : llshift.obj (.text:__c6xabi_llshru)
                  8000aae0    00000040                     : args_main.obj (.text:_args_main)
                  8000ab20    00000040                     : sprintf.obj (.text:_outs)
                  8000ab60    00000040     ad9822.obj (.text:delay)
                  8000aba0    00000040     main.obj (.text:dsp_delay)
                  8000abe0    00000040     fpga_config.obj (.text:read_DONE)
                  8000ac20    00000040     ad9822.obj (.text:read_sda)
                  8000ac60    00000020     rts6740_elf.lib : negll.obj (.text:__c6xabi_negll)
                  8000ac80    00000020                     : _lock.obj (.text:_nop)
                  8000aca0    00000020                     : printf.obj (.text:_outc)
                  8000acc0    00000020                     : sprintf.obj (.text:_outc)
                  8000ace0    00000020                     : printf.obj (.text:_outs)
                  8000ad00    00000020                     : exit.obj (.text:abort)
                  8000ad20    00000020                     : copy_decompress_none.obj (.text:decompress:none:__TI_decompress_none)
                  8000ad40    00000020                     : copy_decompress_rle.obj (.text:decompress:rle24:__TI_decompress_rle24)
                  8000ad60    00000020     ad9822.obj (.text:read_reg)
                  8000ad80    00000020     fpga_config.obj (.text:set_GCLK_H)
                  8000ada0    00000020     fpga_config.obj (.text:set_GCLK_L)
                  8000adc0    00000020     ad9822.obj (.text:set_scl_H)
                  8000ade0    00000020     ad9822.obj (.text:set_scl_L)
                  8000ae00    00000020     fpga_upp.obj (.text:write_reg)

.far       0    8000ae20    00006670     UNINITIALIZED
                  8000ae20    000062e8     main.obj (.far)
                  80011108    00000240     interrupt.obj (.far)
                  80011348    00000140     rts6740_elf.lib : defs.obj (.far)
                  80011488    00000008                     : trgdrv.obj (.far)

.stack     0    80011490    00000800     UNINITIALIZED
                  80011490    00000008     rts6740_elf.lib : boot.obj (.stack)
                  80011498    000007f8     --HOLE--

.sysmem    0    80011c90    00000800     UNINITIALIZED
                  80011c90    00000008     rts6740_elf.lib : memory.obj (.sysmem)
                  80011c98    000007f8     --HOLE--

.fardata   0    80012490    00000324     
                  80012490    000001e0     rts6740_elf.lib : defs.obj (.fardata:_ftable)
                  80012670    000000a0                     : lowlev.obj (.fardata:_stream)
                  80012710    00000078                     : lowlev.obj (.fardata:_device)
                  80012788    0000000c                     : exit.obj (.fardata)
                  80012794    0000000c                     : memory.obj (.fardata)
                  800127a0    00000008                     : _lock.obj (.fardata)
                  800127a8    00000004                     : defs.obj (.fardata)
                  800127ac    00000004                     : fopen.obj (.fardata)
                  800127b0    00000004                     : lowlev.obj (.fardata)

.const     0    800127b8    000001a4     
                  800127b8    00000101     rts6740_elf.lib : ctype.obj (.const:.string:_ctypes_)
                  800128b9    00000003     --HOLE-- [fill = 0]
                  800128bc    00000034     fpga_upp.obj (.const:.string)
                  800128f0    00000030     main.obj (.const:.string)
                  80012920    00000023     rts6740_elf.lib : _printfi.obj (.const:.string)
                  80012943    00000001     --HOLE-- [fill = 0]
                  80012944    00000018     Io_fpga.obj (.const:.string)

.cio       0    80012960    00000120     UNINITIALIZED
                  80012960    00000120     rts6740_elf.lib : trgmsg.obj (.cio)

.bss       0    80012a80    00000008     UNINITIALIZED
                  80012a80    00000008     fpga_upp.obj (.bss)

.cinit     0    80012a88    000000a8     
                  80012a88    00000072     (.cinit..fardata.load) [load image, compression = rle]
                  80012afa    00000002     --HOLE-- [fill = 0]
                  80012afc    0000000c     (__TI_handler_table)
                  80012b08    00000008     (.cinit..bss.load) [load image, compression = zero_init]
                  80012b10    00000008     (.cinit..far.load) [load image, compression = zero_init]
                  80012b18    00000018     (__TI_cinit_table)


LINKER GENERATED COPY TABLES

__TI_cinit_table @ 80012b18 records: 3, size/record: 8, table size: 24
	.fardata: load addr=80012a88, load size=00000072 bytes, run addr=80012490, run size=00000324 bytes, compression=rle
	.bss: load addr=80012b08, load size=00000008 bytes, run addr=80012a80, run size=00000008 bytes, compression=zero_init
	.far: load addr=80012b10, load size=00000008 bytes, run addr=8000ae20, run size=00006670 bytes, compression=zero_init


LINKER GENERATED HANDLER TABLE

__TI_handler_table @ 80012afc records: 3, size/record: 4, table size: 12
	index: 0, handler: __TI_zero_init
	index: 1, handler: __TI_decompress_rle24
	index: 2, handler: __TI_decompress_none


GLOBAL SYMBOLS: SORTED ALPHABETICALLY BY Name 

address    name
--------   ----
80002958   AD_readRegister
8000270c   AD_writeRegister
8000ad00   C$$EXIT
8000a9d8   C$$IO$$
80006ba0   EMIF_init
80001c88   EVMOMAPL138_enableDsp
80001aa0   EVMOMAPL138_init
80001acc   EVMOMAPL138_initRAM
80001d58   EVMOMAPL138_lpscTransition
80001cb4   EVMOMAPL138_pinmuxConfig
80003058   ExcCombineAdd
800030a0   ExcCombineRemove
80003038   ExcGlobalEnable
80002b84   GPIO_AD_init
80009c40   HOSTclose
80008b40   HOSTlseek
80008f40   HOSTopen
80009020   HOSTread
80007cc0   HOSTrename
80009640   HOSTunlink
80009700   HOSTwrite
80002c00   IntDSPINTCInit
80002fb0   IntDisable
80002f80   IntEnable
80002d78   IntEventClear
80002eb4   IntEventCombineAdd
80002db0   IntEventCombineInit
80002f58   IntEventCombineRegister
80002f08   IntEventCombineRemove
80002cbc   IntEventMap
80002d44   IntEventSet
8000300c   IntGlobalDisable
80002ff8   IntGlobalEnable
80003020   IntGlobalRestore
80002c70   IntRegister
80002fe4   IntReset
80002c94   IntUnRegister
80007fc0   UPP_init
80002564   UTIL_isUIBoardAttached
80002548   UTIL_printMem
80012960   __CIOBUF_
80012b18   __TI_CINIT_Base
80012b30   __TI_CINIT_Limit
80012afc   __TI_Handler_Table_Base
80012b08   __TI_Handler_Table_Limit
UNDEFED    __TI_INITARRAY_Base
UNDEFED    __TI_INITARRAY_Limit
80011c90   __TI_STACK_END
00000800   __TI_STACK_SIZE
80012a80   __TI_STATIC_BASE
00000800   __TI_SYSMEM_SIZE
UNDEFED    __TI_TLS_INIT_Base
UNDEFED    __TI_TLS_INIT_Limit
00000001   __TI_args_main
80006fa0   __TI_cpp_init
8000ad20   __TI_decompress_none
8000ad40   __TI_decompress_rle24
80012790   __TI_enable_exit_profile_output
ffffffff   __TI_pprof_out_hndl
ffffffff   __TI_prof_data_size
ffffffff   __TI_prof_data_start
80009b80   __TI_tls_init
800092c0   __TI_zero_init
ffffffff   __binit__
800037a0   __c6xabi_divd
800097c0   __c6xabi_divu
80007980   __c6xabi_divul
80006060   __c6xabi_divull
8000a9e0   __c6xabi_frcmpyd_div
8000aa20   __c6xabi_isinf
8000a3c0   __c6xabi_llshl
8000aaa0   __c6xabi_llshru
8000ac60   __c6xabi_negll
80009880   __c6xabi_remi
ffffffff   __c_args__
800097c0   __divu
80009880   __remi
8000aae0   _args_main
80008c40   _auto_init_elf
80000ff8   _c674x_mask_int10_isr
800011c0   _c674x_mask_int11_isr
80001384   _c674x_mask_int12_isr
80001548   _c674x_mask_int13_isr
80001710   _c674x_mask_int14_isr
800018d8   _c674x_mask_int15_isr
80000550   _c674x_mask_int4_isr
80000718   _c674x_mask_int5_isr
800008e0   _c674x_mask_int6_isr
80000aa4   _c674x_mask_int7_isr
80000c68   _c674x_mask_int8_isr
80000e30   _c674x_mask_int9_isr
80000000   _c674x_nmi_isr
800001c4   _c674x_rsvd_int2_isr
80000388   _c674x_rsvd_int3_isr
8000a440   _c_int00
80009ce0   _cleanup
80012788   _cleanup_ptr
800086c0   _closefile
800127b8   _ctypes_
80009a00   _doflush
8001278c   _dtors_ptr
800127a8   _ft_end
80012490   _ftable
80007000   _intcVectorTable
800127a0   _lock
80009ec0   _minit
8000ac80   _nop
80004720   _printfi
80011490   _stack
8000a5c0   _subcull
80011c90   _sys_memory
80011348   _tmpnams
800127a4   _unlock
80008d40   _wrt_ok
8000ad00   abort
80009100   atoi
ffffffff   binit
800091e0   close
8000212c   config_pll0
80002364   config_pll1
80005030   config_upp
80008e40   copy_in
8000ab60   delay
80012a84   dma_over
8000aba0   dsp_delay
80009ac0   exit
8000a620   fclose
8000a680   fopen
80006c48   fpga_read_reg
80007200   fpga_upp_test
80007bcc   fpga_write
80006c70   fpga_write_reg
80006980   fputc
80004b80   fputs
80005de0   free
80008a20   fseek
80004260   fwrite
80002608   init_9822
80007b20   init_load_GPIO
8000fd40   light
80007c60   load_fpga
8000a0a0   lseek
800093a0   ltoa
80007274   main
80008140   malloc
8000a6e0   memccpy
8000a140   memcpy
80009480   memset
800082c0   open
80009560   printf
8000abe0   read_DONE
8000ad60   read_reg
8000ac20   read_sda
8000a4c0   readmsg
8000ae20   recv_adc_buffer
8000a540   remove
80004f20   savetofile
80007b80   set_DIN
8000ad80   set_GCLK_H
8000ada0   set_GCLK_L
8000a740   set_en
8000adc0   set_scl_H
8000ade0   set_scl_L
8000a7a0   set_sda
8000a800   set_sdadir
80007400   setvbuf
8000a860   sprintf
80002580   test_AD9822_reg
80006c90   test_fpga_reg
80005180   uPP_Isr
8000a540   unlink
80005208   upp_receive_fifo
80012a80   upp_serialNum
8000a320   write
8000a920   write_mask_reg
8000ae00   write_reg
8000a980   writemsg


GLOBAL SYMBOLS: SORTED BY Symbol Address 

address    name
--------   ----
00000001   __TI_args_main
00000800   __TI_STACK_SIZE
00000800   __TI_SYSMEM_SIZE
80000000   _c674x_nmi_isr
800001c4   _c674x_rsvd_int2_isr
80000388   _c674x_rsvd_int3_isr
80000550   _c674x_mask_int4_isr
80000718   _c674x_mask_int5_isr
800008e0   _c674x_mask_int6_isr
80000aa4   _c674x_mask_int7_isr
80000c68   _c674x_mask_int8_isr
80000e30   _c674x_mask_int9_isr
80000ff8   _c674x_mask_int10_isr
800011c0   _c674x_mask_int11_isr
80001384   _c674x_mask_int12_isr
80001548   _c674x_mask_int13_isr
80001710   _c674x_mask_int14_isr
800018d8   _c674x_mask_int15_isr
80001aa0   EVMOMAPL138_init
80001acc   EVMOMAPL138_initRAM
80001c88   EVMOMAPL138_enableDsp
80001cb4   EVMOMAPL138_pinmuxConfig
80001d58   EVMOMAPL138_lpscTransition
8000212c   config_pll0
80002364   config_pll1
80002548   UTIL_printMem
80002564   UTIL_isUIBoardAttached
80002580   test_AD9822_reg
80002608   init_9822
8000270c   AD_writeRegister
80002958   AD_readRegister
80002b84   GPIO_AD_init
80002c00   IntDSPINTCInit
80002c70   IntRegister
80002c94   IntUnRegister
80002cbc   IntEventMap
80002d44   IntEventSet
80002d78   IntEventClear
80002db0   IntEventCombineInit
80002eb4   IntEventCombineAdd
80002f08   IntEventCombineRemove
80002f58   IntEventCombineRegister
80002f80   IntEnable
80002fb0   IntDisable
80002fe4   IntReset
80002ff8   IntGlobalEnable
8000300c   IntGlobalDisable
80003020   IntGlobalRestore
80003038   ExcGlobalEnable
80003058   ExcCombineAdd
800030a0   ExcCombineRemove
800037a0   __c6xabi_divd
80004260   fwrite
80004720   _printfi
80004b80   fputs
80004f20   savetofile
80005030   config_upp
80005180   uPP_Isr
80005208   upp_receive_fifo
80005de0   free
80006060   __c6xabi_divull
80006980   fputc
80006ba0   EMIF_init
80006c48   fpga_read_reg
80006c70   fpga_write_reg
80006c90   test_fpga_reg
80006fa0   __TI_cpp_init
80007000   _intcVectorTable
80007200   fpga_upp_test
80007274   main
80007400   setvbuf
80007980   __c6xabi_divul
80007b20   init_load_GPIO
80007b80   set_DIN
80007bcc   fpga_write
80007c60   load_fpga
80007cc0   HOSTrename
80007fc0   UPP_init
80008140   malloc
800082c0   open
800086c0   _closefile
80008a20   fseek
80008b40   HOSTlseek
80008c40   _auto_init_elf
80008d40   _wrt_ok
80008e40   copy_in
80008f40   HOSTopen
80009020   HOSTread
80009100   atoi
800091e0   close
800092c0   __TI_zero_init
800093a0   ltoa
80009480   memset
80009560   printf
80009640   HOSTunlink
80009700   HOSTwrite
800097c0   __c6xabi_divu
800097c0   __divu
80009880   __c6xabi_remi
80009880   __remi
80009a00   _doflush
80009ac0   exit
80009b80   __TI_tls_init
80009c40   HOSTclose
80009ce0   _cleanup
80009ec0   _minit
8000a0a0   lseek
8000a140   memcpy
8000a320   write
8000a3c0   __c6xabi_llshl
8000a440   _c_int00
8000a4c0   readmsg
8000a540   remove
8000a540   unlink
8000a5c0   _subcull
8000a620   fclose
8000a680   fopen
8000a6e0   memccpy
8000a740   set_en
8000a7a0   set_sda
8000a800   set_sdadir
8000a860   sprintf
8000a920   write_mask_reg
8000a980   writemsg
8000a9d8   C$$IO$$
8000a9e0   __c6xabi_frcmpyd_div
8000aa20   __c6xabi_isinf
8000aaa0   __c6xabi_llshru
8000aae0   _args_main
8000ab60   delay
8000aba0   dsp_delay
8000abe0   read_DONE
8000ac20   read_sda
8000ac60   __c6xabi_negll
8000ac80   _nop
8000ad00   C$$EXIT
8000ad00   abort
8000ad20   __TI_decompress_none
8000ad40   __TI_decompress_rle24
8000ad60   read_reg
8000ad80   set_GCLK_H
8000ada0   set_GCLK_L
8000adc0   set_scl_H
8000ade0   set_scl_L
8000ae00   write_reg
8000ae20   recv_adc_buffer
8000fd40   light
80011348   _tmpnams
80011490   _stack
80011c90   __TI_STACK_END
80011c90   _sys_memory
80012490   _ftable
80012788   _cleanup_ptr
8001278c   _dtors_ptr
80012790   __TI_enable_exit_profile_output
800127a0   _lock
800127a4   _unlock
800127a8   _ft_end
800127b8   _ctypes_
80012960   __CIOBUF_
80012a80   __TI_STATIC_BASE
80012a80   upp_serialNum
80012a84   dma_over
80012afc   __TI_Handler_Table_Base
80012b08   __TI_Handler_Table_Limit
80012b18   __TI_CINIT_Base
80012b30   __TI_CINIT_Limit
ffffffff   __TI_pprof_out_hndl
ffffffff   __TI_prof_data_size
ffffffff   __TI_prof_data_start
ffffffff   __binit__
ffffffff   __c_args__
ffffffff   binit
UNDEFED    __TI_INITARRAY_Base
UNDEFED    __TI_INITARRAY_Limit
UNDEFED    __TI_TLS_INIT_Base
UNDEFED    __TI_TLS_INIT_Limit

[177 symbols]
